<html>
<body>
<pre>
<h1>µVision Build Log</h1>
<h2>Project:</h2>
C:\Keil\Labware\SpaceInvaders\SpaceInvaders.uvproj
Project File Date:  03/18/2021

<h2>Output:</h2>
Build target 'SpaceInvaders'
compiling SpaceInvaders.c...
linking...
Program Size: Code=7520 RO-data=5412 RW-data=1312 ZI-data=2160  
".\SpaceInvaders.axf" - 0 Error(s), 0 Warning(s).
</pre>
</body>
</html>
eSound.c...
GameSound.c(19): warning:  #550-D: variable "delay" was set but never used
        unsigned long delay;
GameSound.c: 1 warning, 0 errors
linking...
Program Size: Code=7460 RO-data=5412 RW-data=1312 ZI-data=2160  
".\SpaceInvaders.axf" - 0 Error(s), 1 Warning(s).
