ARM Linker, 5.03 [Build 76] [MDK-ARM Lite]

==============================================================================

Section Cross References

    startup.o(STACK) refers (Special) to heapauxi.o(.text) for __use_two_region_memory
    startup.o(HEAP) refers (Special) to heapauxi.o(.text) for __use_two_region_memory
    startup.o(RESET) refers (Special) to heapauxi.o(.text) for __use_two_region_memory
    startup.o(RESET) refers to startup.o(STACK) for StackMem
    startup.o(RESET) refers to spaceinvaders.o(i.SysTick_Handler) for SysTick_Handler
    startup.o(RESET) refers to switch.o(i.GPIOPortE_Handler) for GPIOPortE_Handler
    startup.o(RESET) refers to gamesound.o(i.Timer2A_Handler) for Timer2A_Handler
    startup.o(RESET) refers to texas.o(i.Timer4A_Handler) for Timer4A_Handler
    startup.o(RESET) refers to texas.o(i.Timer5A_Handler) for Timer5A_Handler
    startup.o(RESET) refers to __main.o(!!!main) for __main
    startup.o(.text) refers (Special) to heapauxi.o(.text) for __use_two_region_memory
    startup.o(.text) refers to startup.o(HEAP) for HeapMem
    startup.o(.text) refers to startup.o(STACK) for StackMem
    nokia5110.o(i.Nokia5110_Clear) refers to nokia5110.o(i.lcdwrite) for lcdwrite
    nokia5110.o(i.Nokia5110_Clear) refers to nokia5110.o(i.Nokia5110_SetCursor) for Nokia5110_SetCursor
    nokia5110.o(i.Nokia5110_ClearBuffer) refers to nokia5110.o(.bss) for Screen
    nokia5110.o(i.Nokia5110_DisplayBuffer) refers to nokia5110.o(i.Nokia5110_DrawFullImage) for Nokia5110_DrawFullImage
    nokia5110.o(i.Nokia5110_DisplayBuffer) refers to nokia5110.o(.bss) for Screen
    nokia5110.o(i.Nokia5110_DrawFullImage) refers to nokia5110.o(i.Nokia5110_SetCursor) for Nokia5110_SetCursor
    nokia5110.o(i.Nokia5110_DrawFullImage) refers to nokia5110.o(i.lcdwrite) for lcdwrite
    nokia5110.o(i.Nokia5110_Init) refers to nokia5110.o(i.lcdwrite) for lcdwrite
    nokia5110.o(i.Nokia5110_OutChar) refers to nokia5110.o(i.lcdwrite) for lcdwrite
    nokia5110.o(i.Nokia5110_OutChar) refers to nokia5110.o(.constdata) for ASCII
    nokia5110.o(i.Nokia5110_OutString) refers to nokia5110.o(i.Nokia5110_OutChar) for Nokia5110_OutChar
    nokia5110.o(i.Nokia5110_OutUDec) refers to nokia5110.o(i.Nokia5110_OutString) for Nokia5110_OutString
    nokia5110.o(i.Nokia5110_OutUDec) refers to nokia5110.o(i.Nokia5110_OutChar) for Nokia5110_OutChar
    nokia5110.o(i.Nokia5110_PrintBMP) refers to nokia5110.o(.bss) for Screen
    nokia5110.o(i.Nokia5110_SetCursor) refers to nokia5110.o(i.lcdwrite) for lcdwrite
    random.o(.text) refers to random.o(DATA) for M
    spaceinvaders.o(i.Bunker_Draw) refers to nokia5110.o(i.Nokia5110_PrintBMP) for Nokia5110_PrintBMP
    spaceinvaders.o(i.Bunker_Draw) refers to spaceinvaders.o(.bss) for Bunker
    spaceinvaders.o(i.Bunker_Init) refers to spaceinvaders.o(.bss) for Bunker
    spaceinvaders.o(i.Bunker_Init) refers to spaceinvaders.o(.constdata) for PlayerShip0
    spaceinvaders.o(i.Display_Score) refers to nokia5110.o(i.Nokia5110_SetCursor) for Nokia5110_SetCursor
    spaceinvaders.o(i.Display_Score) refers to nokia5110.o(i.Nokia5110_OutString) for Nokia5110_OutString
    spaceinvaders.o(i.Display_Score) refers to nokia5110.o(i.Nokia5110_OutUDec) for Nokia5110_OutUDec
    spaceinvaders.o(i.Display_Score) refers to spaceinvaders.o(.data) for Score
    spaceinvaders.o(i.Display_StartScreen) refers to nokia5110.o(i.Nokia5110_SetCursor) for Nokia5110_SetCursor
    spaceinvaders.o(i.Display_StartScreen) refers to nokia5110.o(i.Nokia5110_OutString) for Nokia5110_OutString
    spaceinvaders.o(i.EnemyMissile_Draw) refers to nokia5110.o(i.Nokia5110_PrintBMP) for Nokia5110_PrintBMP
    spaceinvaders.o(i.EnemyMissile_Draw) refers to spaceinvaders.o(.bss) for EnemyMissile
    spaceinvaders.o(i.EnemyMissile_Draw) refers to spaceinvaders.o(.data) for enemyMissileCount
    spaceinvaders.o(i.EnemyMissile_Draw) refers to spaceinvaders.o(.constdata) for PlayerShip0
    spaceinvaders.o(i.EnemyMissile_Init) refers to spaceinvaders.o(.data) for enemyMissileCount
    spaceinvaders.o(i.EnemyMissile_Init) refers to spaceinvaders.o(.bss) for EnemyMissile
    spaceinvaders.o(i.EnemyMissile_Init) refers to spaceinvaders.o(.constdata) for Laser0
    spaceinvaders.o(i.EnemyMissile_Move) refers to spaceinvaders.o(.bss) for EnemyMissile
    spaceinvaders.o(i.EnemyMissile_Move) refers to spaceinvaders.o(.data) for frameCount
    spaceinvaders.o(i.Enemy_Attack) refers to random.o(.text) for Random
    spaceinvaders.o(i.Enemy_Attack) refers to nokia5110.o(i.Nokia5110_PrintBMP) for Nokia5110_PrintBMP
    spaceinvaders.o(i.Enemy_Attack) refers to spaceinvaders.o(.data) for frameCount
    spaceinvaders.o(i.Enemy_Attack) refers to spaceinvaders.o(.bss) for EnemyMissile
    spaceinvaders.o(i.Enemy_Attack) refers to spaceinvaders.o(.constdata) for SmallEnemy10PointA
    spaceinvaders.o(i.Enemy_Draw) refers to nokia5110.o(i.Nokia5110_PrintBMP) for Nokia5110_PrintBMP
[...]
    spaceinvaders.o(i.PlayerMissile_Draw) refers to spaceinvaders.o(i.checkHit) for checkHit
    spaceinvaders.o(i.PlayerMissile_Draw) refers to spaceinvaders.o(.bss) for PlayerMissile
    spaceinvaders.o(i.PlayerMissile_Draw) refers to spaceinvaders.o(.constdata) for PlayerShip0
    spaceinvaders.o(i.PlayerMissile_Init) refers to spaceinvaders.o(.bss) for PlayerMissile
    spaceinvaders.o(i.PlayerMissile_Init) refers to spaceinvaders.o(.constdata) for Laser0
    spaceinvaders.o(i.PlayerMissile_Move) refers to spaceinvaders.o(.bss) for PlayerMissile
    spaceinvaders.o(i.PlayerMissile_Move) refers to spaceinvaders.o(.constdata) for Laser0
    spaceinvaders.o(i.Player_Draw) refers to nokia5110.o(i.Nokia5110_PrintBMP) for Nokia5110_PrintBMP
    spaceinvaders.o(i.Player_Draw) refers to gamesound.o(i.GameSound_Play) for GameSound_Play
    spaceinvaders.o(i.Player_Draw) refers to spaceinvaders.o(.bss) for Player
    spaceinvaders.o(i.Player_Draw) refers to spaceinvaders.o(.data) for gameIs
    spaceinvaders.o(i.Player_Init) refers to spaceinvaders.o(.bss) for Player
    spaceinvaders.o(i.Player_Init) refers to spaceinvaders.o(.constdata) for PlayerShip0
    spaceinvaders.o(i.Player_Move) refers to spaceinvaders.o(.bss) for Player
    spaceinvaders.o(i.Reset_Game) refers to nokia5110.o(i.Nokia5110_ClearBuffer) for Nokia5110_ClearBuffer
    spaceinvaders.o(i.Reset_Game) refers to nokia5110.o(i.Nokia5110_DisplayBuffer) for Nokia5110_DisplayBuffer
    spaceinvaders.o(i.Reset_Game) refers to nokia5110.o(i.Nokia5110_Clear) for Nokia5110_Clear
    spaceinvaders.o(i.Reset_Game) refers to spaceinvaders.o(i.Player_Init) for Player_Init
    spaceinvaders.o(i.Reset_Game) refers to spaceinvaders.o(i.Enemy_Init) for Enemy_Init
    spaceinvaders.o(i.Reset_Game) refers to spaceinvaders.o(i.PlayerMissile_Init) for PlayerMissile_Init
    spaceinvaders.o(i.Reset_Game) refers to spaceinvaders.o(i.EnemyMissile_Init) for EnemyMissile_Init
    spaceinvaders.o(i.Reset_Game) refers to spaceinvaders.o(i.Bunker_Init) for Bunker_Init
    spaceinvaders.o(i.Reset_Game) refers to spaceinvaders.o(i.Player_Draw) for Player_Draw
    spaceinvaders.o(i.Reset_Game) refers to spaceinvaders.o(i.Enemy_Draw) for Enemy_Draw
    spaceinvaders.o(i.Reset_Game) refers to spaceinvaders.o(i.Bunker_Draw) for Bunker_Draw
    spaceinvaders.o(i.Reset_Game) refers to random.o(.text) for Random_Init
    spaceinvaders.o(i.Reset_Game) refers to spaceinvaders.o(i.Pause_Init) for Pause_Init
    spaceinvaders.o(i.Reset_Game) refers to spaceinvaders.o(i.Update_LCD) for Update_LCD
    spaceinvaders.o(i.Reset_Score) refers to spaceinvaders.o(.data) for Score
    spaceinvaders.o(i.SysTick_Handler) refers to switch.o(i.Switch_Read) for Switch_Read
    spaceinvaders.o(i.SysTick_Handler) refers to adc.o(i.ADC_In) for ADC_In
    spaceinvaders.o(i.SysTick_Handler) refers to gamesound.o(i.GameSound_Play) for GameSound_Play
    spaceinvaders.o(i.SysTick_Handler) refers to random.o(.text) for Random_Init
    spaceinvaders.o(i.SysTick_Handler) refers to spaceinvaders.o(i.PlayerMissile_Move) for PlayerMissile_Move
    spaceinvaders.o(i.SysTick_Handler) refers to spaceinvaders.o(i.Player_Move) for Player_Move
    spaceinvaders.o(i.SysTick_Handler) refers to spaceinvaders.o(i.EnemyMissile_Move) for EnemyMissile_Move
    spaceinvaders.o(i.SysTick_Handler) refers to spaceinvaders.o(i.Enemy_Move) for Enemy_Move
    spaceinvaders.o(i.SysTick_Handler) refers to spaceinvaders.o(i.Enemy_Attack) for Enemy_Attack
    spaceinvaders.o(i.SysTick_Handler) refers to nokia5110.o(i.Nokia5110_ClearBuffer) for Nokia5110_ClearBuffer
    spaceinvaders.o(i.SysTick_Handler) refers to spaceinvaders.o(i.PlayerMissile_Draw) for PlayerMissile_Draw
    spaceinvaders.o(i.SysTick_Handler) refers to spaceinvaders.o(i.EnemyMissile_Draw) for EnemyMissile_Draw
    spaceinvaders.o(i.SysTick_Handler) refers to spaceinvaders.o(i.Enemy_Draw) for Enemy_Draw
    spaceinvaders.o(i.SysTick_Handler) refers to spaceinvaders.o(i.Player_Draw) for Player_Draw
    spaceinvaders.o(i.SysTick_Handler) refers to spaceinvaders.o(i.Bunker_Draw) for Bunker_Draw
    spaceinvaders.o(i.SysTick_Handler) refers to spaceinvaders.o(.data) for PlayerPos
    spaceinvaders.o(i.SysTick_Handler) refers to spaceinvaders.o(.bss) for PlayerMissile
    spaceinvaders.o(i.Update_LCD) refers to nokia5110.o(i.Nokia5110_DisplayBuffer) for Nokia5110_DisplayBuffer
    spaceinvaders.o(i.Update_LCD) refers to spaceinvaders.o(i.Display_Score) for Display_Score
    spaceinvaders.o(i.Update_LCD) refers to spaceinvaders.o(.data) for Pause
    spaceinvaders.o(i.checkHit) refers to nokia5110.o(i.Nokia5110_PrintBMP) for Nokia5110_PrintBMP
    spaceinvaders.o(i.checkHit) refers to spaceinvaders.o(.bss) for Enemy
    spaceinvaders.o(i.checkHit) refers to spaceinvaders.o(.constdata) for SmallEnemy10PointA
    spaceinvaders.o(i.main) refers to texas.o(i.TExaS_Init) for TExaS_Init
    spaceinvaders.o(i.main) refers to random.o(.text) for Random_Init
    spaceinvaders.o(i.main) refers to nokia5110.o(i.Nokia5110_Init) for Nokia5110_Init
    spaceinvaders.o(i.main) refers to gamesound.o(i.GameSound_Init) for GameSound_Init
    spaceinvaders.o(i.main) refers to adc.o(i.ADC_Init) for ADC_Init
    spaceinvaders.o(i.main) refers to switch.o(i.Switch_Init) for Switch_Init
    spaceinvaders.o(i.main) refers to spaceinvaders.o(i.Systick_Init) for Systick_Init
    spaceinvaders.o(i.main) refers to spaceinvaders.o(i.Reset_Score) for Reset_Score
    spaceinvaders.o(i.main) refers to nokia5110.o(i.Nokia5110_Clear) for Nokia5110_Clear
    spaceinvaders.o(i.main) refers to spaceinvaders.o(i.Display_StartScreen) for Display_StartScreen
    spaceinvaders.o(i.main) refers to switch.o(i.Switch_Read) for Switch_Read
    spaceinvaders.o(i.main) refers to spaceinvaders.o(i.Delay100ms) for Delay100ms
    spaceinvaders.o(i.main) refers to spaceinvaders.o(i.Reset_Game) for Reset_Game
    spaceinvaders.o(i.main) refers to spaceinvaders.o(i.Update_LCD) for Update_LCD
    spaceinvaders.o(i.main) refers to nokia5110.o(i.Nokia5110_SetCursor) for Nokia5110_SetCursor
    spaceinvaders.o(i.main) refers to nokia5110.o(i.Nokia5110_OutString) for Nokia5110_OutString
    spaceinvaders.o(i.main) refers to spaceinvaders.o(i.Display_Score) for Display_Score
    spaceinvaders.o(i.main) refers to spaceinvaders.o(.data) for Semaphore
    spaceinvaders.o(i.missileCloseToEnemy) refers to spaceinvaders.o(.bss) for PlayerMissile
    spaceinvaders.o(i.missileCloseToEnemy) refers to spaceinvaders.o(.constdata) for Laser0
    spaceinvaders.o(i.missileCloseToEnemy) refers to spaceinvaders.o(.data) for currentState
    texas.o(i.SetCode) refers to texas.o(.bss) for TExaS
    texas.o(i.SetCourse) refers to texas.o(.bss) for TExaS
    texas.o(i.SetMode) refers to texas.o(.bss) for TExaS
    texas.o(i.StartTimer4) refers to texas.o(.data) for ScopeCount
    texas.o(i.TExaS_Init) refers to texas.o(i.PLL_Init) for PLL_Init
    texas.o(i.TExaS_Init) refers to texas.o(i.SetCourse) for SetCourse
    texas.o(i.TExaS_Init) refers to texas.o(i.UART0_Init) for UART0_Init
    texas.o(i.TExaS_Init) refers to texas.o(i.SetCode) for SetCode
    texas.o(i.TExaS_Init) refers to texas.o(i.ADC1_Init) for ADC1_Init
    texas.o(i.TExaS_Init) refers to texas.o(.constdata) for IntroMsg
    texas.o(i.TExaS_Init) refers to texas.o(.bss) for TExaS
    texas.o(i.TExaS_Init) refers to texas.o(.data) for LastMode
    texas.o(i.Timer5A_Handler) refers to texas.o(i.ADC1_In) for ADC1_In
    texas.o(i.Timer5A_Handler) refers to texas.o(.data) for TExaS_Period
    adc.o(i.ADC_Init) refers to adc.o(.data) for delay
    switch.o(i.GPIOPortE_Handler) refers to spaceinvaders.o(i.Delay100ms) for Delay100ms
    switch.o(i.GPIOPortE_Handler) refers to random.o(.text) for Random_Init
    switch.o(i.GPIOPortE_Handler) refers to spaceinvaders.o(.data) for Pause
    switch.o(i.Switch_Init) refers to switch.o(i.IntInit) for IntInit
    gamesound.o(i.GameSound_Init) refers to gamesound.o(i.DACInit) for DACInit
    gamesound.o(i.GameSound_Init) refers to gamesound.o(i.Timer2_Init) for Timer2_Init
    gamesound.o(i.GameSound_Play) refers to strcmpv7m.o(.text) for strcmp
    gamesound.o(i.GameSound_Play) refers to gamesound.o(i.Timer2A_Start) for Timer2A_Start
    gamesound.o(i.GameSound_Play) refers to gamesound.o(.constdata) for Shoot
    gamesound.o(i.GameSound_Play) refers to gamesound.o(.data) for music
    gamesound.o(i.Timer2A_Handler) refers to gamesound.o(i.DACOut) for DACOut
    gamesound.o(i.Timer2A_Handler) refers to gamesound.o(i.Timer2A_Stop) for Timer2A_Stop
    gamesound.o(i.Timer2A_Handler) refers to gamesound.o(.data) for TimerCount
    gamesound.o(i.Timer2_Init) refers to gamesound.o(.data) for TimerCount
    __main.o(!!!main) refers to rtentry.o(.ARM.Collect$$rtentry$$00000000) for __rt_entry
    rtentry.o(.ARM.Collect$$rtentry$$00000000) refers (Special) to rtentry2.o(.ARM.Collect$$rtentry$$0000000A) for __rt_entry_li
    rtentry.o(.ARM.Collect$$rtentry$$00000000) refers (Special) to rtentry2.o(.ARM.Collect$$rtentry$$0000000D) for __rt_entry_main
    rtentry.o(.ARM.Collect$$rtentry$$00000000) refers (Special) to rtentry2.o(.ARM.Collect$$rtentry$$0000000C) for __rt_entry_postli_1
    rtentry.o(.ARM.Collect$$rtentry$$00000000) refers (Special) to rtentry2.o(.ARM.Collect$$rtentry$$00000009) for __rt_entry_postsh_1
    rtentry.o(.ARM.Collect$$rtentry$$00000000) refers (Special) to rtentry2.o(.ARM.Collect$$rtentry$$00000002) for __rt_entry_presh_1
    rtentry.o(.ARM.Collect$$rtentry$$00000000) refers (Special) to rtentry4.o(.ARM.Collect$$rtentry$$00000004) for __rt_entry_sh
    rtentry2.o(.ARM.Collect$$rtentry$$00000008) refers to boardinit2.o(.text) for _platform_post_stackheap_init
    rtentry2.o(.ARM.Collect$$rtentry$$0000000A) refers to libinit.o(.ARM.Collect$$libinit$$00000000) for __rt_lib_init
    rtentry2.o(.ARM.Collect$$rtentry$$0000000B) refers to boardinit3.o(.text) for _platform_post_lib_init
    rtentry2.o(.ARM.Collect$$rtentry$$0000000D) refers to spaceinvaders.o(i.main) for main
    rtentry2.o(.ARM.Collect$$rtentry$$0000000D) refers to exit.o(.text) for exit
    rtentry2.o(.ARM.exidx) refers to rtentry2.o(.ARM.Collect$$rtentry$$00000001) for .ARM.Collect$$rtentry$$00000001
    rtentry2.o(.ARM.exidx) refers to rtentry2.o(.ARM.Collect$$rtentry$$00000008) for .ARM.Collect$$rtentry$$00000008
    rtentry2.o(.ARM.exidx) refers to rtentry2.o(.ARM.Collect$$rtentry$$0000000A) for .ARM.Collect$$rtentry$$0000000A
    rtentry2.o(.ARM.exidx) refers to rtentry2.o(.ARM.Collect$$rtentry$$0000000B) for .ARM.Collect$$rtentry$$0000000B
    rtentry2.o(.ARM.exidx) refers to rtentry2.o(.ARM.Collect$$rtentry$$0000000D) for .ARM.Collect$$rtentry$$0000000D
    rtentry4.o(.ARM.Collect$$rtentry$$00000004) refers to sys_stackheap_outer.o(.text) for __user_setup_stackheap
    rtentry4.o(.ARM.exidx) refers to rtentry4.o(.ARM.Collect$$rtentry$$00000004) for .ARM.Collect$$rtentry$$00000004
    sys_stackheap_outer.o(.text) refers to libspace.o(.text) for __user_perproc_libspace
    sys_stackheap_outer.o(.text) refers to startup.o(.text) for __user_initial_stackheap
    exit.o(.text) refers to rtexit.o(.ARM.Collect$$rtexit$$00000000) for __rt_exit
    libinit.o(.ARM.Collect$$libinit$$00000000) refers (Special) to libinit2.o(.ARM.Collect$$libinit$$0000002C) for __rt_lib_init_alloca_1
    libinit.o(.ARM.Collect$$libinit$$00000000) refers (Special) to libinit2.o(.ARM.Collect$$libinit$$0000002A) for __rt_lib_init_argv_1
    libinit.o(.ARM.Collect$$libinit$$00000000) refers (Special) to libinit2.o(.ARM.Collect$$libinit$$00000019) for __rt_lib_init_atexit_1
    libinit.o(.ARM.Collect$$libinit$$00000000) refers (Special) to libinit2.o(.ARM.Collect$$libinit$$0000001F) for __rt_lib_init_clock_1
    libinit.o(.ARM.Collect$$libinit$$00000000) refers (Special) to libinit2.o(.ARM.Collect$$libinit$$00000030) for __rt_lib_init_cpp_1
    libinit.o(.ARM.Collect$$libinit$$00000000) refers (Special) to libinit2.o(.ARM.Collect$$libinit$$0000002E) for __rt_lib_init_exceptions_1
    libinit.o(.ARM.Collect$$libinit$$00000000) refers (Special) to libinit2.o(.ARM.Collect$$libinit$$00000002) for __rt_lib_init_fp_1
    libinit.o(.ARM.Collect$$libinit$$00000000) refers (Special) to libinit2.o(.ARM.Collect$$libinit$$0000001D) for __rt_lib_init_fp_trap_1
    libinit.o(.ARM.Collect$$libinit$$00000000) refers (Special) to libinit2.o(.ARM.Collect$$libinit$$00000021) for __rt_lib_init_getenv_1
    libinit.o(.ARM.Collect$$libinit$$00000000) refers (Special) to libinit2.o(.ARM.Collect$$libinit$$00000008) for __rt_lib_init_heap_1
    libinit.o(.ARM.Collect$$libinit$$00000000) refers (Special) to libinit2.o(.ARM.Collect$$libinit$$0000000F) for __rt_lib_init_lc_collate_1
    libinit.o(.ARM.Collect$$libinit$$00000000) refers (Special) to libinit2.o(.ARM.Collect$$libinit$$00000011) for __rt_lib_init_lc_ctype_1
    libinit.o(.ARM.Collect$$libinit$$00000000) refers (Special) to libinit2.o(.ARM.Collect$$libinit$$00000013) for __rt_lib_init_lc_monetary_1
    libinit.o(.ARM.Collect$$libinit$$00000000) refers (Special) to libinit2.o(.ARM.Collect$$libinit$$00000015) for __rt_lib_init_lc_numeric_1
    libinit.o(.ARM.Collect$$libinit$$00000000) refers (Special) to libinit2.o(.ARM.Collect$$libinit$$00000017) for __rt_lib_init_lc_time_1
    libinit.o(.ARM.Collect$$libinit$$00000000) refers (Special) to libinit2.o(.ARM.Collect$$libinit$$0000000C) for __rt_lib_init_rand_1
    libinit.o(.ARM.Collect$$libinit$$00000000) refers (Special) to libinit2.o(.ARM.Collect$$libinit$$00000031) for __rt_lib_init_return
    libinit.o(.ARM.Collect$$libinit$$00000000) refers (Special) to libinit2.o(.ARM.Collect$$libinit$$0000001B) for __rt_lib_init_signal_1
    libinit.o(.ARM.Collect$$libinit$$00000000) refers (Special) to libinit2.o(.ARM.Collect$$libinit$$00000023) for __rt_lib_init_stdio_1
    libinit.o(.ARM.Collect$$libinit$$00000000) refers (Special) to libinit2.o(.ARM.Collect$$libinit$$0000000A) for __rt_lib_init_user_alloc_1
    libspace.o(.text) refers to libspace.o(.bss) for __libspace_start
    rtexit.o(.ARM.Collect$$rtexit$$00000000) refers (Special) to rtexit2.o(.ARM.Collect$$rtexit$$00000004) for __rt_exit_exit
    rtexit.o(.ARM.Collect$$rtexit$$00000000) refers (Special) to rtexit2.o(.ARM.Collect$$rtexit$$00000003) for __rt_exit_ls
    rtexit.o(.ARM.Collect$$rtexit$$00000000) refers (Special) to rtexit2.o(.ARM.Collect$$rtexit$$00000002) for __rt_exit_prels_1
    rtexit.o(.ARM.exidx) refers (Special) to rtexit2.o(.ARM.Collect$$rtexit$$00000004) for __rt_exit_exit
    rtexit.o(.ARM.exidx) refers (Special) to rtexit2.o(.ARM.Collect$$rtexit$$00000003) for __rt_exit_ls
    rtexit.o(.ARM.exidx) refers (Special) to rtexit2.o(.ARM.Collect$$rtexit$$00000002) for __rt_exit_prels_1
    rtexit.o(.ARM.exidx) refers to rtexit.o(.ARM.Collect$$rtexit$$00000000) for .ARM.Collect$$rtexit$$00000000
    libinit2.o(.ARM.Collect$$libinit$$0000000E) refers to libinit2.o(.ARM.Collect$$libinit$$0000000D) for .ARM.Collect$$libinit$$0000000D
    libinit2.o(.ARM.Collect$$libinit$$00000010) refers to libinit2.o(.ARM.Collect$$libinit$$0000000D) for .ARM.Collect$$libinit$$0000000D
    libinit2.o(.ARM.Collect$$libinit$$00000012) refers to libinit2.o(.ARM.Collect$$libinit$$0000000D) for .ARM.Collect$$libinit$$0000000D
    libinit2.o(.ARM.Collect$$libinit$$00000014) refers to libinit2.o(.ARM.Collect$$libinit$$0000000D) for .ARM.Collect$$libinit$$0000000D
    libinit2.o(.ARM.Collect$$libinit$$00000016) refers to libinit2.o(.ARM.Collect$$libinit$$0000000D) for .ARM.Collect$$libinit$$0000000D
    libinit2.o(.ARM.Collect$$libinit$$00000024) refers to argv_veneer.o(.emb_text) for __ARM_argv_veneer
    libinit2.o(.ARM.Collect$$libinit$$00000025) refers to argv_veneer.o(.emb_text) for __ARM_argv_veneer
    rtexit2.o(.ARM.Collect$$rtexit$$00000003) refers to libshutdown.o(.ARM.Collect$$libshutdown$$00000000) for __rt_lib_shutdown
    rtexit2.o(.ARM.Collect$$rtexit$$00000004) refers to sys_exit.o(.text) for _sys_exit
    rtexit2.o(.ARM.exidx) refers to rtexit2.o(.ARM.Collect$$rtexit$$00000001) for .ARM.Collect$$rtexit$$00000001
    rtexit2.o(.ARM.exidx) refers to rtexit2.o(.ARM.Collect$$rtexit$$00000003) for .ARM.Collect$$rtexit$$00000003
    rtexit2.o(.ARM.exidx) refers to rtexit2.o(.ARM.Collect$$rtexit$$00000004) for .ARM.Collect$$rtexit$$00000004
    argv_veneer.o(.emb_text) refers to no_argv.o(.text) for __ARM_get_argv
    sys_exit.o(.text) refers (Special) to use_no_semi.o(.text) for __I$use$semihosting
    sys_exit.o(.text) refers (Special) to indicate_semi.o(.text) for __semihosting_library_function
    _get_argv_nomalloc.o(.text) refers (Special) to hrguard.o(.text) for __heap_region$guard
    _get_argv_nomalloc.o(.text) refers to defsig_rtmem_outer.o(.text) for __rt_SIGRTMEM
    _get_argv_nomalloc.o(.text) refers to sys_command.o(.text) for _sys_command_string
    libshutdown.o(.ARM.Collect$$libshutdown$$00000000) refers (Special) to libshutdown2.o(.ARM.Collect$$libshutdown$$00000006) for __rt_lib_shutdown_fp_trap_1
    libshutdown.o(.ARM.Collect$$libshutdown$$00000000) refers (Special) to libshutdown2.o(.ARM.Collect$$libshutdown$$0000000E) for __rt_lib_shutdown_heap_1
    libshutdown.o(.ARM.Collect$$libshutdown$$00000000) refers (Special) to libshutdown2.o(.ARM.Collect$$libshutdown$$0000000F) for __rt_lib_shutdown_return
    libshutdown.o(.ARM.Collect$$libshutdown$$00000000) refers (Special) to libshutdown2.o(.ARM.Collect$$libshutdown$$00000009) for __rt_lib_shutdown_signal_1
    libshutdown.o(.ARM.Collect$$libshutdown$$00000000) refers (Special) to libshutdown2.o(.ARM.Collect$$libshutdown$$00000003) for __rt_lib_shutdown_stdio_1
    libshutdown.o(.ARM.Collect$$libshutdown$$00000000) refers (Special) to libshutdown2.o(.ARM.Collect$$libshutdown$$0000000B) for __rt_lib_shutdown_user_alloc_1
    sys_command.o(.text) refers (Special) to use_no_semi.o(.text) for __I$use$semihosting
    sys_command.o(.text) refers (Special) to indicate_semi.o(.text) for __semihosting_library_function
    defsig_rtmem_outer.o(.text) refers to defsig_rtmem_inner.o(.text) for __rt_SIGRTMEM_inner
    defsig_rtmem_outer.o(.text) refers to defsig_exit.o(.text) for __sig_exit
    defsig_rtmem_formal.o(.text) refers to rt_raise.o(.text) for __rt_raise
    rt_raise.o(.text) refers to __raise.o(.text) for __raise
    rt_raise.o(.text) refers to sys_exit.o(.text) for _sys_exit
    defsig_exit.o(.text) refers to sys_exit.o(.text) for _sys_exit
    defsig_rtmem_inner.o(.text) refers to defsig_general.o(.text) for __default_signal_display
    __raise.o(.text) refers to defsig.o(CL$$defsig) for __default_signal_handler
    defsig_general.o(.text) refers to sys_wrch.o(.text) for _ttywrch
    sys_wrch.o(.text) refers (Special) to use_no_semi.o(.text) for __I$use$semihosting
    sys_wrch.o(.text) refers (Special) to indicate_semi.o(.text) for __semihosting_library_function
    defsig.o(CL$$defsig) refers to defsig_rtmem_inner.o(.text) for __rt_SIGRTMEM_inner
    defsig_abrt_inner.o(.text) refers to defsig_general.o(.text) for __default_signal_display
    defsig_fpe_inner.o(.text) refers to defsig_general.o(.text) for __default_signal_display
    defsig_rtred_inner.o(.text) refers to defsig_general.o(.text) for __default_signal_display
    defsig_stak_inner.o(.text) refers to defsig_general.o(.text) for __default_signal_display
    defsig_pvfn_inner.o(.text) refers to defsig_general.o(.text) for __default_signal_display
    defsig_cppl_inner.o(.text) refers to defsig_general.o(.text) for __default_signal_display
    defsig_segv_inner.o(.text) refers to defsig_general.o(.text) for __default_signal_display
    defsig_other.o(.text) refers to defsig_general.o(.text) for __default_signal_display


==============================================================================

Removing Unused input sections from the image.

    Removing texas.o(i.SetMode), (24 bytes).
    Removing texas.o(i.StartTimer4), (36 bytes).
    Removing texas.o(i.StopTimer4), (24 bytes).
    Removing texas.o(i.TExaS_Stop), (28 bytes).
    Removing texas.o(i.UART0_InChar), (24 bytes).
    Removing texas.o(i.UART0_InCharNonBlocking), (28 bytes).
    Removing texas.o(i.UART0_OutChar), (24 bytes).
    Removing texas.o(i.UART0_OutCharNonBlock), (12 bytes).
    Removing texas.o(i.copy), (18 bytes).

9 unused section(s) (total 218 bytes) removed from the image.

==============================================================================

Image Symbol Table

    Local Symbols

    Symbol Name                              Value     Ov Type        Size  Object(Section)

    RESET                                    0x00000000   Section      644  startup.o(RESET)
    ../clib/angel/boardlib.s                 0x00000000   Number         0  boardinit3.o ABSOLUTE
    ../clib/angel/boardlib.s                 0x00000000   Number         0  boardshut.o ABSOLUTE
    ../clib/angel/boardlib.s                 0x00000000   Number         0  boardinit2.o ABSOLUTE
    ../clib/angel/boardlib.s                 0x00000000   Number         0  boardinit1.o ABSOLUTE
    ../clib/angel/dczerorl2.s                0x00000000   Number         0  __dczerorl2.o ABSOLUTE
    ../clib/angel/handlers.s                 0x00000000   Number         0  __scatter_zi.o ABSOLUTE
    ../clib/angel/kernel.s                   0x00000000   Number         0  rtexit.o ABSOLUTE
    ../clib/angel/kernel.s                   0x00000000   Number         0  rtentry.o ABSOLUTE
    ../clib/angel/kernel.s                   0x00000000   Number         0  rtentry2.o ABSOLUTE
    ../clib/angel/kernel.s                   0x00000000   Number         0  rtexit2.o ABSOLUTE
    ../clib/angel/kernel.s                   0x00000000   Number         0  rtentry4.o ABSOLUTE
    ../clib/angel/rt.s                       0x00000000   Number         0  rt_raise.o ABSOLUTE
    ../clib/angel/scatter.s                  0x00000000   Number         0  __scatter.o ABSOLUTE
    ../clib/angel/startup.s                  0x00000000   Number         0  __main.o ABSOLUTE
    ../clib/angel/sys.s                      0x00000000   Number         0  libspace.o ABSOLUTE
    ../clib/angel/sys.s                      0x00000000   Number         0  sys_stackheap_outer.o ABSOLUTE
    ../clib/angel/sys.s                      0x00000000   Number         0  indicate_semi.o ABSOLUTE
    ../clib/angel/sys.s                      0x00000000   Number         0  use_no_semi.o ABSOLUTE
    ../clib/angel/sysapp.c                   0x00000000   Number         0  sys_wrch.o ABSOLUTE
    ../clib/angel/sysapp.c                   0x00000000   Number         0  sys_command.o ABSOLUTE
    ../clib/angel/sysapp.c                   0x00000000   Number         0  sys_exit.o ABSOLUTE
    ../clib/armsys.c                         0x00000000   Number         0  argv_veneer.o ABSOLUTE
    ../clib/armsys.c                         0x00000000   Number         0  no_argv.o ABSOLUTE
    ../clib/armsys.c                         0x00000000   Number         0  _get_argv_nomalloc.o ABSOLUTE
    ../clib/armsys.c                         0x00000000   Number         0  argv_veneer.o ABSOLUTE
    ../clib/heapalloc.c                      0x00000000   Number         0  hrguard.o ABSOLUTE
    ../clib/heapaux.c                        0x00000000   Number         0  heapauxi.o ABSOLUTE
    ../clib/libinit.s                        0x00000000   Number         0  libshutdown.o ABSOLUTE
    ../clib/libinit.s                        0x00000000   Number         0  libshutdown2.o ABSOLUTE
    ../clib/libinit.s                        0x00000000   Number         0  libinit.o ABSOLUTE
    ../clib/libinit.s                        0x00000000   Number         0  libinit2.o ABSOLUTE
    ../clib/memcpset.s                       0x00000000   Number         0  strcmpv7m.o ABSOLUTE
    ../clib/signal.c                         0x00000000   Number         0  defsig_rtmem_inner.o ABSOLUTE
    ../clib/signal.c                         0x00000000   Number         0  defsig_pvfn_inner.o ABSOLUTE
    ../clib/signal.c                         0x00000000   Number         0  defsig_stak_inner.o ABSOLUTE
    ../clib/signal.c                         0x00000000   Number         0  defsig_rtred_inner.o ABSOLUTE
    ../clib/signal.c                         0x00000000   Number         0  defsig_fpe_inner.o ABSOLUTE
    ../clib/signal.c                         0x00000000   Number         0  defsig_segv_inner.o ABSOLUTE
    ../clib/signal.c                         0x00000000   Number         0  defsig_abrt_inner.o ABSOLUTE
    ../clib/signal.c                         0x00000000   Number         0  defsig_general.o ABSOLUTE
    ../clib/signal.c                         0x00000000   Number         0  __raise.o ABSOLUTE
    ../clib/signal.c                         0x00000000   Number         0  defsig_rtmem_formal.o ABSOLUTE
    ../clib/signal.c                         0x00000000   Number         0  defsig_rtmem_outer.o ABSOLUTE
    ../clib/signal.c                         0x00000000   Number         0  defsig_exit.o ABSOLUTE
    ../clib/signal.c                         0x00000000   Number         0  defsig_other.o ABSOLUTE
    ../clib/signal.c                         0x00000000   Number         0  defsig_cppl_inner.o ABSOLUTE
    ../clib/signal.s                         0x00000000   Number         0  defsig.o ABSOLUTE
    ../clib/stdlib.c                         0x00000000   Number         0  exit.o ABSOLUTE
    ../fplib/fpinit.s                        0x00000000   Number         0  fpinit.o ABSOLUTE
    ADC.c                                    0x00000000   Number         0  adc.o ABSOLUTE
    GameSound.c                              0x00000000   Number         0  gamesound.o ABSOLUTE
    Nokia5110.c                              0x00000000   Number         0  nokia5110.o ABSOLUTE
    SpaceInvaders.c                          0x00000000   Number         0  spaceinvaders.o ABSOLUTE
    Switch.c                                 0x00000000   Number         0  switch.o ABSOLUTE
    TExaS.c                                  0x00000000   Number         0  texas.o ABSOLUTE
    dc.s                                     0x00000000   Number         0  dc.o ABSOLUTE
    random.s                                 0x00000000   Number         0  random.o ABSOLUTE
    startup.s                                0x00000000   Number         0  startup.o ABSOLUTE
    !!!main                                  0x00000284   Section        8  __main.o(!!!main)
    !!!scatter                               0x0000028c   Section       52  __scatter.o(!!!scatter)
    !!dczerorl2                              0x000002c0   Section       90  __dczerorl2.o(!!dczerorl2)
    !!handler_zi                             0x0000031c   Section       28  __scatter_zi.o(!!handler_zi)
    .ARM.Collect$$libinit$$00000000          0x00000338   Section        2  libinit.o(.ARM.Collect$$libinit$$00000000)
    .ARM.Collect$$libinit$$00000002          0x0000033a   Section        0  libinit2.o(.ARM.Collect$$libinit$$00000002)
    .ARM.Collect$$libinit$$00000008          0x0000033a   Section        0  libinit2.o(.ARM.Collect$$libinit$$00000008)
    .ARM.Collect$$libinit$$0000000A          0x0000033a   Section        0  libinit2.o(.ARM.Collect$$libinit$$0000000A)
    .ARM.Collect$$libinit$$0000000C          0x0000033a   Section        0  libinit2.o(.ARM.Collect$$libinit$$0000000C)
    .ARM.Collect$$libinit$$0000000F          0x0000033a   Section        0  libinit2.o(.ARM.Collect$$libinit$$0000000F)
    .ARM.Collect$$libinit$$00000011          0x0000033a   Section        0  libinit2.o(.ARM.Collect$$libinit$$00000011)
    .ARM.Collect$$libinit$$00000013          0x0000033a   Section        0  libinit2.o(.ARM.Collect$$libinit$$00000013)
    .ARM.Collect$$libinit$$00000015          0x0000033a   Section        0  libinit2.o(.ARM.Collect$$libinit$$00000015)
    .ARM.Collect$$libinit$$00000017          0x0000033a   Section        0  libinit2.o(.ARM.Collect$$libinit$$00000017)
    .ARM.Collect$$libinit$$00000019          0x0000033a   Section        0  libinit2.o(.ARM.Collect$$libinit$$00000019)
    .ARM.Collect$$libinit$$0000001B          0x0000033a   Section        0  libinit2.o(.ARM.Collect$$libinit$$0000001B)
    .ARM.Collect$$libinit$$0000001D          0x0000033a   Section        0  libinit2.o(.ARM.Collect$$libinit$$0000001D)
    .ARM.Collect$$libinit$$0000001F          0x0000033a   Section        0  libinit2.o(.ARM.Collect$$libinit$$0000001F)
    .ARM.Collect$$libinit$$00000021          0x0000033a   Section        0  libinit2.o(.ARM.Collect$$libinit$$00000021)
    .ARM.Collect$$libinit$$00000023          0x0000033a   Section        0  libinit2.o(.ARM.Collect$$libinit$$00000023)
    .ARM.Collect$$libinit$$0000002A          0x0000033a   Section        0  libinit2.o(.ARM.Collect$$libinit$$0000002A)
    .ARM.Collect$$libinit$$0000002C          0x0000033a   Section        0  libinit2.o(.ARM.Collect$$libinit$$0000002C)
    .ARM.Collect$$libinit$$0000002E          0x0000033a   Section        0  libinit2.o(.ARM.Collect$$libinit$$0000002E)
    .ARM.Collect$$libinit$$00000030          0x0000033a   Section        0  libinit2.o(.ARM.Collect$$libinit$$00000030)
    .ARM.Collect$$libinit$$00000031          0x0000033a   Section        2  libinit2.o(.ARM.Collect$$libinit$$00000031)
    .ARM.Collect$$libshutdown$$00000000      0x0000033c   Section        2  libshutdown.o(.ARM.Collect$$libshutdown$$00000000)
    .ARM.Collect$$libshutdown$$00000003      0x0000033e   Section        0  libshutdown2.o(.ARM.Collect$$libshutdown$$00000003)
    .ARM.Collect$$libshutdown$$00000006      0x0000033e   Section        0  libshutdown2.o(.ARM.Collect$$libshutdown$$00000006)
    .ARM.Collect$$libshutdown$$00000009      0x0000033e   Section        0  libshutdown2.o(.ARM.Collect$$libshutdown$$00000009)
    .ARM.Collect$$libshutdown$$0000000B      0x0000033e   Section        0  libshutdown2.o(.ARM.Collect$$libshutdown$$0000000B)
    .ARM.Collect$$libshutdown$$0000000E      0x0000033e   Section        0  libshutdown2.o(.ARM.Collect$$libshutdown$$0000000E)
    .ARM.Collect$$libshutdown$$0000000F      0x0000033e   Section        2  libshutdown2.o(.ARM.Collect$$libshutdown$$0000000F)
    .ARM.Collect$$rtentry$$00000000          0x00000340   Section        0  rtentry.o(.ARM.Collect$$rtentry$$00000000)
    .ARM.Collect$$rtentry$$00000002          0x00000340   Section        0  rtentry2.o(.ARM.Collect$$rtentry$$00000002)
    .ARM.Collect$$rtentry$$00000004          0x00000340   Section        6  rtentry4.o(.ARM.Collect$$rtentry$$00000004)
    .ARM.Collect$$rtentry$$00000009          0x00000346   Section        0  rtentry2.o(.ARM.Collect$$rtentry$$00000009)
    .ARM.Collect$$rtentry$$0000000A          0x00000346   Section        4  rtentry2.o(.ARM.Collect$$rtentry$$0000000A)
    .ARM.Collect$$rtentry$$0000000C          0x0000034a   Section        0  rtentry2.o(.ARM.Collect$$rtentry$$0000000C)
    .ARM.Collect$$rtentry$$0000000D          0x0000034a   Section        8  rtentry2.o(.ARM.Collect$$rtentry$$0000000D)
    .ARM.Collect$$rtexit$$00000000           0x00000352   Section        2  rtexit.o(.ARM.Collect$$rtexit$$00000000)
    .ARM.Collect$$rtexit$$00000002           0x00000354   Section        0  rtexit2.o(.ARM.Collect$$rtexit$$00000002)
    .ARM.Collect$$rtexit$$00000003           0x00000354   Section        4  rtexit2.o(.ARM.Collect$$rtexit$$00000003)
    .ARM.Collect$$rtexit$$00000004           0x00000358   Section        6  rtexit2.o(.ARM.Collect$$rtexit$$00000004)
    .text                                    0x00000360   Section       48  startup.o(.text)
    .text                                    0x00000390   Section       64  random.o(.text)
    .text                                    0x000003d0   Section      128  strcmpv7m.o(.text)
    .text                                    0x00000450   Section        0  heapauxi.o(.text)
    .text                                    0x00000456   Section       74  sys_stackheap_outer.o(.text)
    .text                                    0x000004a0   Section        0  exit.o(.text)
    .text                                    0x000004ac   Section        8  libspace.o(.text)
    .text                                    0x000004b4   Section        0  sys_exit.o(.text)
    .text                                    0x000004c0   Section        2  use_no_semi.o(.text)
    .text                                    0x000004c2   Section        0  indicate_semi.o(.text)
    i.ADC1_In                                0x000004c4   Section        0  texas.o(i.ADC1_In)
    i.ADC1_Init                              0x000004d0   Section        0  texas.o(i.ADC1_Init)
    i.ADC_In                                 0x000005a4   Section        0  adc.o(i.ADC_In)
    i.ADC_Init                               0x000005dc   Section        0  adc.o(i.ADC_Init)
    i.Bunker_Draw                            0x000006c4   Section        0  spaceinvaders.o(i.Bunker_Draw)
    i.Bunker_Init                            0x00000728   Section        0  spaceinvaders.o(i.Bunker_Init)
    i.DACInit                                0x000007b4   Section        0  gamesound.o(i.DACInit)
    i.DACOut                                 0x00000820   Section        0  gamesound.o(i.DACOut)
    i.Delay100ms                             0x0000082c   Section        0  spaceinvaders.o(i.Delay100ms)
    i.Display_Score                          0x00000850   Section        0  spaceinvaders.o(i.Display_Score)
    i.Display_StartScreen                    0x00000884   Section        0  spaceinvaders.o(i.Display_StartScreen)
    i.EnemyMissile_Draw                      0x000008b8   Section        0  spaceinvaders.o(i.EnemyMissile_Draw)
    i.EnemyMissile_Init                      0x00000b3c   Section        0  spaceinvaders.o(i.EnemyMissile_Init)
    i.EnemyMissile_Move                      0x00000b90   Section        0  spaceinvaders.o(i.EnemyMissile_Move)
    i.Enemy_Attack                           0x00000be4   Section        0  spaceinvaders.o(i.Enemy_Attack)
    i.Enemy_Draw                             0x00000d20   Section        0  spaceinvaders.o(i.Enemy_Draw)
    i.Enemy_Init                             0x00000ee0   Section        0  spaceinvaders.o(i.Enemy_Init)
    i.Enemy_Move                             0x00001078   Section        0  spaceinvaders.o(i.Enemy_Move)
    i.GPIOPortE_Handler                      0x000013b0   Section        0  switch.o(i.GPIOPortE_Handler)
    i.GameSound_Init                         0x000013ec   Section        0  gamesound.o(i.GameSound_Init)
    i.GameSound_Play                         0x000013fc   Section        0  gamesound.o(i.GameSound_Play)
    i.IntInit                                0x000014b0   Section        0  switch.o(i.IntInit)
    i.Nokia5110_Clear                        0x000014f0   Section        0  nokia5110.o(i.Nokia5110_Clear)
    i.Nokia5110_ClearBuffer                  0x00001510   Section        0  nokia5110.o(i.Nokia5110_ClearBuffer)
    i.Nokia5110_DisplayBuffer                0x00001528   Section        0  nokia5110.o(i.Nokia5110_DisplayBuffer)
    i.Nokia5110_DrawFullImage                0x00001538   Section        0  nokia5110.o(i.Nokia5110_DrawFullImage)
    i.Nokia5110_Init                         0x0000155c   Section        0  nokia5110.o(i.Nokia5110_Init)
    i.Nokia5110_OutChar                      0x000016c8   Section        0  nokia5110.o(i.Nokia5110_OutChar)
    i.Nokia5110_OutString                    0x00001700   Section        0  nokia5110.o(i.Nokia5110_OutString)
    i.Nokia5110_OutUDec                      0x00001718   Section        0  nokia5110.o(i.Nokia5110_OutUDec)
    i.Nokia5110_PrintBMP                     0x000018b4   Section        0  nokia5110.o(i.Nokia5110_PrintBMP)
    i.Nokia5110_SetCursor                    0x00001a5c   Section        0  nokia5110.o(i.Nokia5110_SetCursor)
    i.PLL_Init                               0x00001a8c   Section        0  texas.o(i.PLL_Init)
    i.Pause_Init                             0x00001b08   Section        0  spaceinvaders.o(i.Pause_Init)
    i.PlayerMissile_Draw                     0x00001b14   Section        0  spaceinvaders.o(i.PlayerMissile_Draw)
    i.PlayerMissile_Init                     0x00001c58   Section        0  spaceinvaders.o(i.PlayerMissile_Init)
    i.PlayerMissile_Move                     0x00001c78   Section        0  spaceinvaders.o(i.PlayerMissile_Move)
    i.Player_Draw                            0x00001ca8   Section        0  spaceinvaders.o(i.Player_Draw)
    i.Player_Init                            0x00001d20   Section        0  spaceinvaders.o(i.Player_Init)
    i.Player_Move                            0x00001d54   Section        0  spaceinvaders.o(i.Player_Move)
    i.Reset_Game                             0x00001d68   Section        0  spaceinvaders.o(i.Reset_Game)
    i.Reset_Score                            0x00001dac   Section        0  spaceinvaders.o(i.Reset_Score)
    i.SetCode                                0x00001db8   Section        0  texas.o(i.SetCode)
    i.SetCourse                              0x00001dd0   Section        0  texas.o(i.SetCourse)
    i.Switch_Init                            0x00001de8   Section        0  switch.o(i.Switch_Init)
    i.Switch_Read                            0x00001e50   Section        0  switch.o(i.Switch_Read)
    i.SysTick_Handler                        0x00001e60   Section        0  spaceinvaders.o(i.SysTick_Handler)
    i.Systick_Init                           0x00001f30   Section        0  spaceinvaders.o(i.Systick_Init)
    i.TExaS_Init                             0x00001f4c   Section        0  texas.o(i.TExaS_Init)
    i.Timer2A_Handler                        0x00002110   Section        0  gamesound.o(i.Timer2A_Handler)
    i.Timer2A_Start                          0x0000216c   Section        0  gamesound.o(i.Timer2A_Start)
    i.Timer2A_Stop                           0x00002178   Section        0  gamesound.o(i.Timer2A_Stop)
    i.Timer2_Init                            0x00002184   Section        0  gamesound.o(i.Timer2_Init)
    i.Timer4A_Handler                        0x000021e0   Section        0  texas.o(i.Timer4A_Handler)
    i.Timer5A_Handler                        0x00002200   Section        0  texas.o(i.Timer5A_Handler)
    i.UART0_Init                             0x00002230   Section        0  texas.o(i.UART0_Init)
    i.Update_LCD                             0x000022f0   Section        0  spaceinvaders.o(i.Update_LCD)
    i.checkHit                               0x00002314   Section        0  spaceinvaders.o(i.checkHit)
    i.lcdwrite                               0x00002478   Section        0  nokia5110.o(i.lcdwrite)
    lcdwrite                                 0x00002479   Thumb Code    66  nokia5110.o(i.lcdwrite)
    i.main                                   0x000024c4   Section        0  spaceinvaders.o(i.main)
    i.missileCloseToEnemy                    0x00002618   Section        0  spaceinvaders.o(i.missileCloseToEnemy)
    .constdata                               0x000026d8   Section      480  nokia5110.o(.constdata)
    ASCII                                    0x000026d8   Data         480  nokia5110.o(.constdata)
    .constdata                               0x000028b8   Section     4411  spaceinvaders.o(.constdata)
    ASCII                                    0x000028b8   Data         480  spaceinvaders.o(.constdata)
    .constdata                               0x000039f3   Section      360  texas.o(.constdata)
    .constdata                               0x00003b5b   Section    16188  gamesound.o(.constdata)
    .data                                    0x20000000   Section      324  spaceinvaders.o(.data)
    frameCount                               0x20000130   Data           1  spaceinvaders.o(.data)
    frameCount                               0x20000131   Data           1  spaceinvaders.o(.data)
    frameCount                               0x20000132   Data           1  spaceinvaders.o(.data)
    frameCount                               0x20000133   Data           1  spaceinvaders.o(.data)
    .data                                    0x20000144   Section       52  texas.o(.data)
    .data                                    0x20000178   Section        4  adc.o(.data)
    .data                                    0x2000017c   Section       16  gamesound.o(.data)
    DATA                                     0x2000018c   Section        4  random.o(DATA)
    M                                        0x2000018c   Data           4  random.o(DATA)
    .bss                                     0x20000190   Section      504  nokia5110.o(.bss)
    .bss                                     0x20000388   Section      476  spaceinvaders.o(.bss)
    .bss                                     0x20000568   Section       56  texas.o(.bss)
    .bss                                     0x200005a0   Section       96  libspace.o(.bss)
    HEAP                                     0x20000600   Section        0  startup.o(HEAP)
    STACK                                    0x20000600   Section     1024  startup.o(STACK)
    HeapMem                                  0x20000600   Data           0  startup.o(HEAP)
    StackMem                                 0x20000600   Data           0  startup.o(STACK)

    Global Symbols

    Symbol Name                              Value     Ov Type        Size  Object(Section)

    BuildAttributes$$THM_ISAv4$E$P$D$K$B$S$7EM$PE$A:L22UL41UL21$X:L11$S22US41US21$IEEE1$IW$USESV6$~STKCKD$USESV7$~SHL$OSPACE$ROPI$EBA8$UX$STANDARDLIB$REQ8$PRES8$EABIv2 0x00000000   Number         0  anon$$obj.o ABSOLUTE
    __ARM_use_no_argv                        0x00000000   Number         0  spaceinvaders.o ABSOLUTE
    __Vectors                                0x00000000   Data           0  startup.o(RESET)
    __ARM_exceptions_init                     - Undefined Weak Reference
    __alloca_initialize                       - Undefined Weak Reference
    __cpp_initialize__aeabi_                  - Undefined Weak Reference
    __cxa_finalize                            - Undefined Weak Reference
    __rt_locale                               - Undefined Weak Reference
    __sigvec_lookup                           - Undefined Weak Reference
    _atexit_init                              - Undefined Weak Reference
    _call_atexit_fns                          - Undefined Weak Reference
    _clock_init                               - Undefined Weak Reference
    _fp_trap_init                             - Undefined Weak Reference
    _fp_trap_shutdown                         - Undefined Weak Reference
    _get_lc_collate                           - Undefined Weak Reference
    _get_lc_ctype                             - Undefined Weak Reference
    _get_lc_monetary                          - Undefined Weak Reference
    _get_lc_numeric                           - Undefined Weak Reference
    _get_lc_time                              - Undefined Weak Reference
    _getenv_init                              - Undefined Weak Reference
    _handle_redirection                       - Undefined Weak Reference
    _init_alloc                               - Undefined Weak Reference
    _init_user_alloc                          - Undefined Weak Reference
    _initio                                   - Undefined Weak Reference
    _rand_init                                - Undefined Weak Reference
    _signal_finish                            - Undefined Weak Reference
    _signal_init                              - Undefined Weak Reference
    _terminate_alloc                          - Undefined Weak Reference
    _terminate_user_alloc                     - Undefined Weak Reference
    _terminateio                              - Undefined Weak Reference
    Reset_Handler                            0x0000026d   Thumb Code     0  startup.o(RESET)
    NMI_Handler                              0x00000271   Thumb Code     2  startup.o(RESET)
    HardFault_Handler                        0x00000273   Thumb Code     2  startup.o(RESET)
    MemManage_Handler                        0x00000275   Thumb Code     2  startup.o(RESET)
    BusFault_Handler                         0x00000277   Thumb Code     2  startup.o(RESET)
    UsageFault_Handler                       0x00000279   Thumb Code     2  startup.o(RESET)
    SVC_Handler                              0x0000027b   Thumb Code     2  startup.o(RESET)
    DebugMon_Handler                         0x0000027d   Thumb Code     2  startup.o(RESET)
    PendSV_Handler                           0x0000027f   Thumb Code     2  startup.o(RESET)
    ADC0Seq0_Handler                         0x00000283   Thumb Code     0  startup.o(RESET)
    ADC0Seq1_Handler                         0x00000283   Thumb Code     0  startup.o(RESET)
    ADC0Seq2_Handler                         0x00000283   Thumb Code     0  startup.o(RESET)
    ADC0Seq3_Handler                         0x00000283   Thumb Code     0  startup.o(RESET)
    ADC1Seq0_Handler                         0x00000283   Thumb Code     0  startup.o(RESET)
    ADC1Seq1_Handler                         0x00000283   Thumb Code     0  startup.o(RESET)
    ADC1Seq2_Handler                         0x00000283   Thumb Code     0  startup.o(RESET)
    ADC1Seq3_Handler                         0x00000283   Thumb Code     0  startup.o(RESET)
    CAN0_Handler                             0x00000283   Thumb Code     0  startup.o(RESET)
    CAN1_Handler                             0x00000283   Thumb Code     0  startup.o(RESET)
    CAN2_Handler                             0x00000283   Thumb Code     0  startup.o(RESET)
    Comp0_Handler                            0x00000283   Thumb Code     0  startup.o(RESET)
    Comp1_Handler                            0x00000283   Thumb Code     0  startup.o(RESET)
    Comp2_Handler                            0x00000283   Thumb Code     0  startup.o(RESET)
    Ethernet_Handler                         0x00000283   Thumb Code     0  startup.o(RESET)
    ExtBus_Handler                           0x00000283   Thumb Code     0  startup.o(RESET)
    FPU_Handler                              0x00000283   Thumb Code     0  startup.o(RESET)
    Fan0_Handler                             0x00000283   Thumb Code     0  startup.o(RESET)
    FlashCtl_Handler                         0x00000283   Thumb Code     0  startup.o(RESET)
    GPIOPortA_Handler                        0x00000283   Thumb Code     0  startup.o(RESET)
    GPIOPortB_Handler                        0x00000283   Thumb Code     0  startup.o(RESET)
    GPIOPortC_Handler                        0x00000283   Thumb Code     0  startup.o(RESET)
    GPIOPortD_Handler                        0x00000283   Thumb Code     0  startup.o(RESET)
    GPIOPortF_Handler                        0x00000283   Thumb Code     0  startup.o(RESET)
    GPIOPortG_Handler                        0x00000283   Thumb Code     0  startup.o(RESET)
    GPIOPortH_Handler                        0x00000283   Thumb Code     0  startup.o(RESET)
    GPIOPortJ_Handler                        0x00000283   Thumb Code     0  startup.o(RESET)
    GPIOPortK_Handler                        0x00000283   Thumb Code     0  startup.o(RESET)
    GPIOPortL_Handler                        0x00000283   Thumb Code     0  startup.o(RESET)
    GPIOPortM_Handler                        0x00000283   Thumb Code     0  startup.o(RESET)
    GPIOPortN_Handler                        0x00000283   Thumb Code     0  startup.o(RESET)
    GPIOPortP1_Handler                       0x00000283   Thumb Code     0  startup.o(RESET)
    GPIOPortP2_Handler                       0x00000283   Thumb Code     0  startup.o(RESET)
    GPIOPortP3_Handler                       0x00000283   Thumb Code     0  startup.o(RESET)
    GPIOPortP4_Handler                       0x00000283   Thumb Code     0  startup.o(RESET)
    GPIOPortP5_Handler                       0x00000283   Thumb Code     0  startup.o(RESET)
    GPIOPortP6_Handler                       0x00000283   Thumb Code     0  startup.o(RESET)
    GPIOPortP7_Handler                       0x00000283   Thumb Code     0  startup.o(RESET)
    GPIOPortP_Handler                        0x00000283   Thumb Code     0  startup.o(RESET)
    GPIOPortQ1_Handler                       0x00000283   Thumb Code     0  startup.o(RESET)
    GPIOPortQ2_Handler                       0x00000283   Thumb Code     0  startup.o(RESET)
    GPIOPortQ3_Handler                       0x00000283   Thumb Code     0  startup.o(RESET)
    GPIOPortQ4_Handler                       0x00000283   Thumb Code     0  startup.o(RESET)
    GPIOPortQ5_Handler                       0x00000283   Thumb Code     0  startup.o(RESET)
    GPIOPortQ6_Handler                       0x00000283   Thumb Code     0  startup.o(RESET)
    GPIOPortQ7_Handler                       0x00000283   Thumb Code     0  startup.o(RESET)
    GPIOPortQ_Handler                        0x00000283   Thumb Code     0  startup.o(RESET)
    GPIOPortR_Handler                        0x00000283   Thumb Code     0  startup.o(RESET)
    GPIOPortS_Handler                        0x00000283   Thumb Code     0  startup.o(RESET)
    Hibernate_Handler                        0x00000283   Thumb Code     0  startup.o(RESET)
    I2C0_Handler                             0x00000283   Thumb Code     0  startup.o(RESET)
    I2C1_Handler                             0x00000283   Thumb Code     0  startup.o(RESET)
    I2C2_Handler                             0x00000283   Thumb Code     0  startup.o(RESET)
    I2C3_Handler                             0x00000283   Thumb Code     0  startup.o(RESET)
    I2C4_Handler                             0x00000283   Thumb Code     0  startup.o(RESET)
    I2C5_Handler                             0x00000283   Thumb Code     0  startup.o(RESET)
    I2S0_Handler                             0x00000283   Thumb Code     0  startup.o(RESET)
    LPC0_Handler                             0x00000283   Thumb Code     0  startup.o(RESET)
    PECI0_Handler                            0x00000283   Thumb Code     0  startup.o(RESET)
    PWM0Fault_Handler                        0x00000283   Thumb Code     0  startup.o(RESET)
    PWM0Generator0_Handler                   0x00000283   Thumb Code     0  startup.o(RESET)
    PWM0Generator1_Handler                   0x00000283   Thumb Code     0  startup.o(RESET)
    PWM0Generator2_Handler                   0x00000283   Thumb Code     0  startup.o(RESET)
    PWM0Generator3_Handler                   0x00000283   Thumb Code     0  startup.o(RESET)
    PWM1Fault_Handler                        0x00000283   Thumb Code     0  startup.o(RESET)
    PWM1Generator0_Handler                   0x00000283   Thumb Code     0  startup.o(RESET)
    PWM1Generator1_Handler                   0x00000283   Thumb Code     0  startup.o(RESET)
    PWM1Generator2_Handler                   0x00000283   Thumb Code     0  startup.o(RESET)
    PWM1Generator3_Handler                   0x00000283   Thumb Code     0  startup.o(RESET)
    Quadrature0_Handler                      0x00000283   Thumb Code     0  startup.o(RESET)
    Quadrature1_Handler                      0x00000283   Thumb Code     0  startup.o(RESET)
    Quadrature2_Handler                      0x00000283   Thumb Code     0  startup.o(RESET)
    SSI0_Handler                             0x00000283   Thumb Code     0  startup.o(RESET)
    SSI1_Handler                             0x00000283   Thumb Code     0  startup.o(RESET)
    SSI2_Handler                             0x00000283   Thumb Code     0  startup.o(RESET)
    SSI3_Handler                             0x00000283   Thumb Code     0  startup.o(RESET)
    SysCtl_Handler                           0x00000283   Thumb Code     0  startup.o(RESET)
    Timer0A_Handler                          0x00000283   Thumb Code     0  startup.o(RESET)
    Timer0B_Handler                          0x00000283   Thumb Code     0  startup.o(RESET)
    Timer1A_Handler                          0x00000283   Thumb Code     0  startup.o(RESET)
    Timer1B_Handler                          0x00000283   Thumb Code     0  startup.o(RESET)
    Timer2B_Handler                          0x00000283   Thumb Code     0  startup.o(RESET)
    Timer3A_Handler                          0x00000283   Thumb Code     0  startup.o(RESET)
    Timer3B_Handler                          0x00000283   Thumb Code     0  startup.o(RESET)
    Timer4B_Handler                          0x00000283   Thumb Code     0  startup.o(RESET)
    Timer5B_Handler                          0x00000283   Thumb Code     0  startup.o(RESET)
    UART0_Handler                            0x00000283   Thumb Code     0  startup.o(RESET)
    UART1_Handler                            0x00000283   Thumb Code     0  startup.o(RESET)
    UART2_Handler                            0x00000283   Thumb Code     0  startup.o(RESET)
    UART3_Handler                            0x00000283   Thumb Code     0  startup.o(RESET)
    UART4_Handler                            0x00000283   Thumb Code     0  startup.o(RESET)
    UART5_Handler                            0x00000283   Thumb Code     0  startup.o(RESET)
    UART6_Handler                            0x00000283   Thumb Code     0  startup.o(RESET)
    UART7_Handler                            0x00000283   Thumb Code     0  startup.o(RESET)
    USB0_Handler                             0x00000283   Thumb Code     0  startup.o(RESET)
    WDT_Handler                              0x00000283   Thumb Code     0  startup.o(RESET)
    WideTimer0A_Handler                      0x00000283   Thumb Code     0  startup.o(RESET)
    WideTimer0B_Handler                      0x00000283   Thumb Code     0  startup.o(RESET)
    WideTimer1A_Handler                      0x00000283   Thumb Code     0  startup.o(RESET)
    WideTimer1B_Handler                      0x00000283   Thumb Code     0  startup.o(RESET)
    WideTimer2A_Handler                      0x00000283   Thumb Code     0  startup.o(RESET)
    WideTimer2B_Handler                      0x00000283   Thumb Code     0  startup.o(RESET)
    WideTimer3A_Handler                      0x00000283   Thumb Code     0  startup.o(RESET)
    WideTimer3B_Handler                      0x00000283   Thumb Code     0  startup.o(RESET)
    WideTimer4A_Handler                      0x00000283   Thumb Code     0  startup.o(RESET)
    WideTimer4B_Handler                      0x00000283   Thumb Code     0  startup.o(RESET)
    WideTimer5A_Handler                      0x00000283   Thumb Code     0  startup.o(RESET)
    WideTimer5B_Handler                      0x00000283   Thumb Code     0  startup.o(RESET)
    uDMA_Error                               0x00000283   Thumb Code     0  startup.o(RESET)
    uDMA_Handler                             0x00000283   Thumb Code     0  startup.o(RESET)
    __main                                   0x00000285   Thumb Code     8  __main.o(!!!main)
    __scatterload                            0x0000028d   Thumb Code     0  __scatter.o(!!!scatter)
    __scatterload_rt2                        0x0000028d   Thumb Code    44  __scatter.o(!!!scatter)
    __scatterload_rt2_thumb_only             0x0000028d   Thumb Code     0  __scatter.o(!!!scatter)
    __scatterload_null                       0x0000029b   Thumb Code     0  __scatter.o(!!!scatter)
    __decompress                             0x000002c1   Thumb Code    90  __dczerorl2.o(!!dczerorl2)
    __decompress1                            0x000002c1   Thumb Code     0  __dczerorl2.o(!!dczerorl2)
    __scatterload_zeroinit                   0x0000031d   Thumb Code    28  __scatter_zi.o(!!handler_zi)
    __rt_lib_init                            0x00000339   Thumb Code     0  libinit.o(.ARM.Collect$$libinit$$00000000)
    __rt_lib_init_alloca_1                   0x0000033b   Thumb Code     0  libinit2.o(.ARM.Collect$$libinit$$0000002C)
    __rt_lib_init_argv_1                     0x0000033b   Thumb Code     0  libinit2.o(.ARM.Collect$$libinit$$0000002A)
    __rt_lib_init_atexit_1                   0x0000033b   Thumb Code     0  libinit2.o(.ARM.Collect$$libinit$$00000019)
    __rt_lib_init_clock_1                    0x0000033b   Thumb Code     0  libinit2.o(.ARM.Collect$$libinit$$0000001F)
    __rt_lib_init_cpp_1                      0x0000033b   Thumb Code     0  libinit2.o(.ARM.Collect$$libinit$$00000030)
    __rt_lib_init_exceptions_1               0x0000033b   Thumb Code     0  libinit2.o(.ARM.Collect$$libinit$$0000002E)
    __rt_lib_init_fp_1                       0x0000033b   Thumb Code     0  libinit2.o(.ARM.Collect$$libinit$$00000002)
    __rt_lib_init_fp_trap_1                  0x0000033b   Thumb Code     0  libinit2.o(.ARM.Collect$$libinit$$0000001D)
    __rt_lib_init_getenv_1                   0x0000033b   Thumb Code     0  libinit2.o(.ARM.Collect$$libinit$$00000021)
    __rt_lib_init_heap_1                     0x0000033b   Thumb Code     0  libinit2.o(.ARM.Collect$$libinit$$00000008)
    __rt_lib_init_lc_collate_1               0x0000033b   Thumb Code     0  libinit2.o(.ARM.Collect$$libinit$$0000000F)
    __rt_lib_init_lc_ctype_1                 0x0000033b   Thumb Code     0  libinit2.o(.ARM.Collect$$libinit$$00000011)
    __rt_lib_init_lc_monetary_1              0x0000033b   Thumb Code     0  libinit2.o(.ARM.Collect$$libinit$$00000013)
    __rt_lib_init_lc_numeric_1               0x0000033b   Thumb Code     0  libinit2.o(.ARM.Collect$$libinit$$00000015)
    __rt_lib_init_lc_time_1                  0x0000033b   Thumb Code     0  libinit2.o(.ARM.Collect$$libinit$$00000017)
    __rt_lib_init_rand_1                     0x0000033b   Thumb Code     0  libinit2.o(.ARM.Collect$$libinit$$0000000C)
    __rt_lib_init_return                     0x0000033b   Thumb Code     0  libinit2.o(.ARM.Collect$$libinit$$00000031)
    __rt_lib_init_signal_1                   0x0000033b   Thumb Code     0  libinit2.o(.ARM.Collect$$libinit$$0000001B)
    __rt_lib_init_stdio_1                    0x0000033b   Thumb Code     0  libinit2.o(.ARM.Collect$$libinit$$00000023)
    __rt_lib_init_user_alloc_1               0x0000033b   Thumb Code     0  libinit2.o(.ARM.Collect$$libinit$$0000000A)
    __rt_lib_shutdown                        0x0000033d   Thumb Code     0  libshutdown.o(.ARM.Collect$$libshutdown$$00000000)
    __rt_lib_shutdown_fp_trap_1              0x0000033f   Thumb Code     0  libshutdown2.o(.ARM.Collect$$libshutdown$$00000006)
    __rt_lib_shutdown_heap_1                 0x0000033f   Thumb Code     0  libshutdown2.o(.ARM.Collect$$libshutdown$$0000000E)
    __rt_lib_shutdown_return                 0x0000033f   Thumb Code     0  libshutdown2.o(.ARM.Collect$$libshutdown$$0000000F)
    __rt_lib_shutdown_signal_1               0x0000033f   Thumb Code     0  libshutdown2.o(.ARM.Collect$$libshutdown$$00000009)
    __rt_lib_shutdown_stdio_1                0x0000033f   Thumb Code     0  libshutdown2.o(.ARM.Collect$$libshutdown$$00000003)
    __rt_lib_shutdown_user_alloc_1           0x0000033f   Thumb Code     0  libshutdown2.o(.ARM.Collect$$libshutdown$$0000000B)
    __rt_entry                               0x00000341   Thumb Code     0  rtentry.o(.ARM.Collect$$rtentry$$00000000)
    __rt_entry_presh_1                       0x00000341   Thumb Code     0  rtentry2.o(.ARM.Collect$$rtentry$$00000002)
    __rt_entry_sh                            0x00000341   Thumb Code     0  rtentry4.o(.ARM.Collect$$rtentry$$00000004)
    __rt_entry_li                            0x00000347   Thumb Code     0  rtentry2.o(.ARM.Collect$$rtentry$$0000000A)
    __rt_entry_postsh_1                      0x00000347   Thumb Code     0  rtentry2.o(.ARM.Collect$$rtentry$$00000009)
    __rt_entry_main                          0x0000034b   Thumb Code     0  rtentry2.o(.ARM.Collect$$rtentry$$0000000D)
    __rt_entry_postli_1                      0x0000034b   Thumb Code     0  rtentry2.o(.ARM.Collect$$rtentry$$0000000C)
    __rt_exit                                0x00000353   Thumb Code     0  rtexit.o(.ARM.Collect$$rtexit$$00000000)
    __rt_exit_ls                             0x00000355   Thumb Code     0  rtexit2.o(.ARM.Collect$$rtexit$$00000003)
    __rt_exit_prels_1                        0x00000355   Thumb Code     0  rtexit2.o(.ARM.Collect$$rtexit$$00000002)
    __rt_exit_exit                           0x00000359   Thumb Code     0  rtexit2.o(.ARM.Collect$$rtexit$$00000004)
    DisableInterrupts                        0x00000361   Thumb Code     0  startup.o(.text)
    EnableInterrupts                         0x00000365   Thumb Code     0  startup.o(.text)
    StartCritical                            0x00000369   Thumb Code     0  startup.o(.text)
    EndCritical                              0x00000371   Thumb Code     0  startup.o(.text)
    WaitForInterrupt                         0x00000377   Thumb Code     0  startup.o(.text)
    __user_initial_stackheap                 0x0000037b   Thumb Code     0  startup.o(.text)
    Random_Init                              0x00000391   Thumb Code     0  random.o(.text)
    Random32                                 0x0000039b   Thumb Code     2  random.o(.text)
    Random                                   0x000003ad   Thumb Code     2  random.o(.text)
    strcmp                                   0x000003d1   Thumb Code   128  strcmpv7m.o(.text)
    __use_two_region_memory                  0x00000451   Thumb Code     2  heapauxi.o(.text)
    __rt_heap_escrow$2region                 0x00000453   Thumb Code     2  heapauxi.o(.text)
    __rt_heap_expand$2region                 0x00000455   Thumb Code     2  heapauxi.o(.text)
    __user_setup_stackheap                   0x00000457   Thumb Code    74  sys_stackheap_outer.o(.text)
    exit                                     0x000004a1   Thumb Code    12  exit.o(.text)
    __user_libspace                          0x000004ad   Thumb Code     8  libspace.o(.text)
    __user_perproc_libspace                  0x000004ad   Thumb Code     0  libspace.o(.text)
    __user_perthread_libspace                0x000004ad   Thumb Code     0  libspace.o(.text)
    _sys_exit                                0x000004b5   Thumb Code     8  sys_exit.o(.text)
    __I$use$semihosting                      0x000004c1   Thumb Code     0  use_no_semi.o(.text)
    __use_no_semihosting_swi                 0x000004c1   Thumb Code     2  use_no_semi.o(.text)
    __semihosting_library_function           0x000004c3   Thumb Code     0  indicate_semi.o(.text)
    ADC1_In                                  0x000004c5   Thumb Code     6  texas.o(i.ADC1_In)
    ADC1_Init                                0x000004d1   Thumb Code   174  texas.o(i.ADC1_Init)
    ADC_In                                   0x000005a5   Thumb Code    46  adc.o(i.ADC_In)
    ADC_Init                                 0x000005dd   Thumb Code   184  adc.o(i.ADC_Init)
    Bunker_Draw                              0x000006c5   Thumb Code    94  spaceinvaders.o(i.Bunker_Draw)
    Bunker_Init                              0x00000729   Thumb Code   116  spaceinvaders.o(i.Bunker_Init)
    DACInit                                  0x000007b5   Thumb Code    80  gamesound.o(i.DACInit)
    DACOut                                   0x00000821   Thumb Code     6  gamesound.o(i.DACOut)
    Delay100ms                               0x0000082d   Thumb Code    30  spaceinvaders.o(i.Delay100ms)
    Display_Score                            0x00000851   Thumb Code    34  spaceinvaders.o(i.Display_Score)
    Display_StartScreen                      0x00000885   Thumb Code    32  spaceinvaders.o(i.Display_StartScreen)
    EnemyMissile_Draw                        0x000008b9   Thumb Code   614  spaceinvaders.o(i.EnemyMissile_Draw)
    EnemyMissile_Init                        0x00000b3d   Thumb Code    68  spaceinvaders.o(i.EnemyMissile_Init)
    EnemyMissile_Move                        0x00000b91   Thumb Code    76  spaceinvaders.o(i.EnemyMissile_Move)
    Enemy_Attack                             0x00000be5   Thumb Code   296  spaceinvaders.o(i.Enemy_Attack)
    Enemy_Draw                               0x00000d21   Thumb Code   398  spaceinvaders.o(i.Enemy_Draw)
    Enemy_Init                               0x00000ee1   Thumb Code   356  spaceinvaders.o(i.Enemy_Init)
    Enemy_Move                               0x00001079   Thumb Code   784  spaceinvaders.o(i.Enemy_Move)
    GPIOPortE_Handler                        0x000013b1   Thumb Code    50  switch.o(i.GPIOPortE_Handler)
    GameSound_Init                           0x000013ed   Thumb Code    16  gamesound.o(i.GameSound_Init)
    GameSound_Play                           0x000013fd   Thumb Code   108  gamesound.o(i.GameSound_Play)
    IntInit                                  0x000014b1   Thumb Code    52  switch.o(i.IntInit)
    Nokia5110_Clear                          0x000014f1   Thumb Code    32  nokia5110.o(i.Nokia5110_Clear)
    Nokia5110_ClearBuffer                    0x00001511   Thumb Code    20  nokia5110.o(i.Nokia5110_ClearBuffer)
    Nokia5110_DisplayBuffer                  0x00001529   Thumb Code    10  nokia5110.o(i.Nokia5110_DisplayBuffer)
    Nokia5110_DrawFullImage                  0x00001539   Thumb Code    34  nokia5110.o(i.Nokia5110_DrawFullImage)
    Nokia5110_Init                           0x0000155d   Thumb Code   316  nokia5110.o(i.Nokia5110_Init)
    Nokia5110_OutChar                        0x000016c9   Thumb Code    52  nokia5110.o(i.Nokia5110_OutChar)
    Nokia5110_OutString                      0x00001701   Thumb Code    22  nokia5110.o(i.Nokia5110_OutString)
    Nokia5110_OutUDec                        0x00001719   Thumb Code   394  nokia5110.o(i.Nokia5110_OutUDec)
    Nokia5110_PrintBMP                       0x000018b5   Thumb Code   420  nokia5110.o(i.Nokia5110_PrintBMP)
    Nokia5110_SetCursor                      0x00001a5d   Thumb Code    48  nokia5110.o(i.Nokia5110_SetCursor)
    PLL_Init                                 0x00001a8d   Thumb Code   118  texas.o(i.PLL_Init)
    Pause_Init                               0x00001b09   Thumb Code     8  spaceinvaders.o(i.Pause_Init)
    PlayerMissile_Draw                       0x00001b15   Thumb Code   308  spaceinvaders.o(i.PlayerMissile_Draw)
    PlayerMissile_Init                       0x00001c59   Thumb Code    20  spaceinvaders.o(i.PlayerMissile_Init)
    PlayerMissile_Move                       0x00001c79   Thumb Code    40  spaceinvaders.o(i.PlayerMissile_Move)
    Player_Draw                              0x00001ca9   Thumb Code    94  spaceinvaders.o(i.Player_Draw)
    Player_Init                              0x00001d21   Thumb Code    34  spaceinvaders.o(i.Player_Init)
    Player_Move                              0x00001d55   Thumb Code    14  spaceinvaders.o(i.Player_Move)
    Reset_Game                               0x00001d69   Thumb Code    66  spaceinvaders.o(i.Reset_Game)
    Reset_Score                              0x00001dad   Thumb Code     8  spaceinvaders.o(i.Reset_Score)
    SetCode                                  0x00001db9   Thumb Code    20  texas.o(i.SetCode)
    SetCourse                                0x00001dd1   Thumb Code    20  texas.o(i.SetCourse)
    Switch_Init                              0x00001de9   Thumb Code    92  switch.o(i.Switch_Init)
    Switch_Read                              0x00001e51   Thumb Code    10  switch.o(i.Switch_Read)
    SysTick_Handler                          0x00001e61   Thumb Code   164  spaceinvaders.o(i.SysTick_Handler)
    Systick_Init                             0x00001f31   Thumb Code    28  spaceinvaders.o(i.Systick_Init)
    TExaS_Init                               0x00001f4d   Thumb Code   324  texas.o(i.TExaS_Init)
    Timer2A_Handler                          0x00002111   Thumb Code    72  gamesound.o(i.Timer2A_Handler)
    Timer2A_Start                            0x0000216d   Thumb Code     8  gamesound.o(i.Timer2A_Start)
    Timer2A_Stop                             0x00002179   Thumb Code     8  gamesound.o(i.Timer2A_Stop)
    Timer2_Init                              0x00002185   Thumb Code    72  gamesound.o(i.Timer2_Init)
    Timer4A_Handler                          0x000021e1   Thumb Code    20  texas.o(i.Timer4A_Handler)
    Timer5A_Handler                          0x00002201   Thumb Code    34  texas.o(i.Timer5A_Handler)
    UART0_Init                               0x00002231   Thumb Code   160  texas.o(i.UART0_Init)
    Update_LCD                               0x000022f1   Thumb Code    26  spaceinvaders.o(i.Update_LCD)
    checkHit                                 0x00002315   Thumb Code   340  spaceinvaders.o(i.checkHit)
    main                                     0x000024c5   Thumb Code   266  spaceinvaders.o(i.main)
    missileCloseToEnemy                      0x00002619   Thumb Code   168  spaceinvaders.o(i.missileCloseToEnemy)
    SmallEnemy30PointA                       0x00002a98   Data         199  spaceinvaders.o(.constdata)
    SmallEnemy30PointB                       0x00002b5f   Data         199  spaceinvaders.o(.constdata)
    SmallEnemy20PointA                       0x00002c26   Data         199  spaceinvaders.o(.constdata)
    SmallEnemy20PointB                       0x00002ced   Data         199  spaceinvaders.o(.constdata)
    SmallEnemy10PointA                       0x00002db4   Data         199  spaceinvaders.o(.constdata)
    SmallEnemy10PointB                       0x00002e7b   Data         199  spaceinvaders.o(.constdata)
    PlayerShip0                              0x00002f42   Data         215  spaceinvaders.o(.constdata)
    SmallEnemyBonus0                         0x00003019   Data         203  spaceinvaders.o(.constdata)
    Bunker0                                  0x000030e4   Data         179  spaceinvaders.o(.constdata)
    Bunker1                                  0x00003197   Data         179  spaceinvaders.o(.constdata)
    Bunker2                                  0x0000324a   Data         179  spaceinvaders.o(.constdata)
    Bunker3                                  0x000032fd   Data         179  spaceinvaders.o(.constdata)
    BigExplosion0                            0x000033b0   Data         215  spaceinvaders.o(.constdata)
    BigExplosion1                            0x00003487   Data         215  spaceinvaders.o(.constdata)
    SmallExplosion0                          0x0000355e   Data         199  spaceinvaders.o(.constdata)
    SmallExplosion1                          0x00003625   Data         199  spaceinvaders.o(.constdata)
    Missile0                                 0x000036ec   Data         155  spaceinvaders.o(.constdata)
    Missile1                                 0x00003787   Data         155  spaceinvaders.o(.constdata)
    Missile2                                 0x00003822   Data         155  spaceinvaders.o(.constdata)
    Laser0                                   0x000038bd   Data         155  spaceinvaders.o(.constdata)
    Laser1                                   0x00003958   Data         155  spaceinvaders.o(.constdata)
    NoInputMsg                               0x000039f3   Data          40  texas.o(.constdata)
    OutputPortMsg0                           0x00003a1b   Data          40  texas.o(.constdata)
    OutputPortMsg1                           0x00003a43   Data          40  texas.o(.constdata)
    OutputPortMsg2                           0x00003a6b   Data          40  texas.o(.constdata)
    OutputPortMsg3                           0x00003a93   Data          40  texas.o(.constdata)
    BlankMsg                                 0x00003abb   Data          40  texas.o(.constdata)
    InitializedMsg                           0x00003ae3   Data          40  texas.o(.constdata)
    IntroMsg                                 0x00003b0b   Data          40  texas.o(.constdata)
    DoneMsg                                  0x00003b33   Data          40  texas.o(.constdata)
    Shoot                                    0x00003b5b   Data        4080  gamesound.o(.constdata)
    Explosion                                0x00004b4b   Data        8731  gamesound.o(.constdata)
    InvaderKilled                            0x00006d66   Data        3377  gamesound.o(.constdata)
    Region$$Table$$Base                      0x00007a98   Number         0  anon$$obj.o(Region$$Table)
    Region$$Table$$Limit                     0x00007ab8   Number         0  anon$$obj.o(Region$$Table)
    FSM                                      0x20000000   Data         304  spaceinvaders.o(.data)
    Semaphore                                0x20000134   Data           1  spaceinvaders.o(.data)
    enemyStatus                              0x20000136   Data           2  spaceinvaders.o(.data)
    PlayerPos                                0x20000138   Data           4  spaceinvaders.o(.data)
    Score                                    0x2000013c   Data           2  spaceinvaders.o(.data)
    Pause                                    0x2000013e   Data           1  spaceinvaders.o(.data)
    enemyMissileCount                        0x2000013f   Data           1  spaceinvaders.o(.data)
    gameIs                                   0x20000140   Data           1  spaceinvaders.o(.data)
    currentState                             0x20000141   Data           1  spaceinvaders.o(.data)
    direction                                0x20000142   Data           1  spaceinvaders.o(.data)
    moveDown                                 0x20000143   Data           1  spaceinvaders.o(.data)
    TExaS_Period                             0x20000144   Data           4  texas.o(.data)
    TExaS_Ports                              0x20000148   Data           8  texas.o(.data)
    Display                                  0x20000150   Data           1  texas.o(.data)
    TExaS_Meter                              0x20000154   Data           4  texas.o(.data)
    ADCnum                                   0x20000158   Data           4  texas.o(.data)
    LastMode                                 0x2000015c   Data           4  texas.o(.data)
    bFlag                                    0x20000160   Data           4  texas.o(.data)
    Count                                    0x20000164   Data           4  texas.o(.data)
    DelayBetweenTests                        0x20000168   Data           4  texas.o(.data)
    TExaS_Test                               0x2000016c   Data           4  texas.o(.data)
    ScopeMode                                0x20000170   Data           4  texas.o(.data)
    ScopeCount                               0x20000174   Data           4  texas.o(.data)
    delay                                    0x20000178   Data           4  adc.o(.data)
    TimerCount                               0x2000017c   Data           4  gamesound.o(.data)
    SampleCount                              0x20000180   Data           4  gamesound.o(.data)
    music                                    0x20000184   Data           4  gamesound.o(.data)
    Index                                    0x20000188   Data           4  gamesound.o(.data)
    Screen                                   0x20000190   Data         504  nokia5110.o(.bss)
    Enemy                                    0x20000388   Data         224  spaceinvaders.o(.bss)
    Player                                   0x20000468   Data          28  spaceinvaders.o(.bss)
    Bunker                                   0x20000484   Data          84  spaceinvaders.o(.bss)
    EnemyMissile                             0x200004d8   Data         112  spaceinvaders.o(.bss)
    PlayerMissile                            0x20000548   Data          28  spaceinvaders.o(.bss)
    TExaS                                    0x20000568   Data          56  texas.o(.bss)
    __libspace_start                         0x200005a0   Data          96  libspace.o(.bss)
    __temporary_stack_top$libspace           0x20000600   Data           0  libspace.o(.bss)



==============================================================================

Memory Map of the image

  Image Entry point : 0x0000026d

  Load Region LR_1 (Base: 0x00000000, Size: 0x00007c48, Max: 0xffffffff, ABSOLUTE, COMPRESSED[0x00007b0c])

    Execution Region ER_RO (Base: 0x00000000, Size: 0x00007ab8, Max: 0xffffffff, ABSOLUTE)

    Base Addr    Size         Type   Attr      Idx    E Section Name        Object

    0x00000000   0x00000284   Code   RO            3  * RESET               startup.o
    0x00000284   0x00000008   Code   RO          513  * !!!main             c_w.l(__main.o)
    0x0000028c   0x00000034   Code   RO          669    !!!scatter          c_w.l(__scatter.o)
    0x000002c0   0x0000005a   Code   RO          667    !!dczerorl2         c_w.l(__dczerorl2.o)
    0x0000031a   0x00000002   PAD
    0x0000031c   0x0000001c   Code   RO          671    !!handler_zi        c_w.l(__scatter_zi.o)
    0x00000338   0x00000002   Code   RO          540    .ARM.Collect$$libinit$$00000000  c_w.l(libinit.o)
    0x0000033a   0x00000000   Code   RO          547    .ARM.Collect$$libinit$$00000002  c_w.l(libinit2.o)
    0x0000033a   0x00000000   Code   RO          550    .ARM.Collect$$libinit$$00000008  c_w.l(libinit2.o)
    0x0000033a   0x00000000   Code   RO          552    .ARM.Collect$$libinit$$0000000A  c_w.l(libinit2.o)
    0x0000033a   0x00000000   Code   RO          554    .ARM.Collect$$libinit$$0000000C  c_w.l(libinit2.o)
    0x0000033a   0x00000000   Code   RO          557    .ARM.Collect$$libinit$$0000000F  c_w.l(libinit2.o)
    0x0000033a   0x00000000   Code   RO          559    .ARM.Collect$$libinit$$00000011  c_w.l(libinit2.o)
    0x0000033a   0x00000000   Code   RO          561    .ARM.Collect$$libinit$$00000013  c_w.l(libinit2.o)
    0x0000033a   0x00000000   Code   RO          563    .ARM.Collect$$libinit$$00000015  c_w.l(libinit2.o)
    0x0000033a   0x00000000   Code   RO          565    .ARM.Collect$$libinit$$00000017  c_w.l(libinit2.o)
    0x0000033a   0x00000000   Code   RO          567    .ARM.Collect$$libinit$$00000019  c_w.l(libinit2.o)
    0x0000033a   0x00000000   Code   RO          569    .ARM.Collect$$libinit$$0000001B  c_w.l(libinit2.o)
    0x0000033a   0x00000000   Code   RO          571    .ARM.Collect$$libinit$$0000001D  c_w.l(libinit2.o)
    0x0000033a   0x00000000   Code   RO          573    .ARM.Collect$$libinit$$0000001F  c_w.l(libinit2.o)
    0x0000033a   0x00000000   Code   RO          575    .ARM.Collect$$libinit$$00000021  c_w.l(libinit2.o)
    0x0000033a   0x00000000   Code   RO          577    .ARM.Collect$$libinit$$00000023  c_w.l(libinit2.o)
    0x0000033a   0x00000000   Code   RO          581    .ARM.Collect$$libinit$$0000002A  c_w.l(libinit2.o)
    0x0000033a   0x00000000   Code   RO          583    .ARM.Collect$$libinit$$0000002C  c_w.l(libinit2.o)
    0x0000033a   0x00000000   Code   RO          585    .ARM.Collect$$libinit$$0000002E  c_w.l(libinit2.o)
    0x0000033a   0x00000000   Code   RO          587    .ARM.Collect$$libinit$$00000030  c_w.l(libinit2.o)
    0x0000033a   0x00000002   Code   RO          588    .ARM.Collect$$libinit$$00000031  c_w.l(libinit2.o)
    0x0000033c   0x00000002   Code   RO          608    .ARM.Collect$$libshutdown$$00000000  c_w.l(libshutdown.o)
    0x0000033e   0x00000000   Code   RO          622    .ARM.Collect$$libshutdown$$00000003  c_w.l(libshutdown2.o)
    0x0000033e   0x00000000   Code   RO          625    .ARM.Collect$$libshutdown$$00000006  c_w.l(libshutdown2.o)
    0x0000033e   0x00000000   Code   RO          628    .ARM.Collect$$libshutdown$$00000009  c_w.l(libshutdown2.o)
    0x0000033e   0x00000000   Code   RO          630    .ARM.Collect$$libshutdown$$0000000B  c_w.l(libshutdown2.o)
    0x0000033e   0x00000000   Code   RO          633    .ARM.Collect$$libshutdown$$0000000E  c_w.l(libshutdown2.o)
    0x0000033e   0x00000002   Code   RO          634    .ARM.Collect$$libshutdown$$0000000F  c_w.l(libshutdown2.o)
    0x00000340   0x00000000   Code   RO          515    .ARM.Collect$$rtentry$$00000000  c_w.l(rtentry.o)
    0x00000340   0x00000000   Code   RO          517    .ARM.Collect$$rtentry$$00000002  c_w.l(rtentry2.o)
    0x00000340   0x00000006   Code   RO          529    .ARM.Collect$$rtentry$$00000004  c_w.l(rtentry4.o)
    0x00000346   0x00000000   Code   RO          519    .ARM.Collect$$rtentry$$00000009  c_w.l(rtentry2.o)
    0x00000346   0x00000004   Code   RO          520    .ARM.Collect$$rtentry$$0000000A  c_w.l(rtentry2.o)
    0x0000034a   0x00000000   Code   RO          522    .ARM.Collect$$rtentry$$0000000C  c_w.l(rtentry2.o)
    0x0000034a   0x00000008   Code   RO          523    .ARM.Collect$$rtentry$$0000000D  c_w.l(rtentry2.o)
    0x00000352   0x00000002   Code   RO          544    .ARM.Collect$$rtexit$$00000000  c_w.l(rtexit.o)
    0x00000354   0x00000000   Code   RO          590    .ARM.Collect$$rtexit$$00000002  c_w.l(rtexit2.o)
    0x00000354   0x00000004   Code   RO          591    .ARM.Collect$$rtexit$$00000003  c_w.l(rtexit2.o)
    0x00000358   0x00000006   Code   RO          592    .ARM.Collect$$rtexit$$00000004  c_w.l(rtexit2.o)
    0x0000035e   0x00000002   PAD
    0x00000360   0x00000030   Code   RO            4    .text               startup.o
    0x00000390   0x00000040   Code   RO           92    .text               random.o
    0x000003d0   0x00000080   Code   RO          509    .text               c_w.l(strcmpv7m.o)
    0x00000450   0x00000006   Code   RO          511    .text               c_w.l(heapauxi.o)
    0x00000456   0x0000004a   Code   RO          531    .text               c_w.l(sys_stackheap_outer.o)
    0x000004a0   0x0000000c   Code   RO          533    .text               c_w.l(exit.o)
    0x000004ac   0x00000008   Code   RO          541    .text               c_w.l(libspace.o)
    0x000004b4   0x0000000c   Code   RO          600    .text               c_w.l(sys_exit.o)
    0x000004c0   0x00000002   Code   RO          611    .text               c_w.l(use_no_semi.o)
    0x000004c2   0x00000000   Code   RO          613    .text               c_w.l(indicate_semi.o)
    0x000004c2   0x00000002   PAD
    0x000004c4   0x0000000c   Code   RO          275    i.ADC1_In           texas.o
    0x000004d0   0x000000d4   Code   RO          276    i.ADC1_Init         texas.o
    0x000005a4   0x00000038   Code   RO          394    i.ADC_In            adc.o
    0x000005dc   0x000000e8   Code   RO          395    i.ADC_Init          adc.o
    0x000006c4   0x00000064   Code   RO           95    i.Bunker_Draw       spaceinvaders.o
    0x00000728   0x0000008c   Code   RO           96    i.Bunker_Init       spaceinvaders.o
    0x000007b4   0x0000006c   Code   RO          446    i.DACInit           gamesound.o
    0x00000820   0x0000000c   Code   RO          447    i.DACOut            gamesound.o
    0x0000082c   0x00000024   Code   RO           97    i.Delay100ms        spaceinvaders.o
    0x00000850   0x00000034   Code   RO           98    i.Display_Score     spaceinvaders.o
    0x00000884   0x00000034   Code   RO           99    i.Display_StartScreen  spaceinvaders.o
    0x000008b8   0x00000284   Code   RO          100    i.EnemyMissile_Draw  spaceinvaders.o
    0x00000b3c   0x00000054   Code   RO          101    i.EnemyMissile_Init  spaceinvaders.o
    0x00000b90   0x00000054   Code   RO          102    i.EnemyMissile_Move  spaceinvaders.o
    0x00000be4   0x0000013c   Code   RO          103    i.Enemy_Attack      spaceinvaders.o
    0x00000d20   0x000001c0   Code   RO          104    i.Enemy_Draw        spaceinvaders.o
    0x00000ee0   0x00000198   Code   RO          105    i.Enemy_Init        spaceinvaders.o
    0x00001078   0x00000338   Code   RO          106    i.Enemy_Move        spaceinvaders.o
    0x000013b0   0x0000003c   Code   RO          415    i.GPIOPortE_Handler  switch.o
    0x000013ec   0x00000010   Code   RO          448    i.GameSound_Init    gamesound.o
    0x000013fc   0x000000b4   Code   RO          449    i.GameSound_Play    gamesound.o
    0x000014b0   0x00000040   Code   RO          416    i.IntInit           switch.o
    0x000014f0   0x00000020   Code   RO           12    i.Nokia5110_Clear   nokia5110.o
    0x00001510   0x00000018   Code   RO           13    i.Nokia5110_ClearBuffer  nokia5110.o
    0x00001528   0x00000010   Code   RO           14    i.Nokia5110_DisplayBuffer  nokia5110.o
    0x00001538   0x00000022   Code   RO           15    i.Nokia5110_DrawFullImage  nokia5110.o
    0x0000155a   0x00000002   PAD
    0x0000155c   0x0000016c   Code   RO           16    i.Nokia5110_Init    nokia5110.o
    0x000016c8   0x00000038   Code   RO           17    i.Nokia5110_OutChar  nokia5110.o
    0x00001700   0x00000016   Code   RO           18    i.Nokia5110_OutString  nokia5110.o
    0x00001716   0x00000002   PAD
    0x00001718   0x0000019c   Code   RO           19    i.Nokia5110_OutUDec  nokia5110.o
    0x000018b4   0x000001a8   Code   RO           20    i.Nokia5110_PrintBMP  nokia5110.o
    0x00001a5c   0x00000030   Code   RO           21    i.Nokia5110_SetCursor  nokia5110.o
    0x00001a8c   0x0000007c   Code   RO          277    i.PLL_Init          texas.o
    0x00001b08   0x0000000c   Code   RO          107    i.Pause_Init        spaceinvaders.o
    0x00001b14   0x00000144   Code   RO          108    i.PlayerMissile_Draw  spaceinvaders.o
    0x00001c58   0x00000020   Code   RO          109    i.PlayerMissile_Init  spaceinvaders.o
    0x00001c78   0x00000030   Code   RO          110    i.PlayerMissile_Move  spaceinvaders.o
    0x00001ca8   0x00000078   Code   RO          111    i.Player_Draw       spaceinvaders.o
    0x00001d20   0x00000034   Code   RO          112    i.Player_Init       spaceinvaders.o
    0x00001d54   0x00000014   Code   RO          113    i.Player_Move       spaceinvaders.o
    0x00001d68   0x00000042   Code   RO          114    i.Reset_Game        spaceinvaders.o
    0x00001daa   0x00000002   PAD
    0x00001dac   0x0000000c   Code   RO          115    i.Reset_Score       spaceinvaders.o
    0x00001db8   0x00000018   Code   RO          278    i.SetCode           texas.o
    0x00001dd0   0x00000018   Code   RO          279    i.SetCourse         texas.o
    0x00001de8   0x00000068   Code   RO          417    i.Switch_Init       switch.o
    0x00001e50   0x00000010   Code   RO          418    i.Switch_Read       switch.o
    0x00001e60   0x000000d0   Code   RO          116    i.SysTick_Handler   spaceinvaders.o
    0x00001f30   0x0000001c   Code   RO          117    i.Systick_Init      spaceinvaders.o
    0x00001f4c   0x000001c4   Code   RO          283    i.TExaS_Init        texas.o
    0x00002110   0x0000005c   Code   RO          450    i.Timer2A_Handler   gamesound.o
    0x0000216c   0x0000000c   Code   RO          451    i.Timer2A_Start     gamesound.o
    0x00002178   0x0000000c   Code   RO          452    i.Timer2A_Stop      gamesound.o
    0x00002184   0x0000005c   Code   RO          453    i.Timer2_Init       gamesound.o
    0x000021e0   0x00000020   Code   RO          285    i.Timer4A_Handler   texas.o
    0x00002200   0x00000030   Code   RO          286    i.Timer5A_Handler   texas.o
    0x00002230   0x000000c0   Code   RO          289    i.UART0_Init        texas.o
    0x000022f0   0x00000024   Code   RO          118    i.Update_LCD        spaceinvaders.o
    0x00002314   0x00000164   Code   RO          119    i.checkHit          spaceinvaders.o
    0x00002478   0x0000004c   Code   RO           22    i.lcdwrite          nokia5110.o
    0x000024c4   0x00000154   Code   RO          120    i.main              spaceinvaders.o
    0x00002618   0x000000c0   Code   RO          121    i.missileCloseToEnemy  spaceinvaders.o
    0x000026d8   0x000001e0   Data   RO           24    .constdata          nokia5110.o
    0x000028b8   0x0000113b   Data   RO          123    .constdata          spaceinvaders.o
    0x000039f3   0x00000168   Data   RO          294    .constdata          texas.o
    0x00003b5b   0x00003f3c   Data   RO          454    .constdata          gamesound.o
    0x00007a97   0x00000001   PAD
    0x00007a98   0x00000020   Data   RO          665    Region$$Table       anon$$obj.o


    Execution Region ER_RW (Base: 0x20000000, Size: 0x00000190, Max: 0xffffffff, ABSOLUTE, COMPRESSED[0x00000054])

    Base Addr    Size         Type   Attr      Idx    E Section Name        Object

    0x20000000   0x00000144   Data   RW          124    .data               spaceinvaders.o
    0x20000144   0x00000034   Data   RW          295    .data               texas.o
    0x20000178   0x00000004   Data   RW          396    .data               adc.o
    0x2000017c   0x00000010   Data   RW          455    .data               gamesound.o
    0x2000018c   0x00000004   Data   RW           91    DATA                random.o


    Execution Region ER_ZI (Base: 0x20000190, Size: 0x00000870, Max: 0xffffffff, ABSOLUTE)

    Base Addr    Size         Type   Attr      Idx    E Section Name        Object

    0x20000190   0x000001f8   Zero   RW           23    .bss                nokia5110.o
    0x20000388   0x000001dc   Zero   RW          122    .bss                spaceinvaders.o
    0x20000564   0x00000004   PAD
    0x20000568   0x00000038   Zero   RW          293    .bss                texas.o
    0x200005a0   0x00000060   Zero   RW          542    .bss                c_w.l(libspace.o)
    0x20000600   0x00000000   Zero   RW            2    HEAP                startup.o
    0x20000600   0x00000400   Zero   RW            1    STACK               startup.o


==============================================================================

Image component sizes


      Code (inc. data)   RO Data    RW Data    ZI Data      Debug   Object Name

       288         58          0          4          0        900   adc.o
       524        154      16188         16          0       3975   gamesound.o
      1508         94        480          0        504       8997   nokia5110.o
        64         14          0          4          0        176   random.o
      5034        552       4411        324        476      15962   spaceinvaders.o
       692        632          0          0       1024        860   startup.o
       244         40          0          0          0       1450   switch.o
      1120        244        360         52         56      15332   texas.o

    ----------------------------------------------------------------------
      9480       1788      21472        400       2064      47652   Object Totals
         0          0         32          0          0          0   (incl. Generated)
         6          0          1          0          4          0   (incl. Padding)

    ----------------------------------------------------------------------

      Code (inc. data)   RO Data    RW Data    ZI Data      Debug   Library Member Name

        90          0          0          0          0          0   __dczerorl2.o
         8          0          0          0          0         68   __main.o
        52          8          0          0          0          0   __scatter.o
        28          0          0          0          0          0   __scatter_zi.o
        12          0          0          0          0         72   exit.o
         6          0          0          0          0        152   heapauxi.o
         0          0          0          0          0          0   indicate_semi.o
         2          0          0          0          0          0   libinit.o
         2          0          0          0          0          0   libinit2.o
         2          0          0          0          0          0   libshutdown.o
         2          0          0          0          0          0   libshutdown2.o
         8          4          0          0         96         68   libspace.o
         0          0          0          0          0          0   rtentry.o
        12          0          0          0          0          0   rtentry2.o
         6          0          0          0          0          0   rtentry4.o
         2          0          0          0          0          0   rtexit.o
        10          0          0          0          0          0   rtexit2.o
       128          0          0          0          0         68   strcmpv7m.o
        12          4          0          0          0         68   sys_exit.o
        74          0          0          0          0         80   sys_stackheap_outer.o
         2          0          0          0          0         68   use_no_semi.o

    ----------------------------------------------------------------------
       464         16          0          0         96        644   Library Totals
         6          0          0          0          0          0   (incl. Padding)

    ----------------------------------------------------------------------

      Code (inc. data)   RO Data    RW Data    ZI Data      Debug   Library Name

       458         16          0          0         96        644   c_w.l

    ----------------------------------------------------------------------
       464         16          0          0         96        644   Library Totals

    ----------------------------------------------------------------------

==============================================================================


      Code (inc. data)   RO Data    RW Data    ZI Data      Debug   

      9944       1804      21472        400       2160      44968   Grand Totals
      9944       1804      21472         84       2160      44968   ELF Image Totals (compressed)
      9944       1804      21472         84          0          0   ROM Totals

==============================================================================

    Total RO  Size (Code + RO Data)                31416 (  30.68kB)
    Total RW  Size (RW Data + ZI Data)              2560 (   2.50kB)
    Total ROM Size (Code + RO Data + RW Data)      31500 (  30.76kB)

==============================================================================

