<html>
<body>
<pre>
<h1>µVision Build Log</h1>
<h2>Project:</h2>
C:\Keil\Labware\Lab6_BranchingFunctionsDelays\Lab6.uvproj
Project File Date:  03/16/2018

<h2>Output:</h2>
Build target 'Lab6'
compiling BranchingFunctionsDelays.c...
linking...
Program Size: Code=3704 RO-data=5996 RW-data=64 ZI-data=1752  
".\Lab6.axf" - 0 Error(s), 0 Warning(s).
Load "C:\\Keil\\Labware\\Lab6_BranchingFunctionsDelays\\Lab6.axf" 
Connecting: Mode=JTAG, Speed=1000000Hz
Connection failed!, error code=&d
Error: Flash Download failed  -  Target DLL has been cancelled
Load "C:\\Keil\\Labware\\Lab6_BranchingFunctionsDelays\\Lab6.axf" 
Connecting: Mode=JTAG, Speed=1000000Hz
Erase Done.
Programming Done.
Verify OK.
ranchingFunctionsDelays.c(74): warning:  #1-D: last line of file ends without a newline
  }
BranchingFunctionsDelays.c: 1 warning, 3 errors
".\Lab6.axf" - 3 Error(s), 1 Warning(s).
Target not created
