<html>
<body>
<pre>
<h1>µVision Build Log</h1>
<h2>Project:</h2>
C:\Keil\Labware\Lab15_SpaceInvaders\SpaceInvaders.uvproj
Project File Date:  03/18/2021

<h2>Output:</h2>
Rebuild target 'SpaceInvaders'
assembling startup.s...
compiling Nokia5110.c...
assembling random.s...
compiling SpaceInvaders.c...
SpaceInvaders.c(377): warning:  #111-D: statement is unreachable
        Nokia5110_Clear();
SpaceInvaders.c: 1 warning, 0 errors
compiling TExaS.c...
compiling ADC.c...
compiling Switch.c...
compiling GameSound.c...
GameSound.c(20): warning:  #550-D: variable "delay" was set but never used
        unsigned long delay;
GameSound.c: 1 warning, 0 errors
linking...
Program Size: Code=4364 RO-data=4932 RW-data=80 ZI-data=1800  
".\SpaceInvaders.axf" - 0 Error(s), 2 Warning(s).
</pre>
</body>
</html>
 Error(s), 2 Warning(s).
Target not created
