<html>
<body>
<pre>
<h1>µVision Build Log</h1>
<h2>Project:</h2>
C:\Keil\Labware\Lab15_SpaceInvaders\SpaceInvaders.uvproj
Project File Date:  03/18/2021

<h2>Output:</h2>
Build target 'SpaceInvaders'
compiling SpaceInvaders.c...
linking...
Program Size: Code=6936 RO-data=5412 RW-data=92 ZI-data=1940  
".\SpaceInvaders.axf" - 0 Error(s), 0 Warning(s).
  #12-D: parsing restarts here after previous syntax error
                                }
SpaceInvaders.c: 1 warning, 1 error
".\SpaceInvaders.axf" - 1 Error(s), 1 Warning(s).
Target not created
