<html>
<body>
<pre>
<h1>µVision Build Log</h1>
<h2>Project:</h2>
C:\Keil\Labware\Lab14_MeasurementOfDistance\Lab14.uvproj
Project File Date:  02/20/2021

<h2>Output:</h2>
Rebuild target 'Lab14'
assembling startup.s...
compiling MeasurementOfDistance.c...
compiling Nokia5110.c...
compiling ADC.c...
ADC.c(34): warning:  #550-D: variable "delay" was set but never used
        unsigned long delay;
ADC.c: 1 warning, 0 errors
linking...
Program Size: Code=7228 RO-data=7088 RW-data=124 ZI-data=1764  
".\Lab14.axf" - 0 Error(s), 1 Warning(s).
Load "C:\\Keil\\Labware\\Lab14_MeasurementOfDistance\\Lab14.axf" 
Connecting: Mode=JTAG, Speed=1000000Hz
Erase Done.
Programming Done.
Verify OK.
</pre>
</body>
</html>
ntOfDistance\\Lab14.axf" 
_____^
*** error 56: cannot open file
Error: Flash Download failed  -  Could not load file 'C:\Keil\Labware\Lab14_MeasurementOfDistance\Lab14.axf'
l\\Labware\\Lab14_MeasurementOfDistance\\Lab14.axf" 
_____^
*** error 56: cannot open file
Error: Flash Download failed  -  Could not load file 'C:\Keil\Labware\Lab14_MeasurementOfDistance\Lab14.axf'
