ARM Linker, 5.03 [Build 76] [MDK-ARM Lite]

==============================================================================

Section Cross References

    startup.o(STACK) refers (Special) to heapauxi.o(.text) for __use_two_region_memory
    startup.o(HEAP) refers (Special) to heapauxi.o(.text) for __use_two_region_memory
    startup.o(RESET) refers (Special) to heapauxi.o(.text) for __use_two_region_memory
    startup.o(RESET) refers to startup.o(STACK) for StackMem
    startup.o(RESET) refers to spaceinvaders.o(i.SysTick_Handler) for SysTick_Handler
    startup.o(RESET) refers to gamesound.o(i.Timer2A_Handler) for Timer2A_Handler
    startup.o(RESET) refers to texas.o(i.Timer4A_Handler) for Timer4A_Handler
    startup.o(RESET) refers to texas.o(i.Timer5A_Handler) for Timer5A_Handler
    startup.o(RESET) refers to __main.o(!!!main) for __main
    startup.o(.text) refers (Special) to heapauxi.o(.text) for __use_two_region_memory
    startup.o(.text) refers to startup.o(HEAP) for HeapMem
    startup.o(.text) refers to startup.o(STACK) for StackMem
    nokia5110.o(i.Nokia5110_Clear) refers to nokia5110.o(i.lcdwrite) for lcdwrite
    nokia5110.o(i.Nokia5110_Clear) refers to nokia5110.o(i.Nokia5110_SetCursor) for Nokia5110_SetCursor
    nokia5110.o(i.Nokia5110_ClearBuffer) refers to nokia5110.o(.bss) for Screen
    nokia5110.o(i.Nokia5110_DisplayBuffer) refers to nokia5110.o(i.Nokia5110_DrawFullImage) for Nokia5110_DrawFullImage
    nokia5110.o(i.Nokia5110_DisplayBuffer) refers to nokia5110.o(.bss) for Screen
    nokia5110.o(i.Nokia5110_DrawFullImage) refers to nokia5110.o(i.Nokia5110_SetCursor) for Nokia5110_SetCursor
    nokia5110.o(i.Nokia5110_DrawFullImage) refers to nokia5110.o(i.lcdwrite) for lcdwrite
    nokia5110.o(i.Nokia5110_Init) refers to nokia5110.o(i.lcdwrite) for lcdwrite
    nokia5110.o(i.Nokia5110_OutChar) refers to nokia5110.o(i.lcdwrite) for lcdwrite
    nokia5110.o(i.Nokia5110_OutChar) refers to nokia5110.o(.constdata) for ASCII
    nokia5110.o(i.Nokia5110_OutString) refers to nokia5110.o(i.Nokia5110_OutChar) for Nokia5110_OutChar
    nokia5110.o(i.Nokia5110_OutUDec) refers to nokia5110.o(i.Nokia5110_OutString) for Nokia5110_OutString
    nokia5110.o(i.Nokia5110_OutUDec) refers to nokia5110.o(i.Nokia5110_OutChar) for Nokia5110_OutChar
    nokia5110.o(i.Nokia5110_PrintBMP) refers to nokia5110.o(.bss) for Screen
    nokia5110.o(i.Nokia5110_SetCursor) refers to nokia5110.o(i.lcdwrite) for lcdwrite
    random.o(.text) refers to random.o(DATA) for M
    spaceinvaders.o(i.Bunker_Draw) refers to nokia5110.o(i.Nokia5110_PrintBMP) for Nokia5110_PrintBMP
    spaceinvaders.o(i.Bunker_Draw) refers to spaceinvaders.o(.bss) for Bunker
    spaceinvaders.o(i.Bunker_Draw) refers to spaceinvaders.o(.constdata) for Bunker0
    spaceinvaders.o(i.Bunker_Init) refers to nokia5110.o(i.Nokia5110_PrintBMP) for Nokia5110_PrintBMP
    spaceinvaders.o(i.Bunker_Init) refers to spaceinvaders.o(.bss) for Bunker
    spaceinvaders.o(i.Bunker_Init) refers to spaceinvaders.o(.constdata) for PlayerShip0
    spaceinvaders.o(i.EnemyMissile_Draw) refers to nokia5110.o(i.Nokia5110_PrintBMP) for Nokia5110_PrintBMP
    spaceinvaders.o(i.EnemyMissile_Draw) refers to spaceinvaders.o(.bss) for EnemyMissile
    spaceinvaders.o(i.EnemyMissile_Draw) refers to spaceinvaders.o(.constdata) for PlayerShip0
    spaceinvaders.o(i.EnemyMissile_Draw) refers to spaceinvaders.o(.data) for ShipPos
    spaceinvaders.o(i.EnemyMissile_Init) refers to spaceinvaders.o(.bss) for EnemyMissile
    spaceinvaders.o(i.EnemyMissile_Move) refers to spaceinvaders.o(.bss) for EnemyMissile
    spaceinvaders.o(i.Enemy_Attack) refers to random.o(.text) for Random
    spaceinvaders.o(i.Enemy_Attack) refers to spaceinvaders.o(.bss) for Enemy
    spaceinvaders.o(i.Enemy_Draw) refers to nokia5110.o(i.Nokia5110_PrintBMP) for Nokia5110_PrintBMP
    spaceinvaders.o(i.Enemy_Draw) refers to spaceinvaders.o(.bss) for Enemy
    spaceinvaders.o(i.Enemy_Draw) refers to spaceinvaders.o(.data) for FrameCount
    spaceinvaders.o(i.Enemy_Draw) refers to spaceinvaders.o(.constdata) for SmallEnemy10PointA
    spaceinvaders.o(i.Enemy_Init) refers to spaceinvaders.o(.bss) for Enemy
    spaceinvaders.o(i.Enemy_Init) refers to spaceinvaders.o(.constdata) for SmallEnemy10PointA
    spaceinvaders.o(i.Enemy_Init) refers to spaceinvaders.o(.data) for AllDead
    spaceinvaders.o(i.Enemy_Move) refers to spaceinvaders.o(.bss) for Enemy
    spaceinvaders.o(i.Enemy_Move) refers to spaceinvaders.o(.data) for AnimateEnemy
    spaceinvaders.o(i.PlayerMissile_Draw) refers to nokia5110.o(i.Nokia5110_PrintBMP) for Nokia5110_PrintBMP
    spaceinvaders.o(i.PlayerMissile_Draw) refers to spaceinvaders.o(.bss) for PlayerMissile
    spaceinvaders.o(i.PlayerMissile_Draw) refers to spaceinvaders.o(.constdata) for Missile2
    spaceinvaders.o(i.PlayerMissile_Init) refers to spaceinvaders.o(.bss) for PlayerMissile
    spaceinvaders.o(i.PlayerMissile_Move) refers to spaceinvaders.o(.bss) for PlayerMissile
    spaceinvaders.o(i.PlayerSpecMissile_Draw) refers to nokia5110.o(i.Nokia5110_PrintBMP) for Nokia5110_PrintBMP
    spaceinvaders.o(i.PlayerSpecMissile_Draw) refers to spaceinvaders.o(.bss) for PlayerSpecMissile
    spaceinvaders.o(i.PlayerSpecMissile_Draw) refers to spaceinvaders.o(.constdata) for Missile2
    spaceinvaders.o(i.PlayerSpecMissile_Init) refers to spaceinvaders.o(.bss) for PlayerSpecMissile
    spaceinvaders.o(i.PlayerSpecMissile_Move) refers to spaceinvaders.o(.bss) for PlayerSpecMissile
    spaceinvaders.o(i.Player_Draw) refers to nokia5110.o(i.Nokia5110_PrintBMP) for Nokia5110_PrintBMP
    spaceinvaders.o(i.Player_Draw) refers to spaceinvaders.o(.bss) for Player
    spaceinvaders.o(i.Player_Draw) refers to spaceinvaders.o(.constdata) for BigExplosion1
    spaceinvaders.o(i.Player_Init) refers to spaceinvaders.o(.bss) for Player
    spaceinvaders.o(i.Player_Init) refers to spaceinvaders.o(.constdata) for PlayerShip0
    spaceinvaders.o(i.Player_Move) refers to spaceinvaders.o(.bss) for Player
    spaceinvaders.o(i.Reset_Game) refers to nokia5110.o(i.Nokia5110_ClearBuffer) for Nokia5110_ClearBuffer
    spaceinvaders.o(i.Reset_Game) refers to nokia5110.o(i.Nokia5110_DisplayBuffer) for Nokia5110_DisplayBuffer
    spaceinvaders.o(i.Reset_Game) refers to nokia5110.o(i.Nokia5110_Clear) for Nokia5110_Clear
    spaceinvaders.o(i.Reset_Game) refers to spaceinvaders.o(i.Player_Init) for Player_Init
    spaceinvaders.o(i.Reset_Game) refers to spaceinvaders.o(i.Enemy_Init) for Enemy_Init
    spaceinvaders.o(i.Reset_Game) refers to spaceinvaders.o(i.PlayerMissile_Init) for PlayerMissile_Init
    spaceinvaders.o(i.Reset_Game) refers to spaceinvaders.o(i.PlayerSpecMissile_Init) for PlayerSpecMissile_Init
    spaceinvaders.o(i.Reset_Game) refers to spaceinvaders.o(i.EnemyMissile_Init) for EnemyMissile_Init
    spaceinvaders.o(i.Reset_Game) refers to spaceinvaders.o(i.Bunker_Init) for Bunker_Init
    spaceinvaders.o(i.Reset_Game) refers to spaceinvaders.o(i.Player_Draw) for Player_Draw
    spaceinvaders.o(i.Reset_Game) refers to spaceinvaders.o(i.Enemy_Draw) for Enemy_Draw
    spaceinvaders.o(i.Reset_Game) refers to spaceinvaders.o(i.Bunker_Draw) for Bunker_Draw
    spaceinvaders.o(i.Reset_Game) refers to random.o(.text) for Random_Init
    spaceinvaders.o(i.Reset_Game) refers to spaceinvaders.o(i.Update_LCD) for Update_LCD
    spaceinvaders.o(i.SysTick_Handler) refers to switch.o(i.Switch_Read) for Switch_Read
    spaceinvaders.o(i.SysTick_Handler) refers to adc.o(i.ADC_In) for ADC_In
    spaceinvaders.o(i.SysTick_Handler) refers to gamesound.o(i.GameSound_Play) for GameSound_Play
    spaceinvaders.o(i.SysTick_Handler) refers to random.o(.text) for Random_Init
    spaceinvaders.o(i.SysTick_Handler) refers to spaceinvaders.o(i.PlayerMissile_Move) for PlayerMissile_Move
    spaceinvaders.o(i.SysTick_Handler) refers to spaceinvaders.o(i.PlayerSpecMissile_Move) for PlayerSpecMissile_Move
    spaceinvaders.o(i.SysTick_Handler) refers to spaceinvaders.o(i.Player_Move) for Player_Move
    spaceinvaders.o(i.SysTick_Handler) refers to spaceinvaders.o(i.EnemyMissile_Move) for EnemyMissile_Move
    spaceinvaders.o(i.SysTick_Handler) refers to spaceinvaders.o(i.Enemy_Move) for Enemy_Move
    spaceinvaders.o(i.SysTick_Handler) refers to spaceinvaders.o(i.Enemy_Attack) for Enemy_Attack
    spaceinvaders.o(i.SysTick_Handler) refers to nokia5110.o(i.Nokia5110_ClearBuffer) for Nokia5110_ClearBuffer
    spaceinvaders.o(i.SysTick_Handler) refers to spaceinvaders.o(i.Player_Draw) for Player_Draw
    spaceinvaders.o(i.SysTick_Handler) refers to spaceinvaders.o(i.Enemy_Draw) for Enemy_Draw
    spaceinvaders.o(i.SysTick_Handler) refers to spaceinvaders.o(i.PlayerMissile_Draw) for PlayerMissile_Draw
    spaceinvaders.o(i.SysTick_Handler) refers to spaceinvaders.o(i.PlayerSpecMissile_Draw) for PlayerSpecMissile_Draw
    spaceinvaders.o(i.SysTick_Handler) refers to spaceinvaders.o(i.Bunker_Draw) for Bunker_Draw
    spaceinvaders.o(i.SysTick_Handler) refers to spaceinvaders.o(i.EnemyMissile_Draw) for EnemyMissile_Draw
    spaceinvaders.o(i.SysTick_Handler) refers to spaceinvaders.o(.data) for ShipPos
    spaceinvaders.o(i.SysTick_Handler) refers to spaceinvaders.o(.bss) for PlayerMissile
    spaceinvaders.o(i.Update_LCD) refers to nokia5110.o(i.Nokia5110_DisplayBuffer) for Nokia5110_DisplayBuffer
    spaceinvaders.o(i.Update_LCD) refers to spaceinvaders.o(.data) for Semaphore
    spaceinvaders.o(i.main) refers to texas.o(i.TExaS_Init) for TExaS_Init
    spaceinvaders.o(i.main) refers to random.o(.text) for Random_Init
    spaceinvaders.o(i.main) refers to nokia5110.o(i.Nokia5110_Init) for Nokia5110_Init
    spaceinvaders.o(i.main) refers to gamesound.o(i.GameSound_Init) for GameSound_Init
    spaceinvaders.o(i.main) refers to adc.o(i.ADC_Init) for ADC_Init
    spaceinvaders.o(i.main) refers to spaceinvaders.o(i.Systick_Init) for Systick_Init
    spaceinvaders.o(i.main) refers to spaceinvaders.o(i.Reset_Game) for Reset_Game
    spaceinvaders.o(i.main) refers to spaceinvaders.o(i.Update_LCD) for Update_LCD
    spaceinvaders.o(i.main) refers to nokia5110.o(i.Nokia5110_Clear) for Nokia5110_Clear
    spaceinvaders.o(i.main) refers to nokia5110.o(i.Nokia5110_SetCursor) for Nokia5110_SetCursor
    spaceinvaders.o(i.main) refers to nokia5110.o(i.Nokia5110_OutString) for Nokia5110_OutString
    spaceinvaders.o(i.main) refers to switch.o(i.Switch_Read) for Switch_Read
    spaceinvaders.o(i.main) refers to spaceinvaders.o(i.Delay100ms) for Delay100ms
    spaceinvaders.o(i.main) refers to spaceinvaders.o(.data) for Semaphore
    spaceinvaders.o(i.main) refers to spaceinvaders.o(.bss) for Player
    texas.o(i.SetCode) refers to texas.o(.bss) for TExaS
    texas.o(i.SetCourse) refers to texas.o(.bss) for TExaS
    texas.o(i.SetMode) refers to texas.o(.bss) for TExaS
    texas.o(i.StartTimer4) refers to texas.o(.data) for ScopeCount
    texas.o(i.TExaS_Init) refers to texas.o(i.PLL_Init) for PLL_Init
    texas.o(i.TExaS_Init) refers to texas.o(i.SetCourse) for SetCourse
    texas.o(i.TExaS_Init) refers to texas.o(i.UART0_Init) for UART0_Init
    texas.o(i.TExaS_Init) refers to texas.o(i.SetCode) for SetCode
    texas.o(i.TExaS_Init) refers to texas.o(i.ADC1_Init) for ADC1_Init
    texas.o(i.TExaS_Init) refers to texas.o(.constdata) for IntroMsg
    texas.o(i.TExaS_Init) refers to texas.o(.bss) for TExaS
    texas.o(i.TExaS_Init) refers to texas.o(.data) for LastMode
    texas.o(i.Timer5A_Handler) refers to texas.o(i.ADC1_In) for ADC1_In
    texas.o(i.Timer5A_Handler) refers to texas.o(.data) for TExaS_Period
    adc.o(i.ADC_Init) refers to adc.o(.data) for delay
    gamesound.o(i.DACOut) refers to gamesound.o(.constdata) for Sinewave_Data
    gamesound.o(i.GameSound_Init) refers to gamesound.o(i.DACInit) for DACInit
    gamesound.o(i.GameSound_Init) refers to gamesound.o(i.Timer2_Init) for Timer2_Init
    gamesound.o(i.GameSound_Play) refers to gamesound.o(.data) for SampleCount
    gamesound.o(i.Timer2A_Handler) refers to gamesound.o(i.DACOut) for DACOut
    gamesound.o(i.Timer2A_Handler) refers to gamesound.o(.data) for TimerCount
    gamesound.o(i.Timer2_Init) refers to gamesound.o(.data) for TimerCount
    __main.o(!!!main) refers to rtentry.o(.ARM.Collect$$rtentry$$00000000) for __rt_entry
    rtentry.o(.ARM.Collect$$rtentry$$00000000) refers (Special) to rtentry2.o(.ARM.Collect$$rtentry$$0000000A) for __rt_entry_li
    rtentry.o(.ARM.Collect$$rtentry$$00000000) refers (Special) to rtentry2.o(.ARM.Collect$$rtentry$$0000000D) for __rt_entry_main
    rtentry.o(.ARM.Collect$$rtentry$$00000000) refers (Special) to rtentry2.o(.ARM.Collect$$rtentry$$0000000C) for __rt_entry_postli_1
    rtentry.o(.ARM.Collect$$rtentry$$00000000) refers (Special) to rtentry2.o(.ARM.Collect$$rtentry$$00000009) for __rt_entry_postsh_1
    rtentry.o(.ARM.Collect$$rtentry$$00000000) refers (Special) to rtentry2.o(.ARM.Collect$$rtentry$$00000002) for __rt_entry_presh_1
    rtentry.o(.ARM.Collect$$rtentry$$00000000) refers (Special) to rtentry4.o(.ARM.Collect$$rtentry$$00000004) for __rt_entry_sh
    rtentry2.o(.ARM.Collect$$rtentry$$00000008) refers to boardinit2.o(.text) for _platform_post_stackheap_init
    rtentry2.o(.ARM.Collect$$rtentry$$0000000A) refers to libinit.o(.ARM.Collect$$libinit$$00000000) for __rt_lib_init
    rtentry2.o(.ARM.Collect$$rtentry$$0000000B) refers to boardinit3.o(.text) for _platform_post_lib_init
    rtentry2.o(.ARM.Collect$$rtentry$$0000000D) refers to spaceinvaders.o(i.main) for main
    rtentry2.o(.ARM.Collect$$rtentry$$0000000D) refers to exit.o(.text) for exit
    rtentry2.o(.ARM.exidx) refers to rtentry2.o(.ARM.Collect$$rtentry$$00000001) for .ARM.Collect$$rtentry$$00000001
    rtentry2.o(.ARM.exidx) refers to rtentry2.o(.ARM.Collect$$rtentry$$00000008) for .ARM.Collect$$rtentry$$00000008
    rtentry2.o(.ARM.exidx) refers to rtentry2.o(.ARM.Collect$$rtentry$$0000000A) for .ARM.Collect$$rtentry$$0000000A
    rtentry2.o(.ARM.exidx) refers to rtentry2.o(.ARM.Collect$$rtentry$$0000000B) for .ARM.Collect$$rtentry$$0000000B
    rtentry2.o(.ARM.exidx) refers to rtentry2.o(.ARM.Collect$$rtentry$$0000000D) for .ARM.Collect$$rtentry$$0000000D
    rtentry4.o(.ARM.Collect$$rtentry$$00000004) refers to sys_stackheap_outer.o(.text) for __user_setup_stackheap
    rtentry4.o(.ARM.exidx) refers to rtentry4.o(.ARM.Collect$$rtentry$$00000004) for .ARM.Collect$$rtentry$$00000004
    sys_stackheap_outer.o(.text) refers to libspace.o(.text) for __user_perproc_libspace
    sys_stackheap_outer.o(.text) refers to startup.o(.text) for __user_initial_stackheap
    exit.o(.text) refers to rtexit.o(.ARM.Collect$$rtexit$$00000000) for __rt_exit
    libinit.o(.ARM.Collect$$libinit$$00000000) refers (Special) to libinit2.o(.ARM.Collect$$libinit$$0000002C) for __rt_lib_init_alloca_1
    libinit.o(.ARM.Collect$$libinit$$00000000) refers (Special) to libinit2.o(.ARM.Collect$$libinit$$0000002A) for __rt_lib_init_argv_1
    libinit.o(.ARM.Collect$$libinit$$00000000) refers (Special) to libinit2.o(.ARM.Collect$$libinit$$00000019) for __rt_lib_init_atexit_1
    libinit.o(.ARM.Collect$$libinit$$00000000) refers (Special) to libinit2.o(.ARM.Collect$$libinit$$0000001F) for __rt_lib_init_clock_1
    libinit.o(.ARM.Collect$$libinit$$00000000) refers (Special) to libinit2.o(.ARM.Collect$$libinit$$00000030) for __rt_lib_init_cpp_1
    libinit.o(.ARM.Collect$$libinit$$00000000) refers (Special) to libinit2.o(.ARM.Collect$$libinit$$0000002E) for __rt_lib_init_exceptions_1
    libinit.o(.ARM.Collect$$libinit$$00000000) refers (Special) to libinit2.o(.ARM.Collect$$libinit$$00000002) for __rt_lib_init_fp_1
    libinit.o(.ARM.Collect$$libinit$$00000000) refers (Special) to libinit2.o(.ARM.Collect$$libinit$$0000001D) for __rt_lib_init_fp_trap_1
    libinit.o(.ARM.Collect$$libinit$$00000000) refers (Special) to libinit2.o(.ARM.Collect$$libinit$$00000021) for __rt_lib_init_getenv_1
    libinit.o(.ARM.Collect$$libinit$$00000000) refers (Special) to libinit2.o(.ARM.Collect$$libinit$$00000008) for __rt_lib_init_heap_1
    libinit.o(.ARM.Collect$$libinit$$00000000) refers (Special) to libinit2.o(.ARM.Collect$$libinit$$0000000F) for __rt_lib_init_lc_collate_1
    libinit.o(.ARM.Collect$$libinit$$00000000) refers (Special) to libinit2.o(.ARM.Collect$$libinit$$00000011) for __rt_lib_init_lc_ctype_1
    libinit.o(.ARM.Collect$$libinit$$00000000) refers (Special) to libinit2.o(.ARM.Collect$$libinit$$00000013) for __rt_lib_init_lc_monetary_1
    libinit.o(.ARM.Collect$$libinit$$00000000) refers (Special) to libinit2.o(.ARM.Collect$$libinit$$00000015) for __rt_lib_init_lc_numeric_1
    libinit.o(.ARM.Collect$$libinit$$00000000) refers (Special) to libinit2.o(.ARM.Collect$$libinit$$00000017) for __rt_lib_init_lc_time_1
    libinit.o(.ARM.Collect$$libinit$$00000000) refers (Special) to libinit2.o(.ARM.Collect$$libinit$$0000000C) for __rt_lib_init_rand_1
    libinit.o(.ARM.Collect$$libinit$$00000000) refers (Special) to libinit2.o(.ARM.Collect$$libinit$$00000031) for __rt_lib_init_return
    libinit.o(.ARM.Collect$$libinit$$00000000) refers (Special) to libinit2.o(.ARM.Collect$$libinit$$0000001B) for __rt_lib_init_signal_1
    libinit.o(.ARM.Collect$$libinit$$00000000) refers (Special) to libinit2.o(.ARM.Collect$$libinit$$00000023) for __rt_lib_init_stdio_1
    libinit.o(.ARM.Collect$$libinit$$00000000) refers (Special) to libinit2.o(.ARM.Collect$$libinit$$0000000A) for __rt_lib_init_user_alloc_1
    libspace.o(.text) refers to libspace.o(.bss) for __libspace_start
    rtexit.o(.ARM.Collect$$rtexit$$00000000) refers (Special) to rtexit2.o(.ARM.Collect$$rtexit$$00000004) for __rt_exit_exit
    rtexit.o(.ARM.Collect$$rtexit$$00000000) refers (Special) to rtexit2.o(.ARM.Collect$$rtexit$$00000003) for __rt_exit_ls
    rtexit.o(.ARM.Collect$$rtexit$$00000000) refers (Special) to rtexit2.o(.ARM.Collect$$rtexit$$00000002) for __rt_exit_prels_1
    rtexit.o(.ARM.exidx) refers (Special) to rtexit2.o(.ARM.Collect$$rtexit$$00000004) for __rt_exit_exit
    rtexit.o(.ARM.exidx) refers (Special) to rtexit2.o(.ARM.Collect$$rtexit$$00000003) for __rt_exit_ls
    rtexit.o(.ARM.exidx) refers (Special) to rtexit2.o(.ARM.Collect$$rtexit$$00000002) for __rt_exit_prels_1
    rtexit.o(.ARM.exidx) refers to rtexit.o(.ARM.Collect$$rtexit$$00000000) for .ARM.Collect$$rtexit$$00000000
    libinit2.o(.ARM.Collect$$libinit$$0000000E) refers to libinit2.o(.ARM.Collect$$libinit$$0000000D) for .ARM.Collect$$libinit$$0000000D
    libinit2.o(.ARM.Collect$$libinit$$00000010) refers to libinit2.o(.ARM.Collect$$libinit$$0000000D) for .ARM.Collect$$libinit$$0000000D
    libinit2.o(.ARM.Collect$$libinit$$00000012) refers to libinit2.o(.ARM.Collect$$libinit$$0000000D) for .ARM.Collect$$libinit$$0000000D
    libinit2.o(.ARM.Collect$$libinit$$00000014) refers to libinit2.o(.ARM.Collect$$libinit$$0000000D) for .ARM.Collect$$libinit$$0000000D
    libinit2.o(.ARM.Collect$$libinit$$00000016) refers to libinit2.o(.ARM.Collect$$libinit$$0000000D) for .ARM.Collect$$libinit$$0000000D
    libinit2.o(.ARM.Collect$$libinit$$00000024) refers to argv_veneer.o(.emb_text) for __ARM_argv_veneer
    libinit2.o(.ARM.Collect$$libinit$$00000025) refers to argv_veneer.o(.emb_text) for __ARM_argv_veneer
    rtexit2.o(.ARM.Collect$$rtexit$$00000003) refers to libshutdown.o(.ARM.Collect$$libshutdown$$00000000) for __rt_lib_shutdown
    rtexit2.o(.ARM.Collect$$rtexit$$00000004) refers to sys_exit.o(.text) for _sys_exit
    rtexit2.o(.ARM.exidx) refers to rtexit2.o(.ARM.Collect$$rtexit$$00000001) for .ARM.Collect$$rtexit$$00000001
    rtexit2.o(.ARM.exidx) refers to rtexit2.o(.ARM.Collect$$rtexit$$00000003) for .ARM.Collect$$rtexit$$00000003
    rtexit2.o(.ARM.exidx) refers to rtexit2.o(.ARM.Collect$$rtexit$$00000004) for .ARM.Collect$$rtexit$$00000004
    argv_veneer.o(.emb_text) refers to no_argv.o(.text) for __ARM_get_argv
    sys_exit.o(.text) refers (Special) to use_no_semi.o(.text) for __I$use$semihosting
    sys_exit.o(.text) refers (Special) to indicate_semi.o(.text) for __semihosting_library_function
    _get_argv_nomalloc.o(.text) refers (Special) to hrguard.o(.text) for __heap_region$guard
    _get_argv_nomalloc.o(.text) refers to defsig_rtmem_outer.o(.text) for __rt_SIGRTMEM
    _get_argv_nomalloc.o(.text) refers to sys_command.o(.text) for _sys_command_string
    libshutdown.o(.ARM.Collect$$libshutdown$$00000000) refers (Special) to libshutdown2.o(.ARM.Collect$$libshutdown$$00000006) for __rt_lib_shutdown_fp_trap_1
    libshutdown.o(.ARM.Collect$$libshutdown$$00000000) refers (Special) to libshutdown2.o(.ARM.Collect$$libshutdown$$0000000E) for __rt_lib_shutdown_heap_1
    libshutdown.o(.ARM.Collect$$libshutdown$$00000000) refers (Special) to libshutdown2.o(.ARM.Collect$$libshutdown$$0000000F) for __rt_lib_shutdown_return
    libshutdown.o(.ARM.Collect$$libshutdown$$00000000) refers (Special) to libshutdown2.o(.ARM.Collect$$libshutdown$$00000009) for __rt_lib_shutdown_signal_1
    libshutdown.o(.ARM.Collect$$libshutdown$$00000000) refers (Special) to libshutdown2.o(.ARM.Collect$$libshutdown$$00000003) for __rt_lib_shutdown_stdio_1
    libshutdown.o(.ARM.Collect$$libshutdown$$00000000) refers (Special) to libshutdown2.o(.ARM.Collect$$libshutdown$$0000000B) for __rt_lib_shutdown_user_alloc_1
    sys_command.o(.text) refers (Special) to use_no_semi.o(.text) for __I$use$semihosting
    sys_command.o(.text) refers (Special) to indicate_semi.o(.text) for __semihosting_library_function
    defsig_rtmem_outer.o(.text) refers to defsig_rtmem_inner.o(.text) for __rt_SIGRTMEM_inner
    defsig_rtmem_outer.o(.text) refers to defsig_exit.o(.text) for __sig_exit
    defsig_rtmem_formal.o(.text) refers to rt_raise.o(.text) for __rt_raise
    rt_raise.o(.text) refers to __raise.o(.text) for __raise
    rt_raise.o(.text) refers to sys_exit.o(.text) for _sys_exit
    defsig_exit.o(.text) refers to sys_exit.o(.text) for _sys_exit
    defsig_rtmem_inner.o(.text) refers to defsig_general.o(.text) for __default_signal_display
    __raise.o(.text) refers to defsig.o(CL$$defsig) for __default_signal_handler
    defsig_general.o(.text) refers to sys_wrch.o(.text) for _ttywrch
    sys_wrch.o(.text) refers (Special) to use_no_semi.o(.text) for __I$use$semihosting
    sys_wrch.o(.text) refers (Special) to indicate_semi.o(.text) for __semihosting_library_function
    defsig.o(CL$$defsig) refers to defsig_rtmem_inner.o(.text) for __rt_SIGRTMEM_inner
    defsig_abrt_inner.o(.text) refers to defsig_general.o(.text) for __default_signal_display
    defsig_fpe_inner.o(.text) refers to defsig_general.o(.text) for __default_signal_display
    defsig_rtred_inner.o(.text) refers to defsig_general.o(.text) for __default_signal_display
    defsig_stak_inner.o(.text) refers to defsig_general.o(.text) for __default_signal_display
    defsig_pvfn_inner.o(.text) refers to defsig_general.o(.text) for __default_signal_display
    defsig_cppl_inner.o(.text) refers to defsig_general.o(.text) for __default_signal_display
    defsig_segv_inner.o(.text) refers to defsig_general.o(.text) for __default_signal_display
    defsig_other.o(.text) refers to defsig_general.o(.text) for __default_signal_display


==============================================================================

Removing Unused input sections from the image.

    Removing nokia5110.o(i.Nokia5110_OutUDec), (412 bytes).
    Removing texas.o(i.SetMode), (24 bytes).
    Removing texas.o(i.StartTimer4), (36 bytes).
    Removing texas.o(i.StopTimer4), (24 bytes).
    Removing texas.o(i.TExaS_Stop), (28 bytes).
    Removing texas.o(i.UART0_InChar), (24 bytes).
    Removing texas.o(i.UART0_InCharNonBlocking), (28 bytes).
    Removing texas.o(i.UART0_OutChar), (24 bytes).
    Removing texas.o(i.UART0_OutCharNonBlock), (12 bytes).
    Removing texas.o(i.copy), (18 bytes).
    Removing switch.o(i.Switch_Init), (84 bytes).
    Removing gamesound.o(i.SetTone), (20 bytes).

12 unused section(s) (total 734 bytes) removed from the image.

==============================================================================

Image Symbol Table

    Local Symbols

    Symbol Name                              Value     Ov Type        Size  Object(Section)

    RESET                                    0x00000000   Section      644  startup.o(RESET)
    ../clib/angel/boardlib.s                 0x00000000   Number         0  boardshut.o ABSOLUTE
    ../clib/angel/boardlib.s                 0x00000000   Number         0  boardinit3.o ABSOLUTE
    ../clib/angel/boardlib.s                 0x00000000   Number         0  boardinit2.o ABSOLUTE
    ../clib/angel/boardlib.s                 0x00000000   Number         0  boardinit1.o ABSOLUTE
    ../clib/angel/handlers.s                 0x00000000   Number         0  __scatter_copy.o ABSOLUTE
    ../clib/angel/handlers.s                 0x00000000   Number         0  __scatter_zi.o ABSOLUTE
    ../clib/angel/kernel.s                   0x00000000   Number         0  rtexit2.o ABSOLUTE
    ../clib/angel/kernel.s                   0x00000000   Number         0  rtexit.o ABSOLUTE
    ../clib/angel/kernel.s                   0x00000000   Number         0  rtentry2.o ABSOLUTE
    ../clib/angel/kernel.s                   0x00000000   Number         0  rtentry4.o ABSOLUTE
    ../clib/angel/kernel.s                   0x00000000   Number         0  rtentry.o ABSOLUTE
    ../clib/angel/rt.s                       0x00000000   Number         0  rt_raise.o ABSOLUTE
    ../clib/angel/scatter.s                  0x00000000   Number         0  __scatter.o ABSOLUTE
    ../clib/angel/startup.s                  0x00000000   Number         0  __main.o ABSOLUTE
    ../clib/angel/sys.s                      0x00000000   Number         0  use_no_semi.o ABSOLUTE
    ../clib/angel/sys.s                      0x00000000   Number         0  indicate_semi.o ABSOLUTE
    ../clib/angel/sys.s                      0x00000000   Number         0  libspace.o ABSOLUTE
    ../clib/angel/sys.s                      0x00000000   Number         0  sys_stackheap_outer.o ABSOLUTE
    ../clib/angel/sysapp.c                   0x00000000   Number         0  sys_command.o ABSOLUTE
    ../clib/angel/sysapp.c                   0x00000000   Number         0  sys_exit.o ABSOLUTE
    ../clib/angel/sysapp.c                   0x00000000   Number         0  sys_wrch.o ABSOLUTE
    ../clib/armsys.c                         0x00000000   Number         0  no_argv.o ABSOLUTE
    ../clib/armsys.c                         0x00000000   Number         0  _get_argv_nomalloc.o ABSOLUTE
    ../clib/armsys.c                         0x00000000   Number         0  argv_veneer.o ABSOLUTE
    ../clib/armsys.c                         0x00000000   Number         0  argv_veneer.o ABSOLUTE
    ../clib/heapalloc.c                      0x00000000   Number         0  hrguard.o ABSOLUTE
    ../clib/heapaux.c                        0x00000000   Number         0  heapauxi.o ABSOLUTE
    ../clib/libinit.s                        0x00000000   Number         0  libshutdown.o ABSOLUTE
    ../clib/libinit.s                        0x00000000   Number         0  libinit2.o ABSOLUTE
    ../clib/libinit.s                        0x00000000   Number         0  libinit.o ABSOLUTE
    ../clib/libinit.s                        0x00000000   Number         0  libshutdown2.o ABSOLUTE
    ../clib/signal.c                         0x00000000   Number         0  defsig_segv_inner.o ABSOLUTE
    ../clib/signal.c                         0x00000000   Number         0  defsig_cppl_inner.o ABSOLUTE
    ../clib/signal.c                         0x00000000   Number         0  defsig_pvfn_inner.o ABSOLUTE
    ../clib/signal.c                         0x00000000   Number         0  defsig_stak_inner.o ABSOLUTE
    ../clib/signal.c                         0x00000000   Number         0  defsig_rtred_inner.o ABSOLUTE
    ../clib/signal.c                         0x00000000   Number         0  defsig_abrt_inner.o ABSOLUTE
    ../clib/signal.c                         0x00000000   Number         0  defsig_general.o ABSOLUTE
    ../clib/signal.c                         0x00000000   Number         0  __raise.o ABSOLUTE
    ../clib/signal.c                         0x00000000   Number         0  defsig_rtmem_inner.o ABSOLUTE
    ../clib/signal.c                         0x00000000   Number         0  defsig_fpe_inner.o ABSOLUTE
    ../clib/signal.c                         0x00000000   Number         0  defsig_rtmem_formal.o ABSOLUTE
    ../clib/signal.c                         0x00000000   Number         0  defsig_rtmem_outer.o ABSOLUTE
    ../clib/signal.c                         0x00000000   Number         0  defsig_other.o ABSOLUTE
    ../clib/signal.c                         0x00000000   Number         0  defsig_exit.o ABSOLUTE
    ../clib/signal.s                         0x00000000   Number         0  defsig.o ABSOLUTE
    ../clib/stdlib.c                         0x00000000   Number         0  exit.o ABSOLUTE
    ../fplib/fpinit.s                        0x00000000   Number         0  fpinit.o ABSOLUTE
    ADC.c                                    0x00000000   Number         0  adc.o ABSOLUTE
    GameSound.c                              0x00000000   Number         0  gamesound.o ABSOLUTE
    Nokia5110.c                              0x00000000   Number         0  nokia5110.o ABSOLUTE
    SpaceInvaders.c                          0x00000000   Number         0  spaceinvaders.o ABSOLUTE
    Switch.c                                 0x00000000   Number         0  switch.o ABSOLUTE
    TExaS.c                                  0x00000000   Number         0  texas.o ABSOLUTE
    dc.s                                     0x00000000   Number         0  dc.o ABSOLUTE
    random.s                                 0x00000000   Number         0  random.o ABSOLUTE
    startup.s                                0x00000000   Number         0  startup.o ABSOLUTE
    !!!main                                  0x00000284   Section        8  __main.o(!!!main)
    !!!scatter                               0x0000028c   Section       52  __scatter.o(!!!scatter)
    !!handler_copy                           0x000002c0   Section       26  __scatter_copy.o(!!handler_copy)
    !!handler_zi                             0x000002dc   Section       28  __scatter_zi.o(!!handler_zi)
    .ARM.Collect$$libinit$$00000000          0x000002f8   Section        2  libinit.o(.ARM.Collect$$libinit$$00000000)
    .ARM.Collect$$libinit$$00000002          0x000002fa   Section        0  libinit2.o(.ARM.Collect$$libinit$$00000002)
    .ARM.Collect$$libinit$$00000008          0x000002fa   Section        0  libinit2.o(.ARM.Collect$$libinit$$00000008)
    .ARM.Collect$$libinit$$0000000A          0x000002fa   Section        0  libinit2.o(.ARM.Collect$$libinit$$0000000A)
    .ARM.Collect$$libinit$$0000000C          0x000002fa   Section        0  libinit2.o(.ARM.Collect$$libinit$$0000000C)
    .ARM.Collect$$libinit$$0000000F          0x000002fa   Section        0  libinit2.o(.ARM.Collect$$libinit$$0000000F)
    .ARM.Collect$$libinit$$00000011          0x000002fa   Section        0  libinit2.o(.ARM.Collect$$libinit$$00000011)
    .ARM.Collect$$libinit$$00000013          0x000002fa   Section        0  libinit2.o(.ARM.Collect$$libinit$$00000013)
    .ARM.Collect$$libinit$$00000015          0x000002fa   Section        0  libinit2.o(.ARM.Collect$$libinit$$00000015)
    .ARM.Collect$$libinit$$00000017          0x000002fa   Section        0  libinit2.o(.ARM.Collect$$libinit$$00000017)
    .ARM.Collect$$libinit$$00000019          0x000002fa   Section        0  libinit2.o(.ARM.Collect$$libinit$$00000019)
    .ARM.Collect$$libinit$$0000001B          0x000002fa   Section        0  libinit2.o(.ARM.Collect$$libinit$$0000001B)
    .ARM.Collect$$libinit$$0000001D          0x000002fa   Section        0  libinit2.o(.ARM.Collect$$libinit$$0000001D)
    .ARM.Collect$$libinit$$0000001F          0x000002fa   Section        0  libinit2.o(.ARM.Collect$$libinit$$0000001F)
    .ARM.Collect$$libinit$$00000021          0x000002fa   Section        0  libinit2.o(.ARM.Collect$$libinit$$00000021)
    .ARM.Collect$$libinit$$00000023          0x000002fa   Section        0  libinit2.o(.ARM.Collect$$libinit$$00000023)
    .ARM.Collect$$libinit$$0000002A          0x000002fa   Section        0  libinit2.o(.ARM.Collect$$libinit$$0000002A)
    .ARM.Collect$$libinit$$0000002C          0x000002fa   Section        0  libinit2.o(.ARM.Collect$$libinit$$0000002C)
    .ARM.Collect$$libinit$$0000002E          0x000002fa   Section        0  libinit2.o(.ARM.Collect$$libinit$$0000002E)
    .ARM.Collect$$libinit$$00000030          0x000002fa   Section        0  libinit2.o(.ARM.Collect$$libinit$$00000030)
    .ARM.Collect$$libinit$$00000031          0x000002fa   Section        2  libinit2.o(.ARM.Collect$$libinit$$00000031)
    .ARM.Collect$$libshutdown$$00000000      0x000002fc   Section        2  libshutdown.o(.ARM.Collect$$libshutdown$$00000000)
    .ARM.Collect$$libshutdown$$00000003      0x000002fe   Section        0  libshutdown2.o(.ARM.Collect$$libshutdown$$00000003)
    .ARM.Collect$$libshutdown$$00000006      0x000002fe   Section        0  libshutdown2.o(.ARM.Collect$$libshutdown$$00000006)
    .ARM.Collect$$libshutdown$$00000009      0x000002fe   Section        0  libshutdown2.o(.ARM.Collect$$libshutdown$$00000009)
    .ARM.Collect$$libshutdown$$0000000B      0x000002fe   Section        0  libshutdown2.o(.ARM.Collect$$libshutdown$$0000000B)
    .ARM.Collect$$libshutdown$$0000000E      0x000002fe   Section        0  libshutdown2.o(.ARM.Collect$$libshutdown$$0000000E)
    .ARM.Collect$$libshutdown$$0000000F      0x000002fe   Section        2  libshutdown2.o(.ARM.Collect$$libshutdown$$0000000F)
    .ARM.Collect$$rtentry$$00000000          0x00000300   Section        0  rtentry.o(.ARM.Collect$$rtentry$$00000000)
    .ARM.Collect$$rtentry$$00000002          0x00000300   Section        0  rtentry2.o(.ARM.Collect$$rtentry$$00000002)
    .ARM.Collect$$rtentry$$00000004          0x00000300   Section        6  rtentry4.o(.ARM.Collect$$rtentry$$00000004)
    .ARM.Collect$$rtentry$$00000009          0x00000306   Section        0  rtentry2.o(.ARM.Collect$$rtentry$$00000009)
    .ARM.Collect$$rtentry$$0000000A          0x00000306   Section        4  rtentry2.o(.ARM.Collect$$rtentry$$0000000A)
    .ARM.Collect$$rtentry$$0000000C          0x0000030a   Section        0  rtentry2.o(.ARM.Collect$$rtentry$$0000000C)
    .ARM.Collect$$rtentry$$0000000D          0x0000030a   Section        8  rtentry2.o(.ARM.Collect$$rtentry$$0000000D)
    .ARM.Collect$$rtexit$$00000000           0x00000312   Section        2  rtexit.o(.ARM.Collect$$rtexit$$00000000)
    .ARM.Collect$$rtexit$$00000002           0x00000314   Section        0  rtexit2.o(.ARM.Collect$$rtexit$$00000002)
    .ARM.Collect$$rtexit$$00000003           0x00000314   Section        4  rtexit2.o(.ARM.Collect$$rtexit$$00000003)
    .ARM.Collect$$rtexit$$00000004           0x00000318   Section        6  rtexit2.o(.ARM.Collect$$rtexit$$00000004)
    .text                                    0x00000320   Section       48  startup.o(.text)
    .text                                    0x00000350   Section       64  random.o(.text)
    .text                                    0x00000390   Section        0  heapauxi.o(.text)
    .text                                    0x00000396   Section       74  sys_stackheap_outer.o(.text)
    .text                                    0x000003e0   Section        0  exit.o(.text)
    .text                                    0x000003ec   Section        8  libspace.o(.text)
    .text                                    0x000003f4   Section        0  sys_exit.o(.text)
    .text                                    0x00000400   Section        2  use_no_semi.o(.text)
    .text                                    0x00000402   Section        0  indicate_semi.o(.text)
    i.ADC1_In                                0x00000404   Section        0  texas.o(i.ADC1_In)
    i.ADC1_Init                              0x00000410   Section        0  texas.o(i.ADC1_Init)
    i.ADC_In                                 0x000004e4   Section        0  adc.o(i.ADC_In)
    i.ADC_Init                               0x0000051c   Section        0  adc.o(i.ADC_Init)
    i.Bunker_Draw                            0x00000604   Section        0  spaceinvaders.o(i.Bunker_Draw)
    i.Bunker_Init                            0x00000670   Section        0  spaceinvaders.o(i.Bunker_Init)
    i.DACInit                                0x000006a8   Section        0  gamesound.o(i.DACInit)
    i.DACOut                                 0x00000714   Section        0  gamesound.o(i.DACOut)
    i.Delay100ms                             0x0000072c   Section        0  spaceinvaders.o(i.Delay100ms)
    i.EnemyMissile_Draw                      0x00000750   Section        0  spaceinvaders.o(i.EnemyMissile_Draw)
    i.EnemyMissile_Init                      0x000008c8   Section        0  spaceinvaders.o(i.EnemyMissile_Init)
    i.EnemyMissile_Move                      0x000008e4   Section        0  spaceinvaders.o(i.EnemyMissile_Move)
    i.Enemy_Attack                           0x00000914   Section        0  spaceinvaders.o(i.Enemy_Attack)
    i.Enemy_Draw                             0x00000978   Section        0  spaceinvaders.o(i.Enemy_Draw)
    i.Enemy_Init                             0x00000a50   Section        0  spaceinvaders.o(i.Enemy_Init)
    i.Enemy_Move                             0x00000aa4   Section        0  spaceinvaders.o(i.Enemy_Move)
    i.GameSound_Init                         0x00000b00   Section        0  gamesound.o(i.GameSound_Init)
    i.GameSound_Play                         0x00000b10   Section        0  gamesound.o(i.GameSound_Play)
    i.Nokia5110_Clear                        0x00000b20   Section        0  nokia5110.o(i.Nokia5110_Clear)
    i.Nokia5110_ClearBuffer                  0x00000b40   Section        0  nokia5110.o(i.Nokia5110_ClearBuffer)
    i.Nokia5110_DisplayBuffer                0x00000b58   Section        0  nokia5110.o(i.Nokia5110_DisplayBuffer)
    i.Nokia5110_DrawFullImage                0x00000b68   Section        0  nokia5110.o(i.Nokia5110_DrawFullImage)
    i.Nokia5110_Init                         0x00000b8c   Section        0  nokia5110.o(i.Nokia5110_Init)
    i.Nokia5110_OutChar                      0x00000cf8   Section        0  nokia5110.o(i.Nokia5110_OutChar)
    i.Nokia5110_OutString                    0x00000d30   Section        0  nokia5110.o(i.Nokia5110_OutString)
    i.Nokia5110_PrintBMP                     0x00000d48   Section        0  nokia5110.o(i.Nokia5110_PrintBMP)
    i.Nokia5110_SetCursor                    0x00000ef0   Section        0  nokia5110.o(i.Nokia5110_SetCursor)
    i.PLL_Init                               0x00000f20   Section        0  texas.o(i.PLL_Init)
    i.PlayerMissile_Draw                     0x00000f9c   Section        0  spaceinvaders.o(i.PlayerMissile_Draw)
    i.PlayerMissile_Init                     0x00001110   Section        0  spaceinvaders.o(i.PlayerMissile_Init)
    i.PlayerMissile_Move                     0x0000111c   Section        0  spaceinvaders.o(i.PlayerMissile_Move)
    i.PlayerSpecMissile_Draw                 0x00001144   Section        0  spaceinvaders.o(i.PlayerSpecMissile_Draw)
    i.PlayerSpecMissile_Init                 0x0000138c   Section        0  spaceinvaders.o(i.PlayerSpecMissile_Init)
    i.PlayerSpecMissile_Move                 0x000013a8   Section        0  spaceinvaders.o(i.PlayerSpecMissile_Move)
    i.Player_Draw                            0x000013fc   Section        0  spaceinvaders.o(i.Player_Draw)
    i.Player_Init                            0x00001468   Section        0  spaceinvaders.o(i.Player_Init)
    i.Player_Move                            0x00001484   Section        0  spaceinvaders.o(i.Player_Move)
    i.Reset_Game                             0x00001498   Section        0  spaceinvaders.o(i.Reset_Game)
    i.SetCode                                0x000014dc   Section        0  texas.o(i.SetCode)
    i.SetCourse                              0x000014f4   Section        0  texas.o(i.SetCourse)
    i.Switch_Read                            0x0000150c   Section        0  switch.o(i.Switch_Read)
    i.SysTick_Handler                        0x0000151c   Section        0  spaceinvaders.o(i.SysTick_Handler)
    i.Systick_Init                           0x0000160c   Section        0  spaceinvaders.o(i.Systick_Init)
    i.TExaS_Init                             0x00001628   Section        0  texas.o(i.TExaS_Init)
    i.Timer2A_Handler                        0x000017ec   Section        0  gamesound.o(i.Timer2A_Handler)
    i.Timer2_Init                            0x00001830   Section        0  gamesound.o(i.Timer2_Init)
    i.Timer4A_Handler                        0x00001898   Section        0  texas.o(i.Timer4A_Handler)
    i.Timer5A_Handler                        0x000018b8   Section        0  texas.o(i.Timer5A_Handler)
    i.UART0_Init                             0x000018e8   Section        0  texas.o(i.UART0_Init)
    i.Update_LCD                             0x000019a8   Section        0  spaceinvaders.o(i.Update_LCD)
    i.lcdwrite                               0x000019bc   Section        0  nokia5110.o(i.lcdwrite)
    lcdwrite                                 0x000019bd   Thumb Code    66  nokia5110.o(i.lcdwrite)
    i.main                                   0x00001a08   Section        0  spaceinvaders.o(i.main)
    .constdata                               0x00001b18   Section      480  nokia5110.o(.constdata)
    ASCII                                    0x00001b18   Data         480  nokia5110.o(.constdata)
    .constdata                               0x00001cf8   Section     4411  spaceinvaders.o(.constdata)
    ASCII                                    0x00001cf8   Data         480  spaceinvaders.o(.constdata)
    .constdata                               0x00002e33   Section      360  texas.o(.constdata)
    .constdata                               0x00002f9c   Section      128  gamesound.o(.constdata)
    .data                                    0x20000000   Section       22  spaceinvaders.o(.data)
    .data                                    0x20000018   Section       52  texas.o(.data)
    .data                                    0x2000004c   Section        4  adc.o(.data)
    .data                                    0x20000050   Section        8  gamesound.o(.data)
    DATA                                     0x20000058   Section        4  random.o(DATA)
    M                                        0x20000058   Data           4  random.o(DATA)
    .bss                                     0x2000005c   Section      504  nokia5110.o(.bss)
    .bss                                     0x20000254   Section      256  spaceinvaders.o(.bss)
    .bss                                     0x20000358   Section       56  texas.o(.bss)
    .bss                                     0x20000390   Section       96  libspace.o(.bss)
    HEAP                                     0x200003f0   Section        0  startup.o(HEAP)
    STACK                                    0x200003f0   Section     1024  startup.o(STACK)
    HeapMem                                  0x200003f0   Data           0  startup.o(HEAP)
    StackMem                                 0x200003f0   Data           0  startup.o(STACK)

    Global Symbols

    Symbol Name                              Value     Ov Type        Size  Object(Section)

    BuildAttributes$$THM_ISAv4$E$P$D$K$B$S$7EM$PE$A:L22UL41UL21$X:L11$S22US41US21$IEEE1$IW$USESV6$~STKCKD$USESV7$~SHL$OSPACE$ROPI$EBA8$UX$STANDARDLIB$REQ8$PRES8$EABIv2 0x00000000   Number         0  anon$$obj.o ABSOLUTE
    __ARM_use_no_argv                        0x00000000   Number         0  spaceinvaders.o ABSOLUTE
    __Vectors                                0x00000000   Data           0  startup.o(RESET)
    __ARM_exceptions_init                     - Undefined Weak Reference
    __alloca_initialize                       - Undefined Weak Reference
    __cpp_initialize__aeabi_                  - Undefined Weak Reference
    __cxa_finalize                            - Undefined Weak Reference
    __rt_locale                               - Undefined Weak Reference
    __sigvec_lookup                           - Undefined Weak Reference
    _atexit_init                              - Undefined Weak Reference
    _call_atexit_fns                          - Undefined Weak Reference
    _clock_init                               - Undefined Weak Reference
    _fp_trap_init                             - Undefined Weak Reference
    _fp_trap_shutdown                         - Undefined Weak Reference
    _get_lc_collate                           - Undefined Weak Reference
    _get_lc_ctype                             - Undefined Weak Reference
    _get_lc_monetary                          - Undefined Weak Reference
    _get_lc_numeric                           - Undefined Weak Reference
    _get_lc_time                              - Undefined Weak Reference
    _getenv_init                              - Undefined Weak Reference
    _handle_redirection                       - Undefined Weak Reference
    _init_alloc                               - Undefined Weak Reference
    _init_user_alloc                          - Undefined Weak Reference
    _initio                                   - Undefined Weak Reference
    _rand_init                                - Undefined Weak Reference
    _signal_finish                            - Undefined Weak Reference
    _signal_init                              - Undefined Weak Reference
    _terminate_alloc                          - Undefined Weak Reference
    _terminate_user_alloc                     - Undefined Weak Reference
    _terminateio                              - Undefined Weak Reference
    Reset_Handler                            0x0000026d   Thumb Code     0  startup.o(RESET)
    NMI_Handler                              0x00000271   Thumb Code     2  startup.o(RESET)
    HardFault_Handler                        0x00000273   Thumb Code     2  startup.o(RESET)
    MemManage_Handler                        0x00000275   Thumb Code     2  startup.o(RESET)
    BusFault_Handler                         0x00000277   Thumb Code     2  startup.o(RESET)
    UsageFault_Handler                       0x00000279   Thumb Code     2  startup.o(RESET)
    SVC_Handler                              0x0000027b   Thumb Code     2  startup.o(RESET)
    DebugMon_Handler                         0x0000027d   Thumb Code     2  startup.o(RESET)
    PendSV_Handler                           0x0000027f   Thumb Code     2  startup.o(RESET)
    ADC0Seq0_Handler                         0x00000283   Thumb Code     0  startup.o(RESET)
    ADC0Seq1_Handler                         0x00000283   Thumb Code     0  startup.o(RESET)
    ADC0Seq2_Handler                         0x00000283   Thumb Code     0  startup.o(RESET)
    ADC0Seq3_Handler                         0x00000283   Thumb Code     0  startup.o(RESET)
    ADC1Seq0_Handler                         0x00000283   Thumb Code     0  startup.o(RESET)
    ADC1Seq1_Handler                         0x00000283   Thumb Code     0  startup.o(RESET)
    ADC1Seq2_Handler                         0x00000283   Thumb Code     0  startup.o(RESET)
    ADC1Seq3_Handler                         0x00000283   Thumb Code     0  startup.o(RESET)
    CAN0_Handler                             0x00000283   Thumb Code     0  startup.o(RESET)
    CAN1_Handler                             0x00000283   Thumb Code     0  startup.o(RESET)
    CAN2_Handler                             0x00000283   Thumb Code     0  startup.o(RESET)
    Comp0_Handler                            0x00000283   Thumb Code     0  startup.o(RESET)
    Comp1_Handler                            0x00000283   Thumb Code     0  startup.o(RESET)
    Comp2_Handler                            0x00000283   Thumb Code     0  startup.o(RESET)
    Ethernet_Handler                         0x00000283   Thumb Code     0  startup.o(RESET)
    ExtBus_Handler                           0x00000283   Thumb Code     0  startup.o(RESET)
    FPU_Handler                              0x00000283   Thumb Code     0  startup.o(RESET)
    Fan0_Handler                             0x00000283   Thumb Code     0  startup.o(RESET)
    FlashCtl_Handler                         0x00000283   Thumb Code     0  startup.o(RESET)
    GPIOPortA_Handler                        0x00000283   Thumb Code     0  startup.o(RESET)
    GPIOPortB_Handler                        0x00000283   Thumb Code     0  startup.o(RESET)
    GPIOPortC_Handler                        0x00000283   Thumb Code     0  startup.o(RESET)
    GPIOPortD_Handler                        0x00000283   Thumb Code     0  startup.o(RESET)
    GPIOPortE_Handler                        0x00000283   Thumb Code     0  startup.o(RESET)
    GPIOPortF_Handler                        0x00000283   Thumb Code     0  startup.o(RESET)
    GPIOPortG_Handler                        0x00000283   Thumb Code     0  startup.o(RESET)
    GPIOPortH_Handler                        0x00000283   Thumb Code     0  startup.o(RESET)
    GPIOPortJ_Handler                        0x00000283   Thumb Code     0  startup.o(RESET)
    GPIOPortK_Handler                        0x00000283   Thumb Code     0  startup.o(RESET)
    GPIOPortL_Handler                        0x00000283   Thumb Code     0  startup.o(RESET)
    GPIOPortM_Handler                        0x00000283   Thumb Code     0  startup.o(RESET)
    GPIOPortN_Handler                        0x00000283   Thumb Code     0  startup.o(RESET)
    GPIOPortP1_Handler                       0x00000283   Thumb Code     0  startup.o(RESET)
    GPIOPortP2_Handler                       0x00000283   Thumb Code     0  startup.o(RESET)
    GPIOPortP3_Handler                       0x00000283   Thumb Code     0  startup.o(RESET)
    GPIOPortP4_Handler                       0x00000283   Thumb Code     0  startup.o(RESET)
    GPIOPortP5_Handler                       0x00000283   Thumb Code     0  startup.o(RESET)
    GPIOPortP6_Handler                       0x00000283   Thumb Code     0  startup.o(RESET)
    GPIOPortP7_Handler                       0x00000283   Thumb Code     0  startup.o(RESET)
    GPIOPortP_Handler                        0x00000283   Thumb Code     0  startup.o(RESET)
    GPIOPortQ1_Handler                       0x00000283   Thumb Code     0  startup.o(RESET)
    GPIOPortQ2_Handler                       0x00000283   Thumb Code     0  startup.o(RESET)
    GPIOPortQ3_Handler                       0x00000283   Thumb Code     0  startup.o(RESET)
    GPIOPortQ4_Handler                       0x00000283   Thumb Code     0  startup.o(RESET)
    GPIOPortQ5_Handler                       0x00000283   Thumb Code     0  startup.o(RESET)
    GPIOPortQ6_Handler                       0x00000283   Thumb Code     0  startup.o(RESET)
    GPIOPortQ7_Handler                       0x00000283   Thumb Code     0  startup.o(RESET)
    GPIOPortQ_Handler                        0x00000283   Thumb Code     0  startup.o(RESET)
    GPIOPortR_Handler                        0x00000283   Thumb Code     0  startup.o(RESET)
    GPIOPortS_Handler                        0x00000283   Thumb Code     0  startup.o(RESET)
    Hibernate_Handler                        0x00000283   Thumb Code     0  startup.o(RESET)
    I2C0_Handler                             0x00000283   Thumb Code     0  startup.o(RESET)
    I2C1_Handler                             0x00000283   Thumb Code     0  startup.o(RESET)
    I2C2_Handler                             0x00000283   Thumb Code     0  startup.o(RESET)
    I2C3_Handler                             0x00000283   Thumb Code     0  startup.o(RESET)
    I2C4_Handler                             0x00000283   Thumb Code     0  startup.o(RESET)
    I2C5_Handler                             0x00000283   Thumb Code     0  startup.o(RESET)
    I2S0_Handler                             0x00000283   Thumb Code     0  startup.o(RESET)
    LPC0_Handler                             0x00000283   Thumb Code     0  startup.o(RESET)
    PECI0_Handler                            0x00000283   Thumb Code     0  startup.o(RESET)
    PWM0Fault_Handler                        0x00000283   Thumb Code     0  startup.o(RESET)
    PWM0Generator0_Handler                   0x00000283   Thumb Code     0  startup.o(RESET)
    PWM0Generator1_Handler                   0x00000283   Thumb Code     0  startup.o(RESET)
    PWM0Generator2_Handler                   0x00000283   Thumb Code     0  startup.o(RESET)
    PWM0Generator3_Handler                   0x00000283   Thumb Code     0  startup.o(RESET)
    PWM1Fault_Handler                        0x00000283   Thumb Code     0  startup.o(RESET)
    PWM1Generator0_Handler                   0x00000283   Thumb Code     0  startup.o(RESET)
    PWM1Generator1_Handler                   0x00000283   Thumb Code     0  startup.o(RESET)
    PWM1Generator2_Handler                   0x00000283   Thumb Code     0  startup.o(RESET)
    PWM1Generator3_Handler                   0x00000283   Thumb Code     0  startup.o(RESET)
    Quadrature0_Handler                      0x00000283   Thumb Code     0  startup.o(RESET)
    Quadrature1_Handler                      0x00000283   Thumb Code     0  startup.o(RESET)
    Quadrature2_Handler                      0x00000283   Thumb Code     0  startup.o(RESET)
    SSI0_Handler                             0x00000283   Thumb Code     0  startup.o(RESET)
    SSI1_Handler                             0x00000283   Thumb Code     0  startup.o(RESET)
    SSI2_Handler                             0x00000283   Thumb Code     0  startup.o(RESET)
    SSI3_Handler                             0x00000283   Thumb Code     0  startup.o(RESET)
    SysCtl_Handler                           0x00000283   Thumb Code     0  startup.o(RESET)
    Timer0A_Handler                          0x00000283   Thumb Code     0  startup.o(RESET)
    Timer0B_Handler                          0x00000283   Thumb Code     0  startup.o(RESET)
    Timer1A_Handler                          0x00000283   Thumb Code     0  startup.o(RESET)
    Timer1B_Handler                          0x00000283   Thumb Code     0  startup.o(RESET)
    Timer2B_Handler                          0x00000283   Thumb Code     0  startup.o(RESET)
    Timer3A_Handler                          0x00000283   Thumb Code     0  startup.o(RESET)
    Timer3B_Handler                          0x00000283   Thumb Code     0  startup.o(RESET)
    Timer4B_Handler                          0x00000283   Thumb Code     0  startup.o(RESET)
    Timer5B_Handler                          0x00000283   Thumb Code     0  startup.o(RESET)
    UART0_Handler                            0x00000283   Thumb Code     0  startup.o(RESET)
    UART1_Handler                            0x00000283   Thumb Code     0  startup.o(RESET)
    UART2_Handler                            0x00000283   Thumb Code     0  startup.o(RESET)
    UART3_Handler                            0x00000283   Thumb Code     0  startup.o(RESET)
    UART4_Handler                            0x00000283   Thumb Code     0  startup.o(RESET)
    UART5_Handler                            0x00000283   Thumb Code     0  startup.o(RESET)
    UART6_Handler                            0x00000283   Thumb Code     0  startup.o(RESET)
    UART7_Handler                            0x00000283   Thumb Code     0  startup.o(RESET)
    USB0_Handler                             0x00000283   Thumb Code     0  startup.o(RESET)
    WDT_Handler                              0x00000283   Thumb Code     0  startup.o(RESET)
    WideTimer0A_Handler                      0x00000283   Thumb Code     0  startup.o(RESET)
    WideTimer0B_Handler                      0x00000283   Thumb Code     0  startup.o(RESET)
    WideTimer1A_Handler                      0x00000283   Thumb Code     0  startup.o(RESET)
    WideTimer1B_Handler                      0x00000283   Thumb Code     0  startup.o(RESET)
    WideTimer2A_Handler                      0x00000283   Thumb Code     0  startup.o(RESET)
    WideTimer2B_Handler                      0x00000283   Thumb Code     0  startup.o(RESET)
    WideTimer3A_Handler                      0x00000283   Thumb Code     0  startup.o(RESET)
    WideTimer3B_Handler                      0x00000283   Thumb Code     0  startup.o(RESET)
    WideTimer4A_Handler                      0x00000283   Thumb Code     0  startup.o(RESET)
    WideTimer4B_Handler                      0x00000283   Thumb Code     0  startup.o(RESET)
    WideTimer5A_Handler                      0x00000283   Thumb Code     0  startup.o(RESET)
    WideTimer5B_Handler                      0x00000283   Thumb Code     0  startup.o(RESET)
    uDMA_Error                               0x00000283   Thumb Code     0  startup.o(RESET)
    uDMA_Handler                             0x00000283   Thumb Code     0  startup.o(RESET)
    __main                                   0x00000285   Thumb Code     8  __main.o(!!!main)
    __scatterload                            0x0000028d   Thumb Code     0  __scatter.o(!!!scatter)
    __scatterload_rt2                        0x0000028d   Thumb Code    44  __scatter.o(!!!scatter)
    __scatterload_rt2_thumb_only             0x0000028d   Thumb Code     0  __scatter.o(!!!scatter)
    __scatterload_null                       0x0000029b   Thumb Code     0  __scatter.o(!!!scatter)
    __scatterload_copy                       0x000002c1   Thumb Code    26  __scatter_copy.o(!!handler_copy)
    __scatterload_zeroinit                   0x000002dd   Thumb Code    28  __scatter_zi.o(!!handler_zi)
    __rt_lib_init                            0x000002f9   Thumb Code     0  libinit.o(.ARM.Collect$$libinit$$00000000)
    __rt_lib_init_alloca_1                   0x000002fb   Thumb Code     0  libinit2.o(.ARM.Collect$$libinit$$0000002C)
    __rt_lib_init_argv_1                     0x000002fb   Thumb Code     0  libinit2.o(.ARM.Collect$$libinit$$0000002A)
    __rt_lib_init_atexit_1                   0x000002fb   Thumb Code     0  libinit2.o(.ARM.Collect$$libinit$$00000019)
    __rt_lib_init_clock_1                    0x000002fb   Thumb Code     0  libinit2.o(.ARM.Collect$$libinit$$0000001F)
    __rt_lib_init_cpp_1                      0x000002fb   Thumb Code     0  libinit2.o(.ARM.Collect$$libinit$$00000030)
    __rt_lib_init_exceptions_1               0x000002fb   Thumb Code     0  libinit2.o(.ARM.Collect$$libinit$$0000002E)
    __rt_lib_init_fp_1                       0x000002fb   Thumb Code     0  libinit2.o(.ARM.Collect$$libinit$$00000002)
    __rt_lib_init_fp_trap_1                  0x000002fb   Thumb Code     0  libinit2.o(.ARM.Collect$$libinit$$0000001D)
    __rt_lib_init_getenv_1                   0x000002fb   Thumb Code     0  libinit2.o(.ARM.Collect$$libinit$$00000021)
    __rt_lib_init_heap_1                     0x000002fb   Thumb Code     0  libinit2.o(.ARM.Collect$$libinit$$00000008)
    __rt_lib_init_lc_collate_1               0x000002fb   Thumb Code     0  libinit2.o(.ARM.Collect$$libinit$$0000000F)
    __rt_lib_init_lc_ctype_1                 0x000002fb   Thumb Code     0  libinit2.o(.ARM.Collect$$libinit$$00000011)
    __rt_lib_init_lc_monetary_1              0x000002fb   Thumb Code     0  libinit2.o(.ARM.Collect$$libinit$$00000013)
    __rt_lib_init_lc_numeric_1               0x000002fb   Thumb Code     0  libinit2.o(.ARM.Collect$$libinit$$00000015)
    __rt_lib_init_lc_time_1                  0x000002fb   Thumb Code     0  libinit2.o(.ARM.Collect$$libinit$$00000017)
    __rt_lib_init_rand_1                     0x000002fb   Thumb Code     0  libinit2.o(.ARM.Collect$$libinit$$0000000C)
    __rt_lib_init_return                     0x000002fb   Thumb Code     0  libinit2.o(.ARM.Collect$$libinit$$00000031)
    __rt_lib_init_signal_1                   0x000002fb   Thumb Code     0  libinit2.o(.ARM.Collect$$libinit$$0000001B)
    __rt_lib_init_stdio_1                    0x000002fb   Thumb Code     0  libinit2.o(.ARM.Collect$$libinit$$00000023)
    __rt_lib_init_user_alloc_1               0x000002fb   Thumb Code     0  libinit2.o(.ARM.Collect$$libinit$$0000000A)
    __rt_lib_shutdown                        0x000002fd   Thumb Code     0  libshutdown.o(.ARM.Collect$$libshutdown$$00000000)
    __rt_lib_shutdown_fp_trap_1              0x000002ff   Thumb Code     0  libshutdown2.o(.ARM.Collect$$libshutdown$$00000006)
    __rt_lib_shutdown_heap_1                 0x000002ff   Thumb Code     0  libshutdown2.o(.ARM.Collect$$libshutdown$$0000000E)
    __rt_lib_shutdown_return                 0x000002ff   Thumb Code     0  libshutdown2.o(.ARM.Collect$$libshutdown$$0000000F)
    __rt_lib_shutdown_signal_1               0x000002ff   Thumb Code     0  libshutdown2.o(.ARM.Collect$$libshutdown$$00000009)
    __rt_lib_shutdown_stdio_1                0x000002ff   Thumb Code     0  libshutdown2.o(.ARM.Collect$$libshutdown$$00000003)
    __rt_lib_shutdown_user_alloc_1           0x000002ff   Thumb Code     0  libshutdown2.o(.ARM.Collect$$libshutdown$$0000000B)
    __rt_entry                               0x00000301   Thumb Code     0  rtentry.o(.ARM.Collect$$rtentry$$00000000)
    __rt_entry_presh_1                       0x00000301   Thumb Code     0  rtentry2.o(.ARM.Collect$$rtentry$$00000002)
    __rt_entry_sh                            0x00000301   Thumb Code     0  rtentry4.o(.ARM.Collect$$rtentry$$00000004)
    __rt_entry_li                            0x00000307   Thumb Code     0  rtentry2.o(.ARM.Collect$$rtentry$$0000000A)
    __rt_entry_postsh_1                      0x00000307   Thumb Code     0  rtentry2.o(.ARM.Collect$$rtentry$$00000009)
    __rt_entry_main                          0x0000030b   Thumb Code     0  rtentry2.o(.ARM.Collect$$rtentry$$0000000D)
    __rt_entry_postli_1                      0x0000030b   Thumb Code     0  rtentry2.o(.ARM.Collect$$rtentry$$0000000C)
    __rt_exit                                0x00000313   Thumb Code     0  rtexit.o(.ARM.Collect$$rtexit$$00000000)
    __rt_exit_ls                             0x00000315   Thumb Code     0  rtexit2.o(.ARM.Collect$$rtexit$$00000003)
    __rt_exit_prels_1                        0x00000315   Thumb Code     0  rtexit2.o(.ARM.Collect$$rtexit$$00000002)
    __rt_exit_exit                           0x00000319   Thumb Code     0  rtexit2.o(.ARM.Collect$$rtexit$$00000004)
    DisableInterrupts                        0x00000321   Thumb Code     0  startup.o(.text)
    EnableInterrupts                         0x00000325   Thumb Code     0  startup.o(.text)
    StartCritical                            0x00000329   Thumb Code     0  startup.o(.text)
    EndCritical                              0x00000331   Thumb Code     0  startup.o(.text)
    WaitForInterrupt                         0x00000337   Thumb Code     0  startup.o(.text)
    __user_initial_stackheap                 0x0000033b   Thumb Code     0  startup.o(.text)
    Random_Init                              0x00000351   Thumb Code     0  random.o(.text)
    Random32                                 0x0000035b   Thumb Code     2  random.o(.text)
    Random                                   0x0000036d   Thumb Code     2  random.o(.text)
    __use_two_region_memory                  0x00000391   Thumb Code     2  heapauxi.o(.text)
    __rt_heap_escrow$2region                 0x00000393   Thumb Code     2  heapauxi.o(.text)
    __rt_heap_expand$2region                 0x00000395   Thumb Code     2  heapauxi.o(.text)
    __user_setup_stackheap                   0x00000397   Thumb Code    74  sys_stackheap_outer.o(.text)
    exit                                     0x000003e1   Thumb Code    12  exit.o(.text)
    __user_libspace                          0x000003ed   Thumb Code     8  libspace.o(.text)
    __user_perproc_libspace                  0x000003ed   Thumb Code     0  libspace.o(.text)
    __user_perthread_libspace                0x000003ed   Thumb Code     0  libspace.o(.text)
    _sys_exit                                0x000003f5   Thumb Code     8  sys_exit.o(.text)
    __I$use$semihosting                      0x00000401   Thumb Code     0  use_no_semi.o(.text)
    __use_no_semihosting_swi                 0x00000401   Thumb Code     2  use_no_semi.o(.text)
    __semihosting_library_function           0x00000403   Thumb Code     0  indicate_semi.o(.text)
    ADC1_In                                  0x00000405   Thumb Code     6  texas.o(i.ADC1_In)
    ADC1_Init                                0x00000411   Thumb Code   174  texas.o(i.ADC1_Init)
    ADC_In                                   0x000004e5   Thumb Code    46  adc.o(i.ADC_In)
    ADC_Init                                 0x0000051d   Thumb Code   184  adc.o(i.ADC_Init)
    Bunker_Draw                              0x00000605   Thumb Code    86  spaceinvaders.o(i.Bunker_Draw)
    Bunker_Init                              0x00000671   Thumb Code    42  spaceinvaders.o(i.Bunker_Init)
    DACInit                                  0x000006a9   Thumb Code    80  gamesound.o(i.DACInit)
    DACOut                                   0x00000715   Thumb Code    16  gamesound.o(i.DACOut)
    Delay100ms                               0x0000072d   Thumb Code    30  spaceinvaders.o(i.Delay100ms)
    EnemyMissile_Draw                        0x00000751   Thumb Code   342  spaceinvaders.o(i.EnemyMissile_Draw)
    EnemyMissile_Init                        0x000008c9   Thumb Code    24  spaceinvaders.o(i.EnemyMissile_Init)
    EnemyMissile_Move                        0x000008e5   Thumb Code    44  spaceinvaders.o(i.EnemyMissile_Move)
    Enemy_Attack                             0x00000915   Thumb Code    90  spaceinvaders.o(i.Enemy_Attack)
    Enemy_Draw                               0x00000979   Thumb Code   186  spaceinvaders.o(i.Enemy_Draw)
    Enemy_Init                               0x00000a51   Thumb Code    68  spaceinvaders.o(i.Enemy_Init)
    Enemy_Move                               0x00000aa5   Thumb Code    82  spaceinvaders.o(i.Enemy_Move)
    GameSound_Init                           0x00000b01   Thumb Code    14  gamesound.o(i.GameSound_Init)
    GameSound_Play                           0x00000b11   Thumb Code    10  gamesound.o(i.GameSound_Play)
    Nokia5110_Clear                          0x00000b21   Thumb Code    32  nokia5110.o(i.Nokia5110_Clear)
    Nokia5110_ClearBuffer                    0x00000b41   Thumb Code    20  nokia5110.o(i.Nokia5110_ClearBuffer)
    Nokia5110_DisplayBuffer                  0x00000b59   Thumb Code    10  nokia5110.o(i.Nokia5110_DisplayBuffer)
    Nokia5110_DrawFullImage                  0x00000b69   Thumb Code    34  nokia5110.o(i.Nokia5110_DrawFullImage)
    Nokia5110_Init                           0x00000b8d   Thumb Code   316  nokia5110.o(i.Nokia5110_Init)
    Nokia5110_OutChar                        0x00000cf9   Thumb Code    52  nokia5110.o(i.Nokia5110_OutChar)
    Nokia5110_OutString                      0x00000d31   Thumb Code    22  nokia5110.o(i.Nokia5110_OutString)
    Nokia5110_PrintBMP                       0x00000d49   Thumb Code   420  nokia5110.o(i.Nokia5110_PrintBMP)
    Nokia5110_SetCursor                      0x00000ef1   Thumb Code    48  nokia5110.o(i.Nokia5110_SetCursor)
    PLL_Init                                 0x00000f21   Thumb Code   118  texas.o(i.PLL_Init)
    PlayerMissile_Draw                       0x00000f9d   Thumb Code   350  spaceinvaders.o(i.PlayerMissile_Draw)
    PlayerMissile_Init                       0x00001111   Thumb Code     8  spaceinvaders.o(i.PlayerMissile_Init)
    PlayerMissile_Move                       0x0000111d   Thumb Code    36  spaceinvaders.o(i.PlayerMissile_Move)
    PlayerSpecMissile_Draw                   0x00001145   Thumb Code   564  spaceinvaders.o(i.PlayerSpecMissile_Draw)
    PlayerSpecMissile_Init                   0x0000138d   Thumb Code    24  spaceinvaders.o(i.PlayerSpecMissile_Init)
    PlayerSpecMissile_Move                   0x000013a9   Thumb Code    80  spaceinvaders.o(i.PlayerSpecMissile_Move)
    Player_Draw                              0x000013fd   Thumb Code    96  spaceinvaders.o(i.Player_Draw)
    Player_Init                              0x00001469   Thumb Code    20  spaceinvaders.o(i.Player_Init)
    Player_Move                              0x00001485   Thumb Code    14  spaceinvaders.o(i.Player_Move)
    Reset_Game                               0x00001499   Thumb Code    66  spaceinvaders.o(i.Reset_Game)
    SetCode                                  0x000014dd   Thumb Code    20  texas.o(i.SetCode)
    SetCourse                                0x000014f5   Thumb Code    20  texas.o(i.SetCourse)
    Switch_Read                              0x0000150d   Thumb Code    10  switch.o(i.Switch_Read)
    SysTick_Handler                          0x0000151d   Thumb Code   224  spaceinvaders.o(i.SysTick_Handler)
    Systick_Init                             0x0000160d   Thumb Code    28  spaceinvaders.o(i.Systick_Init)
    TExaS_Init                               0x00001629   Thumb Code   324  texas.o(i.TExaS_Init)
    Timer2A_Handler                          0x000017ed   Thumb Code    54  gamesound.o(i.Timer2A_Handler)
    Timer2_Init                              0x00001831   Thumb Code    84  gamesound.o(i.Timer2_Init)
    Timer4A_Handler                          0x00001899   Thumb Code    20  texas.o(i.Timer4A_Handler)
    Timer5A_Handler                          0x000018b9   Thumb Code    34  texas.o(i.Timer5A_Handler)
    UART0_Init                               0x000018e9   Thumb Code   160  texas.o(i.UART0_Init)
    Update_LCD                               0x000019a9   Thumb Code    14  spaceinvaders.o(i.Update_LCD)
    main                                     0x00001a09   Thumb Code   196  spaceinvaders.o(i.main)
    SmallEnemy30PointA                       0x00001ed8   Data         199  spaceinvaders.o(.constdata)
    SmallEnemy30PointB                       0x00001f9f   Data         199  spaceinvaders.o(.constdata)
    SmallEnemy20PointA                       0x00002066   Data         199  spaceinvaders.o(.constdata)
    SmallEnemy20PointB                       0x0000212d   Data         199  spaceinvaders.o(.constdata)
    SmallEnemy10PointA                       0x000021f4   Data         199  spaceinvaders.o(.constdata)
    SmallEnemy10PointB                       0x000022bb   Data         199  spaceinvaders.o(.constdata)
    PlayerShip0                              0x00002382   Data         215  spaceinvaders.o(.constdata)
    SmallEnemyBonus0                         0x00002459   Data         203  spaceinvaders.o(.constdata)
    Bunker0                                  0x00002524   Data         179  spaceinvaders.o(.constdata)
    Bunker1                                  0x000025d7   Data         179  spaceinvaders.o(.constdata)
    Bunker2                                  0x0000268a   Data         179  spaceinvaders.o(.constdata)
    Bunker3                                  0x0000273d   Data         179  spaceinvaders.o(.constdata)
    BigExplosion0                            0x000027f0   Data         215  spaceinvaders.o(.constdata)
    BigExplosion1                            0x000028c7   Data         215  spaceinvaders.o(.constdata)
    SmallExplosion0                          0x0000299e   Data         199  spaceinvaders.o(.constdata)
    SmallExplosion1                          0x00002a65   Data         199  spaceinvaders.o(.constdata)
    Missile0                                 0x00002b2c   Data         155  spaceinvaders.o(.constdata)
    Missile1                                 0x00002bc7   Data         155  spaceinvaders.o(.constdata)
    Missile2                                 0x00002c62   Data         155  spaceinvaders.o(.constdata)
    Laser0                                   0x00002cfd   Data         155  spaceinvaders.o(.constdata)
    Laser1                                   0x00002d98   Data         155  spaceinvaders.o(.constdata)
    NoInputMsg                               0x00002e33   Data          40  texas.o(.constdata)
    OutputPortMsg0                           0x00002e5b   Data          40  texas.o(.constdata)
    OutputPortMsg1                           0x00002e83   Data          40  texas.o(.constdata)
    OutputPortMsg2                           0x00002eab   Data          40  texas.o(.constdata)
    OutputPortMsg3                           0x00002ed3   Data          40  texas.o(.constdata)
    BlankMsg                                 0x00002efb   Data          40  texas.o(.constdata)
    InitializedMsg                           0x00002f23   Data          40  texas.o(.constdata)
    IntroMsg                                 0x00002f4b   Data          40  texas.o(.constdata)
    DoneMsg                                  0x00002f73   Data          40  texas.o(.constdata)
    Sinewave_Data                            0x00002f9c   Data         128  gamesound.o(.constdata)
    Region$$Table$$Base                      0x0000301c   Number         0  anon$$obj.o(Region$$Table)
    Region$$Table$$Limit                     0x0000303c   Number         0  anon$$obj.o(Region$$Table)
    FrameCount                               0x20000000   Data           2  spaceinvaders.o(.data)
    Semaphore                                0x20000004   Data           4  spaceinvaders.o(.data)
    AllDead                                  0x20000008   Data           4  spaceinvaders.o(.data)
    ShipPos                                  0x2000000c   Data           4  spaceinvaders.o(.data)
    debug                                    0x20000010   Data           4  spaceinvaders.o(.data)
    AnimateEnemy                             0x20000014   Data           2  spaceinvaders.o(.data)
    TExaS_Period                             0x20000018   Data           4  texas.o(.data)
    TExaS_Ports                              0x2000001c   Data           8  texas.o(.data)
    Display                                  0x20000024   Data           1  texas.o(.data)
    TExaS_Meter                              0x20000028   Data           4  texas.o(.data)
    ADCnum                                   0x2000002c   Data           4  texas.o(.data)
    LastMode                                 0x20000030   Data           4  texas.o(.data)
    bFlag                                    0x20000034   Data           4  texas.o(.data)
    Count                                    0x20000038   Data           4  texas.o(.data)
    DelayBetweenTests                        0x2000003c   Data           4  texas.o(.data)
    TExaS_Test                               0x20000040   Data           4  texas.o(.data)
    ScopeMode                                0x20000044   Data           4  texas.o(.data)
    ScopeCount                               0x20000048   Data           4  texas.o(.data)
    delay                                    0x2000004c   Data           4  adc.o(.data)
    SampleCount                              0x20000050   Data           4  gamesound.o(.data)
    TimerCount                               0x20000054   Data           4  gamesound.o(.data)
    Screen                                   0x2000005c   Data         504  nokia5110.o(.bss)
    Enemy                                    0x20000254   Data          80  spaceinvaders.o(.bss)
    Player                                   0x200002a4   Data          16  spaceinvaders.o(.bss)
    Bunker                                   0x200002b4   Data          16  spaceinvaders.o(.bss)
    EnemyMissile                             0x200002c4   Data          80  spaceinvaders.o(.bss)
    PlayerMissile                            0x20000314   Data          16  spaceinvaders.o(.bss)
    PlayerSpecMissile                        0x20000324   Data          48  spaceinvaders.o(.bss)
    TExaS                                    0x20000358   Data          56  texas.o(.bss)
    __libspace_start                         0x20000390   Data          96  libspace.o(.bss)
    __temporary_stack_top$libspace           0x200003f0   Data           0  libspace.o(.bss)



==============================================================================

Memory Map of the image

  Image Entry point : 0x0000026d

  Load Region LR_1 (Base: 0x00000000, Size: 0x00003098, Max: 0xffffffff, ABSOLUTE)

    Execution Region ER_RO (Base: 0x00000000, Size: 0x0000303c, Max: 0xffffffff, ABSOLUTE)

    Base Addr    Size         Type   Attr      Idx    E Section Name        Object

    0x00000000   0x00000284   Code   RO            3  * RESET               startup.o
    0x00000284   0x00000008   Code   RO          471  * !!!main             c_w.l(__main.o)
    0x0000028c   0x00000034   Code   RO          625    !!!scatter          c_w.l(__scatter.o)
    0x000002c0   0x0000001a   Code   RO          627    !!handler_copy      c_w.l(__scatter_copy.o)
    0x000002da   0x00000002   PAD
    0x000002dc   0x0000001c   Code   RO          629    !!handler_zi        c_w.l(__scatter_zi.o)
    0x000002f8   0x00000002   Code   RO          498    .ARM.Collect$$libinit$$00000000  c_w.l(libinit.o)
    0x000002fa   0x00000000   Code   RO          505    .ARM.Collect$$libinit$$00000002  c_w.l(libinit2.o)
    0x000002fa   0x00000000   Code   RO          508    .ARM.Collect$$libinit$$00000008  c_w.l(libinit2.o)
    0x000002fa   0x00000000   Code   RO          510    .ARM.Collect$$libinit$$0000000A  c_w.l(libinit2.o)
    0x000002fa   0x00000000   Code   RO          512    .ARM.Collect$$libinit$$0000000C  c_w.l(libinit2.o)
    0x000002fa   0x00000000   Code   RO          515    .ARM.Collect$$libinit$$0000000F  c_w.l(libinit2.o)
    0x000002fa   0x00000000   Code   RO          517    .ARM.Collect$$libinit$$00000011  c_w.l(libinit2.o)
    0x000002fa   0x00000000   Code   RO          519    .ARM.Collect$$libinit$$00000013  c_w.l(libinit2.o)
    0x000002fa   0x00000000   Code   RO          521    .ARM.Collect$$libinit$$00000015  c_w.l(libinit2.o)
    0x000002fa   0x00000000   Code   RO          523    .ARM.Collect$$libinit$$00000017  c_w.l(libinit2.o)
    0x000002fa   0x00000000   Code   RO          525    .ARM.Collect$$libinit$$00000019  c_w.l(libinit2.o)
    0x000002fa   0x00000000   Code   RO          527    .ARM.Collect$$libinit$$0000001B  c_w.l(libinit2.o)
    0x000002fa   0x00000000   Code   RO          529    .ARM.Collect$$libinit$$0000001D  c_w.l(libinit2.o)
    0x000002fa   0x00000000   Code   RO          531    .ARM.Collect$$libinit$$0000001F  c_w.l(libinit2.o)
    0x000002fa   0x00000000   Code   RO          533    .ARM.Collect$$libinit$$00000021  c_w.l(libinit2.o)
    0x000002fa   0x00000000   Code   RO          535    .ARM.Collect$$libinit$$00000023  c_w.l(libinit2.o)
    0x000002fa   0x00000000   Code   RO          539    .ARM.Collect$$libinit$$0000002A  c_w.l(libinit2.o)
    0x000002fa   0x00000000   Code   RO          541    .ARM.Collect$$libinit$$0000002C  c_w.l(libinit2.o)
    0x000002fa   0x00000000   Code   RO          543    .ARM.Collect$$libinit$$0000002E  c_w.l(libinit2.o)
    0x000002fa   0x00000000   Code   RO          545    .ARM.Collect$$libinit$$00000030  c_w.l(libinit2.o)
    0x000002fa   0x00000002   Code   RO          546    .ARM.Collect$$libinit$$00000031  c_w.l(libinit2.o)
    0x000002fc   0x00000002   Code   RO          566    .ARM.Collect$$libshutdown$$00000000  c_w.l(libshutdown.o)
    0x000002fe   0x00000000   Code   RO          580    .ARM.Collect$$libshutdown$$00000003  c_w.l(libshutdown2.o)
    0x000002fe   0x00000000   Code   RO          583    .ARM.Collect$$libshutdown$$00000006  c_w.l(libshutdown2.o)
    0x000002fe   0x00000000   Code   RO          586    .ARM.Collect$$libshutdown$$00000009  c_w.l(libshutdown2.o)
    0x000002fe   0x00000000   Code   RO          588    .ARM.Collect$$libshutdown$$0000000B  c_w.l(libshutdown2.o)
    0x000002fe   0x00000000   Code   RO          591    .ARM.Collect$$libshutdown$$0000000E  c_w.l(libshutdown2.o)
    0x000002fe   0x00000002   Code   RO          592    .ARM.Collect$$libshutdown$$0000000F  c_w.l(libshutdown2.o)
    0x00000300   0x00000000   Code   RO          473    .ARM.Collect$$rtentry$$00000000  c_w.l(rtentry.o)
    0x00000300   0x00000000   Code   RO          475    .ARM.Collect$$rtentry$$00000002  c_w.l(rtentry2.o)
    0x00000300   0x00000006   Code   RO          487    .ARM.Collect$$rtentry$$00000004  c_w.l(rtentry4.o)
    0x00000306   0x00000000   Code   RO          477    .ARM.Collect$$rtentry$$00000009  c_w.l(rtentry2.o)
    0x00000306   0x00000004   Code   RO          478    .ARM.Collect$$rtentry$$0000000A  c_w.l(rtentry2.o)
    0x0000030a   0x00000000   Code   RO          480    .ARM.Collect$$rtentry$$0000000C  c_w.l(rtentry2.o)
    0x0000030a   0x00000008   Code   RO          481    .ARM.Collect$$rtentry$$0000000D  c_w.l(rtentry2.o)
    0x00000312   0x00000002   Code   RO          502    .ARM.Collect$$rtexit$$00000000  c_w.l(rtexit.o)
    0x00000314   0x00000000   Code   RO          548    .ARM.Collect$$rtexit$$00000002  c_w.l(rtexit2.o)
    0x00000314   0x00000004   Code   RO          549    .ARM.Collect$$rtexit$$00000003  c_w.l(rtexit2.o)
    0x00000318   0x00000006   Code   RO          550    .ARM.Collect$$rtexit$$00000004  c_w.l(rtexit2.o)
    0x0000031e   0x00000002   PAD
    0x00000320   0x00000030   Code   RO            4    .text               startup.o
    0x00000350   0x00000040   Code   RO           92    .text               random.o
    0x00000390   0x00000006   Code   RO          469    .text               c_w.l(heapauxi.o)
    0x00000396   0x0000004a   Code   RO          489    .text               c_w.l(sys_stackheap_outer.o)
    0x000003e0   0x0000000c   Code   RO          491    .text               c_w.l(exit.o)
    0x000003ec   0x00000008   Code   RO          499    .text               c_w.l(libspace.o)
    0x000003f4   0x0000000c   Code   RO          558    .text               c_w.l(sys_exit.o)
    0x00000400   0x00000002   Code   RO          569    .text               c_w.l(use_no_semi.o)
    0x00000402   0x00000000   Code   RO          571    .text               c_w.l(indicate_semi.o)
    0x00000402   0x00000002   PAD
    0x00000404   0x0000000c   Code   RO          257    i.ADC1_In           texas.o
    0x00000410   0x000000d4   Code   RO          258    i.ADC1_Init         texas.o
    0x000004e4   0x00000038   Code   RO          376    i.ADC_In            adc.o
    0x0000051c   0x000000e8   Code   RO          377    i.ADC_Init          adc.o
    0x00000604   0x0000006c   Code   RO           95    i.Bunker_Draw       spaceinvaders.o
    0x00000670   0x00000038   Code   RO           96    i.Bunker_Init       spaceinvaders.o
    0x000006a8   0x0000006c   Code   RO          415    i.DACInit           gamesound.o
    0x00000714   0x00000018   Code   RO          416    i.DACOut            gamesound.o
    0x0000072c   0x00000024   Code   RO           97    i.Delay100ms        spaceinvaders.o
    0x00000750   0x00000178   Code   RO           98    i.EnemyMissile_Draw  spaceinvaders.o
    0x000008c8   0x0000001c   Code   RO           99    i.EnemyMissile_Init  spaceinvaders.o
    0x000008e4   0x00000030   Code   RO          100    i.EnemyMissile_Move  spaceinvaders.o
    0x00000914   0x00000064   Code   RO          101    i.Enemy_Attack      spaceinvaders.o
    0x00000978   0x000000d8   Code   RO          102    i.Enemy_Draw        spaceinvaders.o
    0x00000a50   0x00000054   Code   RO          103    i.Enemy_Init        spaceinvaders.o
    0x00000aa4   0x0000005c   Code   RO          104    i.Enemy_Move        spaceinvaders.o
    0x00000b00   0x0000000e   Code   RO          417    i.GameSound_Init    gamesound.o
    0x00000b0e   0x00000002   PAD
    0x00000b10   0x00000010   Code   RO          418    i.GameSound_Play    gamesound.o
    0x00000b20   0x00000020   Code   RO           12    i.Nokia5110_Clear   nokia5110.o
    0x00000b40   0x00000018   Code   RO           13    i.Nokia5110_ClearBuffer  nokia5110.o
    0x00000b58   0x00000010   Code   RO           14    i.Nokia5110_DisplayBuffer  nokia5110.o
    0x00000b68   0x00000022   Code   RO           15    i.Nokia5110_DrawFullImage  nokia5110.o
    0x00000b8a   0x00000002   PAD
    0x00000b8c   0x0000016c   Code   RO           16    i.Nokia5110_Init    nokia5110.o
    0x00000cf8   0x00000038   Code   RO           17    i.Nokia5110_OutChar  nokia5110.o
    0x00000d30   0x00000016   Code   RO           18    i.Nokia5110_OutString  nokia5110.o
    0x00000d46   0x00000002   PAD
    0x00000d48   0x000001a8   Code   RO           20    i.Nokia5110_PrintBMP  nokia5110.o
    0x00000ef0   0x00000030   Code   RO           21    i.Nokia5110_SetCursor  nokia5110.o
    0x00000f20   0x0000007c   Code   RO          259    i.PLL_Init          texas.o
    0x00000f9c   0x00000174   Code   RO          105    i.PlayerMissile_Draw  spaceinvaders.o
    0x00001110   0x0000000c   Code   RO          106    i.PlayerMissile_Init  spaceinvaders.o
    0x0000111c   0x00000028   Code   RO          107    i.PlayerMissile_Move  spaceinvaders.o
    0x00001144   0x00000248   Code   RO          108    i.PlayerSpecMissile_Draw  spaceinvaders.o
    0x0000138c   0x0000001c   Code   RO          109    i.PlayerSpecMissile_Init  spaceinvaders.o
    0x000013a8   0x00000054   Code   RO          110    i.PlayerSpecMissile_Move  spaceinvaders.o
    0x000013fc   0x0000006c   Code   RO          111    i.Player_Draw       spaceinvaders.o
    0x00001468   0x0000001c   Code   RO          112    i.Player_Init       spaceinvaders.o
    0x00001484   0x00000014   Code   RO          113    i.Player_Move       spaceinvaders.o
    0x00001498   0x00000042   Code   RO          114    i.Reset_Game        spaceinvaders.o
    0x000014da   0x00000002   PAD
    0x000014dc   0x00000018   Code   RO          260    i.SetCode           texas.o
    0x000014f4   0x00000018   Code   RO          261    i.SetCourse         texas.o
    0x0000150c   0x00000010   Code   RO          398    i.Switch_Read       switch.o
    0x0000151c   0x000000f0   Code   RO          115    i.SysTick_Handler   spaceinvaders.o
    0x0000160c   0x0000001c   Code   RO          116    i.Systick_Init      spaceinvaders.o
    0x00001628   0x000001c4   Code   RO          265    i.TExaS_Init        texas.o
    0x000017ec   0x00000044   Code   RO          420    i.Timer2A_Handler   gamesound.o
    0x00001830   0x00000068   Code   RO          421    i.Timer2_Init       gamesound.o
    0x00001898   0x00000020   Code   RO          267    i.Timer4A_Handler   texas.o
    0x000018b8   0x00000030   Code   RO          268    i.Timer5A_Handler   texas.o
    0x000018e8   0x000000c0   Code   RO          271    i.UART0_Init        texas.o
    0x000019a8   0x00000014   Code   RO          117    i.Update_LCD        spaceinvaders.o
    0x000019bc   0x0000004c   Code   RO           22    i.lcdwrite          nokia5110.o
    0x00001a08   0x00000110   Code   RO          118    i.main              spaceinvaders.o
    0x00001b18   0x000001e0   Data   RO           24    .constdata          nokia5110.o
    0x00001cf8   0x0000113b   Data   RO          120    .constdata          spaceinvaders.o
    0x00002e33   0x00000168   Data   RO          276    .constdata          texas.o
    0x00002f9b   0x00000001   PAD
    0x00002f9c   0x00000080   Data   RO          422    .constdata          gamesound.o
    0x0000301c   0x00000020   Data   RO          623    Region$$Table       anon$$obj.o


    Execution Region ER_RW (Base: 0x20000000, Size: 0x0000005c, Max: 0xffffffff, ABSOLUTE)

    Base Addr    Size         Type   Attr      Idx    E Section Name        Object

    0x20000000   0x00000016   Data   RW          121    .data               spaceinvaders.o
    0x20000016   0x00000002   PAD
    0x20000018   0x00000034   Data   RW          277    .data               texas.o
    0x2000004c   0x00000004   Data   RW          378    .data               adc.o
    0x20000050   0x00000008   Data   RW          423    .data               gamesound.o
    0x20000058   0x00000004   Data   RW           91    DATA                random.o


    Execution Region ER_ZI (Base: 0x2000005c, Size: 0x00000794, Max: 0xffffffff, ABSOLUTE)

    Base Addr    Size         Type   Attr      Idx    E Section Name        Object

    0x2000005c   0x000001f8   Zero   RW           23    .bss                nokia5110.o
    0x20000254   0x00000100   Zero   RW          119    .bss                spaceinvaders.o
    0x20000354   0x00000004   PAD
    0x20000358   0x00000038   Zero   RW          275    .bss                texas.o
    0x20000390   0x00000060   Zero   RW          500    .bss                c_w.l(libspace.o)
    0x200003f0   0x00000000   Zero   RW            2    HEAP                startup.o
    0x200003f0   0x00000400   Zero   RW            1    STACK               startup.o


==============================================================================

Image component sizes


      Code (inc. data)   RO Data    RW Data    ZI Data      Debug   Object Name

       288         58          0          4          0        916   adc.o
       334         76        128          8          0       2892   gamesound.o
      1096         76        480          0        504       8529   nokia5110.o
        64         14          0          4          0        184   random.o
      3046        332       4411         22        256      13936   spaceinvaders.o
       692        632          0          0       1024        868   startup.o
        16          6          0          0          0        366   switch.o
      1120        244        360         52         56      15392   texas.o

    ----------------------------------------------------------------------
      6664       1438       5412         92       1844      43083   Object Totals
         0          0         32          0          0          0   (incl. Generated)
         8          0          1          2          4          0   (incl. Padding)

    ----------------------------------------------------------------------

      Code (inc. data)   RO Data    RW Data    ZI Data      Debug   Library Member Name

         8          0          0          0          0         68   __main.o
        52          8          0          0          0          0   __scatter.o
        26          0          0          0          0          0   __scatter_copy.o
        28          0          0          0          0          0   __scatter_zi.o
        12          0          0          0          0         72   exit.o
         6          0          0          0          0        152   heapauxi.o
         0          0          0          0          0          0   indicate_semi.o
         2          0          0          0          0          0   libinit.o
         2          0          0          0          0          0   libinit2.o
         2          0          0          0          0          0   libshutdown.o
         2          0          0          0          0          0   libshutdown2.o
         8          4          0          0         96         68   libspace.o
         0          0          0          0          0          0   rtentry.o
        12          0          0          0          0          0   rtentry2.o
         6          0          0          0          0          0   rtentry4.o
         2          0          0          0          0          0   rtexit.o
        10          0          0          0          0          0   rtexit2.o
        12          4          0          0          0         68   sys_exit.o
        74          0          0          0          0         80   sys_stackheap_outer.o
         2          0          0          0          0         68   use_no_semi.o

    ----------------------------------------------------------------------
       272         16          0          0         96        576   Library Totals
         6          0          0          0          0          0   (incl. Padding)

    ----------------------------------------------------------------------

      Code (inc. data)   RO Data    RW Data    ZI Data      Debug   Library Name

       266         16          0          0         96        576   c_w.l

    ----------------------------------------------------------------------
       272         16          0          0         96        576   Library Totals

    ----------------------------------------------------------------------

==============================================================================


      Code (inc. data)   RO Data    RW Data    ZI Data      Debug   

      6936       1454       5412         92       1940      40851   Grand Totals
      6936       1454       5412         92       1940      40851   ELF Image Totals
      6936       1454       5412         92          0          0   ROM Totals

==============================================================================

    Total RO  Size (Code + RO Data)                12348 (  12.06kB)
    Total RW  Size (RW Data + ZI Data)              2032 (   1.98kB)
    Total ROM Size (Code + RO Data + RW Data)      12440 (  12.15kB)

==============================================================================

